Archive member included to satisfy reference by file (symbol)

c:/program files (x86)/atollic/truestudio for stm32 9.3.0/armtools/bin/../lib/gcc/arm-atollic-eabi/6.3.1/../../../../arm-atollic-eabi/lib/armv7e-m/fpu\libc_nano.a(lib_a-init.o)
                              startup\startup_stm32f407xx.o (__libc_init_array)
c:/program files (x86)/atollic/truestudio for stm32 9.3.0/armtools/bin/../lib/gcc/arm-atollic-eabi/6.3.1/../../../../arm-atollic-eabi/lib/armv7e-m/fpu\libc_nano.a(lib_a-malloc.o)
                              Middlewares\ST\STM32_USB_Host_Library\Class\CDC\Src\usbh_cdc.o (malloc)
c:/program files (x86)/atollic/truestudio for stm32 9.3.0/armtools/bin/../lib/gcc/arm-atollic-eabi/6.3.1/../../../../arm-atollic-eabi/lib/armv7e-m/fpu\libc_nano.a(lib_a-memcmp.o)
                              Middlewares\Third_Party\LwIP\src\netif\ethernet.o (memcmp)
c:/program files (x86)/atollic/truestudio for stm32 9.3.0/armtools/bin/../lib/gcc/arm-atollic-eabi/6.3.1/../../../../arm-atollic-eabi/lib/armv7e-m/fpu\libc_nano.a(lib_a-memcpy-stub.o)
                              Middlewares\Third_Party\LwIP\src\apps\httpd\httpd.o (memcpy)
c:/program files (x86)/atollic/truestudio for stm32 9.3.0/armtools/bin/../lib/gcc/arm-atollic-eabi/6.3.1/../../../../arm-atollic-eabi/lib/armv7e-m/fpu\libc_nano.a(lib_a-memset.o)
                              Middlewares\Third_Party\LwIP\src\apps\httpd\httpd.o (memset)
c:/program files (x86)/atollic/truestudio for stm32 9.3.0/armtools/bin/../lib/gcc/arm-atollic-eabi/6.3.1/../../../../arm-atollic-eabi/lib/armv7e-m/fpu\libc_nano.a(lib_a-nano-freer.o)
                              c:/program files (x86)/atollic/truestudio for stm32 9.3.0/armtools/bin/../lib/gcc/arm-atollic-eabi/6.3.1/../../../../arm-atollic-eabi/lib/armv7e-m/fpu\libc_nano.a(lib_a-malloc.o) (_free_r)
c:/program files (x86)/atollic/truestudio for stm32 9.3.0/armtools/bin/../lib/gcc/arm-atollic-eabi/6.3.1/../../../../arm-atollic-eabi/lib/armv7e-m/fpu\libc_nano.a(lib_a-nano-mallocr.o)
                              c:/program files (x86)/atollic/truestudio for stm32 9.3.0/armtools/bin/../lib/gcc/arm-atollic-eabi/6.3.1/../../../../arm-atollic-eabi/lib/armv7e-m/fpu\libc_nano.a(lib_a-malloc.o) (_malloc_r)
c:/program files (x86)/atollic/truestudio for stm32 9.3.0/armtools/bin/../lib/gcc/arm-atollic-eabi/6.3.1/../../../../arm-atollic-eabi/lib/armv7e-m/fpu\libc_nano.a(lib_a-printf.o)
                              Middlewares\Third_Party\LwIP\src\apps\httpd\httpd.o (printf)
c:/program files (x86)/atollic/truestudio for stm32 9.3.0/armtools/bin/../lib/gcc/arm-atollic-eabi/6.3.1/../../../../arm-atollic-eabi/lib/armv7e-m/fpu\libc_nano.a(lib_a-reent.o)
                              Src\syscalls.o (errno)
c:/program files (x86)/atollic/truestudio for stm32 9.3.0/armtools/bin/../lib/gcc/arm-atollic-eabi/6.3.1/../../../../arm-atollic-eabi/lib/armv7e-m/fpu\libc_nano.a(lib_a-sbrkr.o)
                              c:/program files (x86)/atollic/truestudio for stm32 9.3.0/armtools/bin/../lib/gcc/arm-atollic-eabi/6.3.1/../../../../arm-atollic-eabi/lib/armv7e-m/fpu\libc_nano.a(lib_a-nano-mallocr.o) (_sbrk_r)
c:/program files (x86)/atollic/truestudio for stm32 9.3.0/armtools/bin/../lib/gcc/arm-atollic-eabi/6.3.1/../../../../arm-atollic-eabi/lib/armv7e-m/fpu\libc_nano.a(lib_a-strchr.o)
                              Middlewares\Third_Party\LwIP\src\apps\httpd\httpd.o (strchr)
c:/program files (x86)/atollic/truestudio for stm32 9.3.0/armtools/bin/../lib/gcc/arm-atollic-eabi/6.3.1/../../../../arm-atollic-eabi/lib/armv7e-m/fpu\libc_nano.a(lib_a-strcmp.o)
                              Middlewares\Third_Party\LwIP\src\apps\httpd\fs.o (strcmp)
c:/program files (x86)/atollic/truestudio for stm32 9.3.0/armtools/bin/../lib/gcc/arm-atollic-eabi/6.3.1/../../../../arm-atollic-eabi/lib/armv7e-m/fpu\libc_nano.a(lib_a-strlen.o)
                              Middlewares\Third_Party\LwIP\src\apps\httpd\httpd.o (strlen)
c:/program files (x86)/atollic/truestudio for stm32 9.3.0/armtools/bin/../lib/gcc/arm-atollic-eabi/6.3.1/../../../../arm-atollic-eabi/lib/armv7e-m/fpu\libc_nano.a(lib_a-strncmp.o)
                              Middlewares\Third_Party\LwIP\src\apps\httpd\httpd.o (strncmp)
c:/program files (x86)/atollic/truestudio for stm32 9.3.0/armtools/bin/../lib/gcc/arm-atollic-eabi/6.3.1/../../../../arm-atollic-eabi/lib/armv7e-m/fpu\libc_nano.a(lib_a-strstr.o)
                              Middlewares\Third_Party\LwIP\src\apps\httpd\httpd.o (strstr)
c:/program files (x86)/atollic/truestudio for stm32 9.3.0/armtools/bin/../lib/gcc/arm-atollic-eabi/6.3.1/../../../../arm-atollic-eabi/lib/armv7e-m/fpu\libc_nano.a(lib_a-findfp.o)
                              c:/program files (x86)/atollic/truestudio for stm32 9.3.0/armtools/bin/../lib/gcc/arm-atollic-eabi/6.3.1/../../../../arm-atollic-eabi/lib/armv7e-m/fpu\libc_nano.a(lib_a-printf.o) (__sinit)
[...]
Memory Configuration

Name             Origin             Length             Attributes
RAM              0x20000000         0x00020000         xrw
CCMRAM           0x10000000         0x00010000         rw
FLASH            0x08000000         0x00100000         xr
*default*        0x00000000         0xffffffff

Linker script and memory map

LOAD c:/program files (x86)/atollic/truestudio for stm32 9.3.0/armtools/bin/../lib/gcc/arm-atollic-eabi/6.3.1/armv7e-m/fpu/crti.o
LOAD c:/program files (x86)/atollic/truestudio for stm32 9.3.0/armtools/bin/../lib/gcc/arm-atollic-eabi/6.3.1/armv7e-m/fpu/crtbegin.o
LOAD Drivers\STM32F4xx_HAL_Driver\Src\stm32f4xx_hal.o
LOAD Drivers\STM32F4xx_HAL_Driver\Src\stm32f4xx_hal_cortex.o
LOAD Drivers\STM32F4xx_HAL_Driver\Src\stm32f4xx_hal_dma.o
LOAD Drivers\STM32F4xx_HAL_Driver\Src\stm32f4xx_hal_dma_ex.o
LOAD Drivers\STM32F4xx_HAL_Driver\Src\stm32f4xx_hal_eth.o
LOAD Drivers\STM32F4xx_HAL_Driver\Src\stm32f4xx_hal_exti.o
LOAD Drivers\STM32F4xx_HAL_Driver\Src\stm32f4xx_hal_flash.o
LOAD Drivers\STM32F4xx_HAL_Driver\Src\stm32f4xx_hal_flash_ex.o
LOAD Drivers\STM32F4xx_HAL_Driver\Src\stm32f4xx_hal_flash_ramfunc.o
LOAD Drivers\STM32F4xx_HAL_Driver\Src\stm32f4xx_hal_gpio.o
LOAD Drivers\STM32F4xx_HAL_Driver\Src\stm32f4xx_hal_hcd.o
LOAD Drivers\STM32F4xx_HAL_Driver\Src\stm32f4xx_hal_i2c.o
LOAD Drivers\STM32F4xx_HAL_Driver\Src\stm32f4xx_hal_i2c_ex.o
LOAD Drivers\STM32F4xx_HAL_Driver\Src\stm32f4xx_hal_i2s.o
LOAD Drivers\STM32F4xx_HAL_Driver\Src\stm32f4xx_hal_i2s_ex.o
LOAD Drivers\STM32F4xx_HAL_Driver\Src\stm32f4xx_hal_pwr.o
LOAD Drivers\STM32F4xx_HAL_Driver\Src\stm32f4xx_hal_pwr_ex.o
LOAD Drivers\STM32F4xx_HAL_Driver\Src\stm32f4xx_hal_rcc.o
LOAD Drivers\STM32F4xx_HAL_Driver\Src\stm32f4xx_hal_rcc_ex.o
LOAD Drivers\STM32F4xx_HAL_Driver\Src\stm32f4xx_hal_tim.o
LOAD Drivers\STM32F4xx_HAL_Driver\Src\stm32f4xx_hal_tim_ex.o
LOAD Drivers\STM32F4xx_HAL_Driver\Src\stm32f4xx_ll_usb.o
LOAD Middlewares\ST\STM32_USB_Host_Library\Class\CDC\Src\usbh_cdc.o
LOAD Middlewares\ST\STM32_USB_Host_Library\Core\Src\usbh_core.o
LOAD Middlewares\ST\STM32_USB_Host_Library\Core\Src\usbh_ctlreq.o
LOAD Middlewares\ST\STM32_USB_Host_Library\Core\Src\usbh_ioreq.o
LOAD Middlewares\ST\STM32_USB_Host_Library\Core\Src\usbh_pipes.o
LOAD Middlewares\Third_Party\LwIP\src\api\api_lib.o
LOAD Middlewares\Third_Party\LwIP\src\api\api_msg.o
LOAD Middlewares\Third_Party\LwIP\src\api\err.o
LOAD Middlewares\Third_Party\LwIP\src\api\netbuf.o
LOAD Middlewares\Third_Party\LwIP\src\api\netdb.o
LOAD Middlewares\Third_Party\LwIP\src\api\netifapi.o
LOAD Middlewares\Third_Party\LwIP\src\api\sockets.o
LOAD Middlewares\Third_Party\LwIP\src\api\tcpip.o
LOAD Middlewares\Third_Party\LwIP\src\apps\httpd\fs.o
LOAD Middlewares\Third_Party\LwIP\src\apps\httpd\httpd.o
LOAD Middlewares\Third_Party\LwIP\src\apps\mqtt\mqtt.o
LOAD Middlewares\Third_Party\LwIP\src\core\def.o
LOAD Middlewares\Third_Party\LwIP\src\core\dns.o
LOAD Middlewares\Third_Party\LwIP\src\core\inet_chksum.o
LOAD Middlewares\Third_Party\LwIP\src\core\init.o
LOAD Middlewares\Third_Party\LwIP\src\core\ip.o
LOAD Middlewares\Third_Party\LwIP\src\core\ipv4\autoip.o
LOAD Middlewares\Third_Party\LwIP\src\core\ipv4\dhcp.o
LOAD Middlewares\Third_Party\LwIP\src\core\ipv4\etharp.o
LOAD Middlewares\Third_Party\LwIP\src\core\ipv4\icmp.o
LOAD Middlewares\Third_Party\LwIP\src\core\ipv4\igmp.o
LOAD Middlewares\Third_Party\LwIP\src\core\ipv4\ip4.o
LOAD Middlewares\Third_Party\LwIP\src\core\ipv4\ip4_addr.o
LOAD Middlewares\Third_Party\LwIP\src\core\ipv4\ip4_frag.o
LOAD Middlewares\Third_Party\LwIP\src\core\ipv6\dhcp6.o
LOAD Middlewares\Third_Party\LwIP\src\core\ipv6\ethip6.o
LOAD Middlewares\Third_Party\LwIP\src\core\ipv6\icmp6.o
LOAD Middlewares\Third_Party\LwIP\src\core\ipv6\inet6.o
LOAD Middlewares\Third_Party\LwIP\src\core\ipv6\ip6.o
LOAD Middlewares\Third_Party\LwIP\src\core\ipv6\ip6_addr.o
LOAD Middlewares\Third_Party\LwIP\src\core\ipv6\ip6_frag.o
LOAD Middlewares\Third_Party\LwIP\src\core\ipv6\mld6.o
LOAD Middlewares\Third_Party\LwIP\src\core\ipv6\nd6.o
LOAD Middlewares\Third_Party\LwIP\src\core\mem.o
LOAD Middlewares\Third_Party\LwIP\src\core\memp.o
LOAD Middlewares\Third_Party\LwIP\src\core\netif.o
LOAD Middlewares\Third_Party\LwIP\src\core\pbuf.o
LOAD Middlewares\Third_Party\LwIP\src\core\raw.o
LOAD Middlewares\Third_Party\LwIP\src\core\stats.o
LOAD Middlewares\Third_Party\LwIP\src\core\sys.o
LOAD Middlewares\Third_Party\LwIP\src\core\tcp.o
LOAD Middlewares\Third_Party\LwIP\src\core\tcp_in.o
LOAD Middlewares\Third_Party\LwIP\src\core\tcp_out.o
LOAD Middlewares\Third_Party\LwIP\src\core\timeouts.o
LOAD Middlewares\Third_Party\LwIP\src\core\udp.o
LOAD Middlewares\Third_Party\LwIP\src\netif\ethernet.o
LOAD Middlewares\Third_Party\LwIP\src\netif\lowpan6.o
LOAD Middlewares\Third_Party\LwIP\src\netif\ppp\auth.o
LOAD Middlewares\Third_Party\LwIP\src\netif\ppp\ccp.o
LOAD Middlewares\Third_Party\LwIP\src\netif\ppp\chap-md5.o
LOAD Middlewares\Third_Party\LwIP\src\netif\ppp\chap-new.o
LOAD Middlewares\Third_Party\LwIP\src\netif\ppp\chap_ms.o
LOAD Middlewares\Third_Party\LwIP\src\netif\ppp\demand.o
LOAD Middlewares\Third_Party\LwIP\src\netif\ppp\eap.o
LOAD Middlewares\Third_Party\LwIP\src\netif\ppp\ecp.o
LOAD Middlewares\Third_Party\LwIP\src\netif\ppp\eui64.o
LOAD Middlewares\Third_Party\LwIP\src\netif\ppp\fsm.o
LOAD Middlewares\Third_Party\LwIP\src\netif\ppp\ipcp.o
LOAD Middlewares\Third_Party\LwIP\src\netif\ppp\ipv6cp.o
LOAD Middlewares\Third_Party\LwIP\src\netif\ppp\lcp.o
LOAD Middlewares\Third_Party\LwIP\src\netif\ppp\magic.o
LOAD Middlewares\Third_Party\LwIP\src\netif\ppp\mppe.o
LOAD Middlewares\Third_Party\LwIP\src\netif\ppp\multilink.o
LOAD Middlewares\Third_Party\LwIP\src\netif\ppp\ppp.o
LOAD Middlewares\Third_Party\LwIP\src\netif\ppp\pppapi.o
LOAD Middlewares\Third_Party\LwIP\src\netif\ppp\pppcrypt.o
LOAD Middlewares\Third_Party\LwIP\src\netif\ppp\pppoe.o
LOAD Middlewares\Third_Party\LwIP\src\netif\ppp\pppol2tp.o
LOAD Middlewares\Third_Party\LwIP\src\netif\ppp\pppos.o
LOAD Middlewares\Third_Party\LwIP\src\netif\ppp\upap.o
LOAD Middlewares\Third_Party\LwIP\src\netif\ppp\utils.o
LOAD Middlewares\Third_Party\LwIP\src\netif\ppp\vj.o
LOAD Middlewares\Third_Party\LwIP\src\netif\slipif.o
LOAD Src\ethernetif.o
LOAD Src\lwip.o
LOAD Src\main.o
LOAD Src\stm32f4xx_hal_msp.o
LOAD Src\stm32f4xx_it.o
LOAD Src\syscalls.o
LOAD Src\system_stm32f4xx.o
LOAD Src\usb_host.o
LOAD Src\usbh_conf.o
LOAD Src\usbh_platform.o
LOAD startup\startup_stm32f407xx.o
                0x00000080                malloc_getpagesize_P = 0x80
START GROUP
LOAD c:/program files (x86)/atollic/truestudio for stm32 9.3.0/armtools/bin/../lib/gcc/arm-atollic-eabi/6.3.1/../../../../arm-atollic-eabi/lib/armv7e-m/fpu\libc_nano.a
LOAD c:/program files (x86)/atollic/truestudio for stm32 9.3.0/armtools/bin/../lib/gcc/arm-atollic-eabi/6.3.1/../../../../arm-atollic-eabi/lib/armv7e-m/fpu\libm.a
END GROUP
START GROUP
LOAD c:/program files (x86)/atollic/truestudio for stm32 9.3.0/armtools/bin/../lib/gcc/arm-atollic-eabi/6.3.1/armv7e-m/fpu\libgcc.a
LOAD c:/program files (x86)/atollic/truestudio for stm32 9.3.0/armtools/bin/../lib/gcc/arm-atollic-eabi/6.3.1/../../../../arm-atollic-eabi/lib/armv7e-m/fpu\libc_nano.a
END GROUP
START GROUP
LOAD c:/program files (x86)/atollic/truestudio for stm32 9.3.0/armtools/bin/../lib/gcc/arm-atollic-eabi/6.3.1/armv7e-m/fpu\libgcc.a
LOAD c:/program files (x86)/atollic/truestudio for stm32 9.3.0/armtools/bin/../lib/gcc/arm-atollic-eabi/6.3.1/../../../../arm-atollic-eabi/lib/armv7e-m/fpu\libc_nano.a
LOAD c:/program files (x86)/atollic/truestudio for stm32 9.3.0/armtools/bin/../lib/gcc/arm-atollic-eabi/6.3.1/../../../../arm-atollic-eabi/lib/armv7e-m/fpu\libnosys.a
END GROUP
START GROUP
LOAD c:/program files (x86)/atollic/truestudio for stm32 9.3.0/armtools/bin/../lib/gcc/arm-atollic-eabi/6.3.1/armv7e-m/fpu\libgcc.a
LOAD c:/program files (x86)/atollic/truestudio for stm32 9.3.0/armtools/bin/../lib/gcc/arm-atollic-eabi/6.3.1/../../../../arm-atollic-eabi/lib/armv7e-m/fpu\libc_nano.a
LOAD c:/program files (x86)/atollic/truestudio for stm32 9.3.0/armtools/bin/../lib/gcc/arm-atollic-eabi/6.3.1/../../../../arm-atollic-eabi/lib/armv7e-m/fpu\libnosys.a
END GROUP
LOAD c:/program files (x86)/atollic/truestudio for stm32 9.3.0/armtools/bin/../lib/gcc/arm-atollic-eabi/6.3.1/armv7e-m/fpu/crtend.o
LOAD c:/program files (x86)/atollic/truestudio for stm32 9.3.0/armtools/bin/../lib/gcc/arm-atollic-eabi/6.3.1/armv7e-m/fpu/crtn.o
                0x20020000                _estack = 0x20020000
                0x00000200                _Min_Heap_Size = 0x200
                0x00000400                _Min_Stack_Size = 0x400

.isr_vector     0x08000000      0x188
                0x08000000                . = ALIGN (0x4)
 *(.isr_vector)
 .isr_vector    0x08000000      0x188 startup\startup_stm32f407xx.o
                0x08000000                g_pfnVectors
                0x08000188                . = ALIGN (0x4)

.text           0x08000190     0xb314
                0x08000190                . = ALIGN (0x4)
 *(.text)
 .text          0x08000190       0x40 c:/program files (x86)/atollic/truestudio for stm32 9.3.0/armtools/bin/../lib/gcc/arm-atollic-eabi/6.3.1/armv7e-m/fpu/crtbegin.o
 .text          0x080001d0       0x14 c:/program files (x86)/atollic/truestudio for stm32 9.3.0/armtools/bin/../lib/gcc/arm-atollic-eabi/6.3.1/../../../../arm-atollic-eabi/lib/armv7e-m/fpu\libc_nano.a(lib_a-strcmp.o)
                0x080001d0                strcmp
 .text          0x080001e4       0x10 c:/program files (x86)/atollic/truestudio for stm32 9.3.0/armtools/bin/../lib/gcc/arm-atollic-eabi/6.3.1/../../../../arm-atollic-eabi/lib/armv7e-m/fpu\libc_nano.a(lib_a-strlen.o)
                0x080001e4                strlen
 *fill*         0x080001f4        0xc 
 .text          0x08000200       0xa0 c:/program files (x86)/atollic/truestudio for stm32 9.3.0/armtools/bin/../lib/gcc/arm-atollic-eabi/6.3.1/../../../../arm-atollic-eabi/lib/armv7e-m/fpu\libc_nano.a(lib_a-memchr.o)
                0x08000200                memchr
 .text          0x080002a0       0x30 c:/program files (x86)/atollic/truestudio for stm32 9.3.0/armtools/bin/../lib/gcc/arm-atollic-eabi/6.3.1/armv7e-m/fpu\libgcc.a(_aeabi_uldivmod.o)
                0x080002a0                __aeabi_uldivmod
 .text          0x080002d0      0x2dc c:/program files (x86)/atollic/truestudio for stm32 9.3.0/armtools/bin/../lib/gcc/arm-atollic-eabi/6.3.1/armv7e-m/fpu\libgcc.a(_udivmoddi4.o)
                0x080002d0                __udivmoddi4
 .text          0x080005ac        0x4 c:/program files (x86)/atollic/truestudio for stm32 9.3.0/armtools/bin/../lib/gcc/arm-atollic-eabi/6.3.1/armv7e-m/fpu\libgcc.a(_dvmd_tls.o)
                0x080005ac                __aeabi_idiv0
                0x080005ac                __aeabi_ldiv0
 *(.text*)
 .text.HAL_InitTick
                0x080005b0       0x48 Drivers\STM32F4xx_HAL_Driver\Src\stm32f4xx_hal.o
                0x080005b0                HAL_InitTick
 .text.HAL_Init
                0x080005f8       0x34 Drivers\STM32F4xx_HAL_Driver\Src\stm32f4xx_hal.o
                0x080005f8                HAL_Init
 .text.HAL_IncTick
                0x0800062c       0x18 Drivers\STM32F4xx_HAL_Driver\Src\stm32f4xx_hal.o
                0x0800062c                HAL_IncTick
 .text.HAL_GetTick
                0x08000644        0xc Drivers\STM32F4xx_HAL_Driver\Src\stm32f4xx_hal.o
                0x08000644                HAL_GetTick
 .text.HAL_Delay
                0x08000650       0x28 Drivers\STM32F4xx_HAL_Driver\Src\stm32f4xx_hal.o
                0x08000650                HAL_Delay
 .text.HAL_NVIC_SetPriorityGrouping
                0x08000678       0x24 Drivers\STM32F4xx_HAL_Driver\Src\stm32f4xx_hal_cortex.o
                0x08000678                HAL_NVIC_SetPriorityGrouping
 .text.HAL_NVIC_SetPriority
                0x0800069c       0x68 Drivers\STM32F4xx_HAL_Driver\Src\stm32f4xx_hal_cortex.o
                0x0800069c                HAL_NVIC_SetPriority
 .text.HAL_NVIC_EnableIRQ
                0x08000704       0x1c Drivers\STM32F4xx_HAL_Driver\Src\stm32f4xx_hal_cortex.o
                0x08000704                HAL_NVIC_EnableIRQ
 .text.HAL_SYSTICK_Config
                0x08000720       0x2c Drivers\STM32F4xx_HAL_Driver\Src\stm32f4xx_hal_cortex.o
                0x08000720                HAL_SYSTICK_Config
 .text.ETH_Delay.constprop.4
                0x0800074c       0x24 Drivers\STM32F4xx_HAL_Driver\Src\stm32f4xx_hal_eth.o
 .text.ETH_FlushTransmitFIFO
                0x08000770       0x28 Drivers\STM32F4xx_HAL_Driver\Src\stm32f4xx_hal_eth.o
 .text.ETH_MACDMAConfig
                0x08000798       0xf8 Drivers\STM32F4xx_HAL_Driver\Src\stm32f4xx_hal_eth.o
 .text.HAL_ETH_DMATxDescListInit
                0x08000890       0x7a Drivers\STM32F4xx_HAL_Driver\Src\stm32f4xx_hal_eth.o
                0x08000890                HAL_ETH_DMATxDescListInit
 .text.HAL_ETH_DMARxDescListInit
                0x0800090a       0x78 Drivers\STM32F4xx_HAL_Driver\Src\stm32f4xx_hal_eth.o
                0x0800090a                HAL_ETH_DMARxDescListInit
 *fill*         0x08000982        0x2 
 .text.HAL_ETH_TransmitFrame
                0x08000984       0xe8 Drivers\STM32F4xx_HAL_Driver\Src\stm32f4xx_hal_eth.o
                0x08000984                HAL_ETH_TransmitFrame
 .text.HAL_ETH_GetReceivedFrame
                0x08000a6c       0x7e Drivers\STM32F4xx_HAL_Driver\Src\stm32f4xx_hal_eth.o
                0x08000a6c                HAL_ETH_GetReceivedFrame
 .text.HAL_ETH_ReadPHYRegister
                0x08000aea       0x74 Drivers\STM32F4xx_HAL_Driver\Src\stm32f4xx_hal_eth.o
                0x08000aea                HAL_ETH_ReadPHYRegister
 .text.HAL_ETH_WritePHYRegister
                0x08000b5e       0x6e Drivers\STM32F4xx_HAL_Driver\Src\stm32f4xx_hal_eth.o
                0x08000b5e                HAL_ETH_WritePHYRegister
 .text.HAL_ETH_Init
                0x08000bcc      0x1f8 Drivers\STM32F4xx_HAL_Driver\Src\stm32f4xx_hal_eth.o
                0x08000bcc                HAL_ETH_Init
 .text.HAL_ETH_Start
                0x08000dc4       0x78 Drivers\STM32F4xx_HAL_Driver\Src\stm32f4xx_hal_eth.o
                0x08000dc4                HAL_ETH_Start
 .text.HAL_GPIO_Init
                0x08000e3c      0x1c0 Drivers\STM32F4xx_HAL_Driver\Src\stm32f4xx_hal_gpio.o
                0x08000e3c                HAL_GPIO_Init
 .text.HAL_GPIO_WritePin
                0x08000ffc        0xa Drivers\STM32F4xx_HAL_Driver\Src\stm32f4xx_hal_gpio.o
                0x08000ffc                HAL_GPIO_WritePin
 .text.HAL_GPIO_TogglePin
                0x08001006        0xe Drivers\STM32F4xx_HAL_Driver\Src\stm32f4xx_hal_gpio.o
                0x08001006                HAL_GPIO_TogglePin
 .text.HAL_HCD_HC_Init
                0x08001014       0x70 Drivers\STM32F4xx_HAL_Driver\Src\stm32f4xx_hal_hcd.o
                0x08001014                HAL_HCD_HC_Init
 .text.HAL_HCD_HC_Halt
                0x08001084       0x24 Drivers\STM32F4xx_HAL_Driver\Src\stm32f4xx_hal_hcd.o
                0x08001084                HAL_HCD_HC_Halt
 .text.HAL_HCD_Init
                0x080010a8       0x94 Drivers\STM32F4xx_HAL_Driver\Src\stm32f4xx_hal_hcd.o
                0x080010a8                HAL_HCD_Init
 .text.HAL_HCD_HC_SubmitRequest
                0x0800113c       0xc4 Drivers\STM32F4xx_HAL_Driver\Src\stm32f4xx_hal_hcd.o
                0x0800113c                HAL_HCD_HC_SubmitRequest
 .text.HAL_HCD_IRQHandler
                0x08001200      0x638 Drivers\STM32F4xx_HAL_Driver\Src\stm32f4xx_hal_hcd.o
                0x08001200                HAL_HCD_IRQHandler
 .text.HAL_HCD_Start
                0x08001838       0x2c Drivers\STM32F4xx_HAL_Driver\Src\stm32f4xx_hal_hcd.o
                0x08001838                HAL_HCD_Start
 .text.HAL_HCD_Stop
                0x08001864       0x24 Drivers\STM32F4xx_HAL_Driver\Src\stm32f4xx_hal_hcd.o
                0x08001864                HAL_HCD_Stop
 .text.HAL_HCD_ResetPort
                0x08001888        0x6 Drivers\STM32F4xx_HAL_Driver\Src\stm32f4xx_hal_hcd.o
                0x08001888                HAL_HCD_ResetPort
 .text.HAL_HCD_HC_GetURBState
                0x0800188e        0xc Drivers\STM32F4xx_HAL_Driver\Src\stm32f4xx_hal_hcd.o
                0x0800188e                HAL_HCD_HC_GetURBState
 .text.HAL_HCD_HC_GetXferCount
                0x0800189a        0xa Drivers\STM32F4xx_HAL_Driver\Src\stm32f4xx_hal_hcd.o
                0x0800189a                HAL_HCD_HC_GetXferCount
 .text.HAL_HCD_GetCurrentFrame
                0x080018a4        0x6 Drivers\STM32F4xx_HAL_Driver\Src\stm32f4xx_hal_hcd.o
                0x080018a4                HAL_HCD_GetCurrentFrame
 .text.HAL_HCD_GetCurrentSpeed
                0x080018aa        0x6 Drivers\STM32F4xx_HAL_Driver\Src\stm32f4xx_hal_hcd.o
                0x080018aa                HAL_HCD_GetCurrentSpeed
 .text.HAL_I2C_Init
                0x080018b0      0x158 Drivers\STM32F4xx_HAL_Driver\Src\stm32f4xx_hal_i2c.o
                0x080018b0                HAL_I2C_Init
 .text.HAL_I2S_Init
                0x08001a08      0x130 Drivers\STM32F4xx_HAL_Driver\Src\stm32f4xx_hal_i2s.o
                0x08001a08                HAL_I2S_Init
 .text.HAL_I2S_TxCpltCallback
                0x08001b38        0x2 Drivers\STM32F4xx_HAL_Driver\Src\stm32f4xx_hal_i2s.o
                0x08001b38                HAL_I2S_TxCpltCallback
 .text.HAL_I2S_RxCpltCallback
                0x08001b3a        0x2 Drivers\STM32F4xx_HAL_Driver\Src\stm32f4xx_hal_i2s.o
                0x08001b3a                HAL_I2S_RxCpltCallback
 .text.HAL_I2S_ErrorCallback
                0x08001b3c        0x2 Drivers\STM32F4xx_HAL_Driver\Src\stm32f4xx_hal_i2s.o
                0x08001b3c                HAL_I2S_ErrorCallback
 .text.I2S_IRQHandler
                0x08001b3e       0xfa Drivers\STM32F4xx_HAL_Driver\Src\stm32f4xx_hal_i2s.o
 .text.HAL_I2SEx_TxRxCpltCallback
                0x08001c38        0x2 Drivers\STM32F4xx_HAL_Driver\Src\stm32f4xx_hal_i2s_ex.o
                0x08001c38                HAL_I2SEx_TxRxCpltCallback
 *fill*         0x08001c3a        0x2 
 .text.HAL_I2SEx_FullDuplex_IRQHandler
                0x08001c3c      0x23c Drivers\STM32F4xx_HAL_Driver\Src\stm32f4xx_hal_i2s_ex.o
                0x08001c3c                HAL_I2SEx_FullDuplex_IRQHandler
 .text.HAL_RCC_OscConfig
                0x08001e78      0x34c Drivers\STM32F4xx_HAL_Driver\Src\stm32f4xx_hal_rcc.o
                0x08001e78                HAL_RCC_OscConfig
 .text.HAL_RCC_GetSysClockFreq
                0x080021c4       0x5c Drivers\STM32F4xx_HAL_Driver\Src\stm32f4xx_hal_rcc.o
                0x080021c4                HAL_RCC_GetSysClockFreq
 .text.HAL_RCC_ClockConfig
                0x08002220      0x138 Drivers\STM32F4xx_HAL_Driver\Src\stm32f4xx_hal_rcc.o
                0x08002220                HAL_RCC_ClockConfig
 .text.HAL_RCC_GetHCLKFreq
                0x08002358        0xc Drivers\STM32F4xx_HAL_Driver\Src\stm32f4xx_hal_rcc.o
                0x08002358                HAL_RCC_GetHCLKFreq
 .text.HAL_RCC_GetPCLK1Freq
                0x08002364       0x20 Drivers\STM32F4xx_HAL_Driver\Src\stm32f4xx_hal_rcc.o
                0x08002364                HAL_RCC_GetPCLK1Freq
 .text.HAL_RCCEx_PeriphCLKConfig
                0x08002384      0x130 Drivers\STM32F4xx_HAL_Driver\Src\stm32f4xx_hal_rcc_ex.o
                0x08002384                HAL_RCCEx_PeriphCLKConfig
 .text.HAL_RCCEx_GetPeriphCLKFreq
                0x080024b4       0x5c Drivers\STM32F4xx_HAL_Driver\Src\stm32f4xx_hal_rcc_ex.o
                0x080024b4                HAL_RCCEx_GetPeriphCLKFreq
 .text.USB_CoreReset
                0x08002510       0x30 Drivers\STM32F4xx_HAL_Driver\Src\stm32f4xx_ll_usb.o
 .text.USB_CoreInit
                0x08002540       0x80 Drivers\STM32F4xx_HAL_Driver\Src\stm32f4xx_ll_usb.o
                0x08002540                USB_CoreInit
 .text.USB_EnableGlobalInt
                0x080025c0        0xc Drivers\STM32F4xx_HAL_Driver\Src\stm32f4xx_ll_usb.o
                0x080025c0                USB_EnableGlobalInt
 .text.USB_DisableGlobalInt
                0x080025cc        0xc Drivers\STM32F4xx_HAL_Driver\Src\stm32f4xx_ll_usb.o
                0x080025cc                USB_DisableGlobalInt
 .text.USB_SetCurrentMode
                0x080025d8       0x2e Drivers\STM32F4xx_HAL_Driver\Src\stm32f4xx_ll_usb.o
                0x080025d8                USB_SetCurrentMode
 *fill*         0x08002606        0x2 
 .text.USB_FlushTxFifo
                0x08002608       0x24 Drivers\STM32F4xx_HAL_Driver\Src\stm32f4xx_ll_usb.o
                0x08002608                USB_FlushTxFifo
 .text.USB_FlushRxFifo
                0x0800262c       0x20 Drivers\STM32F4xx_HAL_Driver\Src\stm32f4xx_ll_usb.o
                0x0800262c                USB_FlushRxFifo
 .text.USB_WritePacket
                0x0800264c       0x28 Drivers\STM32F4xx_HAL_Driver\Src\stm32f4xx_ll_usb.o
                0x0800264c                USB_WritePacket
 .text.USB_ReadPacket
                0x08002674       0x1c Drivers\STM32F4xx_HAL_Driver\Src\stm32f4xx_ll_usb.o
                0x08002674                USB_ReadPacket
 .text.USB_ReadInterrupts
                0x08002690        0x8 Drivers\STM32F4xx_HAL_Driver\Src\stm32f4xx_ll_usb.o
                0x08002690                USB_ReadInterrupts
 .text.USB_GetMode
                0x08002698        0x8 Drivers\STM32F4xx_HAL_Driver\Src\stm32f4xx_ll_usb.o
                0x08002698                USB_GetMode
 .text.USB_InitFSLSPClkSel
                0x080026a0       0x38 Drivers\STM32F4xx_HAL_Driver\Src\stm32f4xx_ll_usb.o
                0x080026a0                USB_InitFSLSPClkSel
 .text.USB_ResetPort
                0x080026d8       0x3c Drivers\STM32F4xx_HAL_Driver\Src\stm32f4xx_ll_usb.o
                0x080026d8                USB_ResetPort
 .text.USB_DriveVbus
                0x08002714       0x40 Drivers\STM32F4xx_HAL_Driver\Src\stm32f4xx_ll_usb.o
                0x08002714                USB_DriveVbus
 .text.USB_HostInit
                0x08002754       0xe0 Drivers\STM32F4xx_HAL_Driver\Src\stm32f4xx_ll_usb.o
                0x08002754                USB_HostInit
 .text.USB_GetHostSpeed
                0x08002834       0x16 Drivers\STM32F4xx_HAL_Driver\Src\stm32f4xx_ll_usb.o
                0x08002834                USB_GetHostSpeed
 .text.USB_GetCurrentFrame
                0x0800284a        0xa Drivers\STM32F4xx_HAL_Driver\Src\stm32f4xx_ll_usb.o
                0x0800284a                USB_GetCurrentFrame
 .text.USB_HC_Init
                0x08002854      0x10a Drivers\STM32F4xx_HAL_Driver\Src\stm32f4xx_ll_usb.o
                0x08002854                USB_HC_Init
 .text.USB_HC_ReadInterrupt
                0x0800295e        0xa Drivers\STM32F4xx_HAL_Driver\Src\stm32f4xx_ll_usb.o
                0x0800295e                USB_HC_ReadInterrupt
 .text.USB_HC_Halt
                0x08002968       0xa4 Drivers\STM32F4xx_HAL_Driver\Src\stm32f4xx_ll_usb.o
                0x08002968                USB_HC_Halt
 .text.USB_DoPing
                0x08002a0c       0x24 Drivers\STM32F4xx_HAL_Driver\Src\stm32f4xx_ll_usb.o
                0x08002a0c                USB_DoPing
 .text.USB_HC_StartXfer
                0x08002a30      0x164 Drivers\STM32F4xx_HAL_Driver\Src\stm32f4xx_ll_usb.o
                0x08002a30                USB_HC_StartXfer
 .text.USB_StopHost
                0x08002b94       0x6c Drivers\STM32F4xx_HAL_Driver\Src\stm32f4xx_ll_usb.o
                0x08002b94                USB_StopHost
 .text.USBH_CDC_SOFProcess
                0x08002c00        0x4 Middlewares\ST\STM32_USB_Host_Library\Class\CDC\Src\usbh_cdc.o
 .text.USBH_CDC_InterfaceDeInit
                0x08002c04       0x62 Middlewares\ST\STM32_USB_Host_Library\Class\CDC\Src\usbh_cdc.o
 .text.USBH_CDC_InterfaceInit
                0x08002c66      0x12a Middlewares\ST\STM32_USB_Host_Library\Class\CDC\Src\usbh_cdc.o
 .text.USBH_CDC_ClassRequest
                0x08002d90       0x34 Middlewares\ST\STM32_USB_Host_Library\Class\CDC\Src\usbh_cdc.o
 .text.USBH_CDC_TransmitCallback
                0x08002dc4        0x2 Middlewares\ST\STM32_USB_Host_Library\Class\CDC\Src\usbh_cdc.o
                0x08002dc4                USBH_CDC_TransmitCallback
 .text.USBH_CDC_ReceiveCallback
                0x08002dc6        0x2 Middlewares\ST\STM32_USB_Host_Library\Class\CDC\Src\usbh_cdc.o
                0x08002dc6                USBH_CDC_ReceiveCallback
 .text.USBH_CDC_LineCodingChanged
                0x08002dc8        0x2 Middlewares\ST\STM32_USB_Host_Library\Class\CDC\Src\usbh_cdc.o
                0x08002dc8                USBH_CDC_LineCodingChanged
 .text.USBH_CDC_Process
                0x08002dca      0x172 Middlewares\ST\STM32_USB_Host_Library\Class\CDC\Src\usbh_cdc.o
 .text.DeInitStateMachine
                0x08002f3c       0x44 Middlewares\ST\STM32_USB_Host_Library\Core\Src\usbh_core.o
 .text.USBH_Init
                0x08002f80       0x2e Middlewares\ST\STM32_USB_Host_Library\Core\Src\usbh_core.o
                0x08002f80                USBH_Init
 .text.USBH_RegisterClass
                0x08002fae       0x1a Middlewares\ST\STM32_USB_Host_Library\Core\Src\usbh_core.o
                0x08002fae                USBH_RegisterClass
 .text.USBH_SelectInterface
                0x08002fc8       0x12 Middlewares\ST\STM32_USB_Host_Library\Core\Src\usbh_core.o
                0x08002fc8                USBH_SelectInterface
 .text.USBH_FindInterface
                0x08002fda       0x3a Middlewares\ST\STM32_USB_Host_Library\Core\Src\usbh_core.o
                0x08002fda                USBH_FindInterface
 .text.USBH_Start
                0x08003014       0x14 Middlewares\ST\STM32_USB_Host_Library\Core\Src\usbh_core.o
                0x08003014                USBH_Start
 .text.USBH_Process
                0x08003028      0x28a Middlewares\ST\STM32_USB_Host_Library\Core\Src\usbh_core.o
                0x08003028                USBH_Process
 .text.USBH_LL_SetTimer
                0x080032b2        0x6 Middlewares\ST\STM32_USB_Host_Library\Core\Src\usbh_core.o
                0x080032b2                USBH_LL_SetTimer
 .text.USBH_LL_IncTimer
                0x080032b8       0x1c Middlewares\ST\STM32_USB_Host_Library\Core\Src\usbh_core.o
                0x080032b8                USBH_LL_IncTimer
 .text.USBH_LL_PortEnabled
                0x080032d4        0x8 Middlewares\ST\STM32_USB_Host_Library\Core\Src\usbh_core.o
                0x080032d4                USBH_LL_PortEnabled
 .text.USBH_LL_PortDisabled
                0x080032dc        0x8 Middlewares\ST\STM32_USB_Host_Library\Core\Src\usbh_core.o
                0x080032dc                USBH_LL_PortDisabled
 .text.USBH_LL_Connect
                0x080032e4       0x28 Middlewares\ST\STM32_USB_Host_Library\Core\Src\usbh_core.o
                0x080032e4                USBH_LL_Connect
 .text.USBH_LL_Disconnect
                0x0800330c       0x38 Middlewares\ST\STM32_USB_Host_Library\Core\Src\usbh_core.o
                0x0800330c                USBH_LL_Disconnect
 .text.USBH_CtlReq
                0x08003344      0x182 Middlewares\ST\STM32_USB_Host_Library\Core\Src\usbh_ctlreq.o
                0x08003344                USBH_CtlReq
 .text.USBH_GetDescriptor
                0x080034c6       0x38 Middlewares\ST\STM32_USB_Host_Library\Core\Src\usbh_ctlreq.o
                0x080034c6                USBH_GetDescriptor
 .text.USBH_Get_DevDesc
                0x080034fe       0x90 Middlewares\ST\STM32_USB_Host_Library\Core\Src\usbh_ctlreq.o
                0x080034fe                USBH_Get_DevDesc
 .text.USBH_Get_CfgDesc
                0x0800358e      0x11c Middlewares\ST\STM32_USB_Host_Library\Core\Src\usbh_ctlreq.o
                0x0800358e                USBH_Get_CfgDesc
 .text.USBH_Get_StringDesc
                0x080036aa       0x4e Middlewares\ST\STM32_USB_Host_Library\Core\Src\usbh_ctlreq.o
                0x080036aa                USBH_Get_StringDesc
 .text.USBH_SetAddress
                0x080036f8       0x1c Middlewares\ST\STM32_USB_Host_Library\Core\Src\usbh_ctlreq.o
                0x080036f8                USBH_SetAddress
 .text.USBH_SetCfg
                0x08003714       0x1c Middlewares\ST\STM32_USB_Host_Library\Core\Src\usbh_ctlreq.o
                0x08003714                USBH_SetCfg
 .text.USBH_SetFeature
                0x08003730       0x1c Middlewares\ST\STM32_USB_Host_Library\Core\Src\usbh_ctlreq.o
                0x08003730                USBH_SetFeature
 .text.USBH_ClrFeature
                0x0800374c       0x1c Middlewares\ST\STM32_USB_Host_Library\Core\Src\usbh_ctlreq.o
                0x0800374c                USBH_ClrFeature
 .text.USBH_CtlSendSetup
                0x08003768       0x22 Middlewares\ST\STM32_USB_Host_Library\Core\Src\usbh_ioreq.o
                0x08003768                USBH_CtlSendSetup
 .text.USBH_CtlSendData
                0x0800378a       0x2e Middlewares\ST\STM32_USB_Host_Library\Core\Src\usbh_ioreq.o
                0x0800378a                USBH_CtlSendData
 .text.USBH_CtlReceiveData
                0x080037b8       0x20 Middlewares\ST\STM32_USB_Host_Library\Core\Src\usbh_ioreq.o
                0x080037b8                USBH_CtlReceiveData
 .text.USBH_BulkSendData
                0x080037d8       0x2e Middlewares\ST\STM32_USB_Host_Library\Core\Src\usbh_ioreq.o
                0x080037d8                USBH_BulkSendData
 .text.USBH_BulkReceiveData
                0x08003806       0x20 Middlewares\ST\STM32_USB_Host_Library\Core\Src\usbh_ioreq.o
                0x08003806                USBH_BulkReceiveData
 .text.USBH_OpenPipe
                0x08003826       0x1e Middlewares\ST\STM32_USB_Host_Library\Core\Src\usbh_pipes.o
                0x08003826                USBH_OpenPipe
 .text.USBH_ClosePipe
                0x08003844        0xa Middlewares\ST\STM32_USB_Host_Library\Core\Src\usbh_pipes.o
                0x08003844                USBH_ClosePipe
 .text.USBH_AllocPipe
                0x0800384e       0x2e Middlewares\ST\STM32_USB_Host_Library\Core\Src\usbh_pipes.o
                0x0800384e                USBH_AllocPipe
 .text.USBH_FreePipe
                0x0800387c       0x18 Middlewares\ST\STM32_USB_Host_Library\Core\Src\usbh_pipes.o
                0x0800387c                USBH_FreePipe
 .text.fs_open_custom
                0x08003894       0xc4 Middlewares\Third_Party\LwIP\src\apps\httpd\fs.o
                0x08003894                fs_open_custom
 .text.fs_close_custom
                0x08003958       0x18 Middlewares\Third_Party\LwIP\src\apps\httpd\fs.o
                0x08003958                fs_close_custom
 .text.fs_open  0x08003970       0x24 Middlewares\Third_Party\LwIP\src\apps\httpd\fs.o
                0x08003970                fs_open
 .text.fs_close
                0x08003994        0xa Middlewares\Third_Party\LwIP\src\apps\httpd\fs.o
                0x08003994                fs_close
 .text.fs_bytes_left
                0x0800399e        0x8 Middlewares\Third_Party\LwIP\src\apps\httpd\fs.o
                0x0800399e                fs_bytes_left
 *fill*         0x080039a6        0x2 
 .text.http_write
                0x080039a8       0x7c Middlewares\Third_Party\LwIP\src\apps\httpd\httpd.o
 .text.http_state_eof
                0x08003a24       0x1e Middlewares\Third_Party\LwIP\src\apps\httpd\httpd.o
 *fill*         0x08003a42        0x2 
 .text.http_get_404_file
                0x08003a44       0x3c Middlewares\Third_Party\LwIP\src\apps\httpd\httpd.o
 .text.http_accept
                0x08003a80       0x78 Middlewares\Third_Party\LwIP\src\apps\httpd\httpd.o
 .text.http_close_conn
                0x08003af8       0x58 Middlewares\Third_Party\LwIP\src\apps\httpd\httpd.o
 .text.http_check_eof
                0x08003b50       0x3c Middlewares\Third_Party\LwIP\src\apps\httpd\httpd.o
 .text.http_send
                0x08003b8c      0x168 Middlewares\Third_Party\LwIP\src\apps\httpd\httpd.o
 .text.http_sent
                0x08003cf4       0x18 Middlewares\Third_Party\LwIP\src\apps\httpd\httpd.o
 .text.http_poll
                0x08003d0c       0x3a Middlewares\Third_Party\LwIP\src\apps\httpd\httpd.o
 *fill*         0x08003d46        0x2 
 .text.http_recv
                0x08003d48      0x428 Middlewares\Third_Party\LwIP\src\apps\httpd\httpd.o
 .text.http_err
                0x08004170       0x16 Middlewares\Third_Party\LwIP\src\apps\httpd\httpd.o
 *fill*         0x08004186        0x2 
 .text.httpd_init
                0x08004188       0x80 Middlewares\Third_Party\LwIP\src\apps\httpd\httpd.o
                0x08004188                httpd_init
 .text.lwip_htons
                0x08004208        0x6 Middlewares\Third_Party\LwIP\src\core\def.o
                0x08004208                lwip_htons
 .text.lwip_htonl
                0x0800420e        0x4 Middlewares\Third_Party\LwIP\src\core\def.o
                0x0800420e                lwip_htonl
 .text.lwip_strnstr
                0x08004212       0x3c Middlewares\Third_Party\LwIP\src\core\def.o
                0x08004212                lwip_strnstr
 .text.lwip_stricmp
                0x0800424e       0x2e Middlewares\Third_Party\LwIP\src\core\def.o
                0x0800424e                lwip_stricmp
 .text.lwip_itoa
                0x0800427c       0x54 Middlewares\Third_Party\LwIP\src\core\def.o
                0x0800427c                lwip_itoa
 .text.lwip_init
                0x080042d0       0x1e Middlewares\Third_Party\LwIP\src\core\init.o
                0x080042d0                lwip_init
 *fill*         0x080042ee        0x2 
 .text.etharp_free_entry
                0x080042f0       0x28 Middlewares\Third_Party\LwIP\src\core\ipv4\etharp.o
 .text.etharp_raw
                0x08004318       0xd8 Middlewares\Third_Party\LwIP\src\core\ipv4\etharp.o
 .text.etharp_find_entry.isra.0
                0x080043f0      0x114 Middlewares\Third_Party\LwIP\src\core\ipv4\etharp.o
 .text.etharp_cleanup_netif
                0x08004504       0x28 Middlewares\Third_Party\LwIP\src\core\ipv4\etharp.o
                0x08004504                etharp_cleanup_netif
 .text.etharp_input
                0x0800452c      0x13c Middlewares\Third_Party\LwIP\src\core\ipv4\etharp.o
                0x0800452c                etharp_input
 .text.etharp_request
                0x08004668       0x2c Middlewares\Third_Party\LwIP\src\core\ipv4\etharp.o
                0x08004668                etharp_request
 .text.etharp_tmr
                0x08004694       0x54 Middlewares\Third_Party\LwIP\src\core\ipv4\etharp.o
                0x08004694                etharp_tmr
 .text.etharp_output_to_arp_index
                0x080046e8       0xb8 Middlewares\Third_Party\LwIP\src\core\ipv4\etharp.o
 .text.etharp_query
                0x080047a0      0x150 Middlewares\Third_Party\LwIP\src\core\ipv4\etharp.o
                0x080047a0                etharp_query
 .text.etharp_output
                0x080048f0      0x128 Middlewares\Third_Party\LwIP\src\core\ipv4\etharp.o
                0x080048f0                etharp_output
 .text.icmp_send_response.isra.0
                0x08004a18       0x94 Middlewares\Third_Party\LwIP\src\core\ipv4\icmp.o
 .text.icmp_input
                0x08004aac      0x130 Middlewares\Third_Party\LwIP\src\core\ipv4\icmp.o
                0x08004aac                icmp_input
 .text.icmp_dest_unreach
                0x08004bdc        0xa Middlewares\Third_Party\LwIP\src\core\ipv4\icmp.o
                0x08004bdc                icmp_dest_unreach
 .text.icmp_time_exceeded
                0x08004be6        0xa Middlewares\Third_Party\LwIP\src\core\ipv4\icmp.o
                0x08004be6                icmp_time_exceeded
 .text.ip4_route
                0x08004bf0       0x58 Middlewares\Third_Party\LwIP\src\core\ipv4\ip4.o
                0x08004bf0                ip4_route
 .text.ip4_input
                0x08004c48      0x184 Middlewares\Third_Party\LwIP\src\core\ipv4\ip4.o
                0x08004c48                ip4_input
 .text.ip4_output_if_src
                0x08004dcc       0xf0 Middlewares\Third_Party\LwIP\src\core\ipv4\ip4.o
                0x08004dcc                ip4_output_if_src
 .text.ip4_output_if
                0x08004ebc       0x22 Middlewares\Third_Party\LwIP\src\core\ipv4\ip4.o
                0x08004ebc                ip4_output_if
 .text.ip4_addr_isbroadcast_u32
                0x08004ede       0x32 Middlewares\Third_Party\LwIP\src\core\ipv4\ip4_addr.o
                0x08004ede                ip4_addr_isbroadcast_u32
 .text.ip_reass_dequeue_datagram
                0x08004f10       0x44 Middlewares\Third_Party\LwIP\src\core\ipv4\ip4_frag.o
 .text.ip_reass_free_complete_datagram
                0x08004f54       0xe8 Middlewares\Third_Party\LwIP\src\core\ipv4\ip4_frag.o
 .text.ip_reass_remove_oldest_datagram
                0x0800503c       0x78 Middlewares\Third_Party\LwIP\src\core\ipv4\ip4_frag.o
 .text.ip_frag_free_pbuf_custom_ref
                0x080050b4       0x2c Middlewares\Third_Party\LwIP\src\core\ipv4\ip4_frag.o
 .text.ipfrag_free_pbuf_custom
                0x080050e0       0x34 Middlewares\Third_Party\LwIP\src\core\ipv4\ip4_frag.o
 .text.ip_reass_tmr
                0x08005114       0x28 Middlewares\Third_Party\LwIP\src\core\ipv4\ip4_frag.o
                0x08005114                ip_reass_tmr
 .text.ip4_reass
                0x0800513c      0x354 Middlewares\Third_Party\LwIP\src\core\ipv4\ip4_frag.o
                0x0800513c                ip4_reass
 .text.ip4_frag
                0x08005490      0x1b4 Middlewares\Third_Party\LwIP\src\core\ipv4\ip4_frag.o
                0x08005490                ip4_frag
 .text.mem_init
                0x08005644       0x40 Middlewares\Third_Party\LwIP\src\core\mem.o
                0x08005644                mem_init
 .text.mem_free
                0x08005684      0x150 Middlewares\Third_Party\LwIP\src\core\mem.o
                0x08005684                mem_free
 .text.mem_trim
                0x080057d4       0xf0 Middlewares\Third_Party\LwIP\src\core\mem.o
                0x080057d4                mem_trim
 .text.mem_malloc
                0x080058c4      0x124 Middlewares\Third_Party\LwIP\src\core\mem.o
                0x080058c4                mem_malloc
 .text.do_memp_malloc_pool.isra.0
                0x080059e8       0x2c Middlewares\Third_Party\LwIP\src\core\memp.o
 .text.do_memp_free_pool.isra.1
                0x08005a14       0x30 Middlewares\Third_Party\LwIP\src\core\memp.o
 .text.memp_init_pool
                0x08005a44       0x26 Middlewares\Third_Party\LwIP\src\core\memp.o
                0x08005a44                memp_init_pool
 *fill*         0x08005a6a        0x2 
 .text.memp_init
                0x08005a6c       0x1c Middlewares\Third_Party\LwIP\src\core\memp.o
                0x08005a6c                memp_init
 .text.memp_malloc
                0x08005a88       0x38 Middlewares\Third_Party\LwIP\src\core\memp.o
                0x08005a88                memp_malloc
 .text.memp_free
                0x08005ac0       0x34 Middlewares\Third_Party\LwIP\src\core\memp.o
                0x08005ac0                memp_free
 .text.netif_issue_reports.part.0
                0x08005af4       0x12 Middlewares\Third_Party\LwIP\src\core\netif.o
 .text.netif_init
                0x08005b06        0x2 Middlewares\Third_Party\LwIP\src\core\netif.o
                0x08005b06                netif_init
 .text.netif_set_ipaddr
                0x08005b08       0x44 Middlewares\Third_Party\LwIP\src\core\netif.o
                0x08005b08                netif_set_ipaddr
 .text.netif_set_addr
                0x08005b4c       0x38 Middlewares\Third_Party\LwIP\src\core\netif.o
                0x08005b4c                netif_set_addr
 .text.netif_add
                0x08005b84       0x7c Middlewares\Third_Party\LwIP\src\core\netif.o
                0x08005b84                netif_add
 .text.netif_set_default
                0x08005c00        0xc Middlewares\Third_Party\LwIP\src\core\netif.o
                0x08005c00                netif_set_default
 .text.netif_set_up
                0x08005c0c       0x1e Middlewares\Third_Party\LwIP\src\core\netif.o
                0x08005c0c                netif_set_up
 .text.netif_set_down
                0x08005c2a       0x1a Middlewares\Third_Party\LwIP\src\core\netif.o
                0x08005c2a                netif_set_down
 .text.pbuf_header_impl
                0x08005c44       0x9c Middlewares\Third_Party\LwIP\src\core\pbuf.o
 .text.pbuf_free_ooseq
                0x08005ce0       0x2c Middlewares\Third_Party\LwIP\src\core\pbuf.o
                0x08005ce0                pbuf_free_ooseq
 .text.pbuf_alloced_custom
                0x08005d0c       0x70 Middlewares\Third_Party\LwIP\src\core\pbuf.o
                0x08005d0c                pbuf_alloced_custom
 .text.pbuf_header
                0x08005d7c        0x6 Middlewares\Third_Party\LwIP\src\core\pbuf.o
                0x08005d7c                pbuf_header
 .text.pbuf_header_force
                0x08005d82        0x6 Middlewares\Third_Party\LwIP\src\core\pbuf.o
                0x08005d82                pbuf_header_force
 .text.pbuf_free
                0x08005d88       0xc4 Middlewares\Third_Party\LwIP\src\core\pbuf.o
                0x08005d88                pbuf_free
 .text.pbuf_alloc
                0x08005e4c      0x1c0 Middlewares\Third_Party\LwIP\src\core\pbuf.o
                0x08005e4c                pbuf_alloc
 .text.pbuf_realloc
                0x0800600c       0xe0 Middlewares\Third_Party\LwIP\src\core\pbuf.o
                0x0800600c                pbuf_realloc
 .text.pbuf_clen
                0x080060ec       0x10 Middlewares\Third_Party\LwIP\src\core\pbuf.o
                0x080060ec                pbuf_clen
 .text.pbuf_ref
                0x080060fc       0x28 Middlewares\Third_Party\LwIP\src\core\pbuf.o
                0x080060fc                pbuf_ref
 .text.pbuf_cat
                0x08006124       0x74 Middlewares\Third_Party\LwIP\src\core\pbuf.o
                0x08006124                pbuf_cat
 .text.pbuf_copy
                0x08006198      0x114 Middlewares\Third_Party\LwIP\src\core\pbuf.o
                0x08006198                pbuf_copy
 .text.pbuf_copy_partial
                0x080062ac       0x8c Middlewares\Third_Party\LwIP\src\core\pbuf.o
                0x080062ac                pbuf_copy_partial
 .text.tcp_new_port
                0x08006338       0x50 Middlewares\Third_Party\LwIP\src\core\tcp.o
 .text.tcp_close_shutdown_fin
                0x08006388       0x60 Middlewares\Third_Party\LwIP\src\core\tcp.o
 .text.tcp_init
                0x080063e8        0x2 Middlewares\Third_Party\LwIP\src\core\tcp.o
                0x080063e8                tcp_init
 *fill*         0x080063ea        0x2 
 .text.tcp_bind
                0x080063ec       0x94 Middlewares\Third_Party\LwIP\src\core\tcp.o
                0x080063ec                tcp_bind
 .text.tcp_listen_with_backlog_and_err
                0x08006480       0xb0 Middlewares\Third_Party\LwIP\src\core\tcp.o
                0x08006480                tcp_listen_with_backlog_and_err
 .text.tcp_listen_with_backlog
                0x08006530        0x6 Middlewares\Third_Party\LwIP\src\core\tcp.o
                0x08006530                tcp_listen_with_backlog
 *fill*         0x08006536        0x2 
 .text.tcp_update_rcv_ann_wnd
                0x08006538       0x58 Middlewares\Third_Party\LwIP\src\core\tcp.o
                0x08006538                tcp_update_rcv_ann_wnd
 .text.tcp_recved
                0x08006590       0x7c Middlewares\Third_Party\LwIP\src\core\tcp.o
                0x08006590                tcp_recved
 .text.tcp_seg_free
                0x0800660c       0x1c Middlewares\Third_Party\LwIP\src\core\tcp.o
                0x0800660c                tcp_seg_free
 .text.tcp_segs_free
                0x08006628       0x10 Middlewares\Third_Party\LwIP\src\core\tcp.o
                0x08006628                tcp_segs_free
 .text.tcp_setprio
                0x08006638        0x4 Middlewares\Third_Party\LwIP\src\core\tcp.o
                0x08006638                tcp_setprio
 .text.tcp_seg_copy
                0x0800663c       0x2c Middlewares\Third_Party\LwIP\src\core\tcp.o
                0x0800663c                tcp_seg_copy
 .text.tcp_arg  0x08006668        0x6 Middlewares\Third_Party\LwIP\src\core\tcp.o
                0x08006668                tcp_arg
 *fill*         0x0800666e        0x2 
 .text.tcp_recv
                0x08006670       0x30 Middlewares\Third_Party\LwIP\src\core\tcp.o
                0x08006670                tcp_recv
 .text.tcp_sent
                0x080066a0       0x2c Middlewares\Third_Party\LwIP\src\core\tcp.o
                0x080066a0                tcp_sent
 .text.tcp_err  0x080066cc       0x30 Middlewares\Third_Party\LwIP\src\core\tcp.o
                0x080066cc                tcp_err
 .text.tcp_accept
                0x080066fc        0xc Middlewares\Third_Party\LwIP\src\core\tcp.o
                0x080066fc                tcp_accept
 .text.tcp_poll
                0x08006708       0x30 Middlewares\Third_Party\LwIP\src\core\tcp.o
                0x08006708                tcp_poll
 .text.tcp_pcb_purge
                0x08006738       0x40 Middlewares\Third_Party\LwIP\src\core\tcp.o
                0x08006738                tcp_pcb_purge
 .text.tcp_slowtmr
                0x08006778      0x3c4 Middlewares\Third_Party\LwIP\src\core\tcp.o
                0x08006778                tcp_slowtmr
 .text.tcp_pcb_remove
                0x08006b3c       0xa0 Middlewares\Third_Party\LwIP\src\core\tcp.o
                0x08006b3c                tcp_pcb_remove
 .text.tcp_close_shutdown
                0x08006bdc      0x14c Middlewares\Third_Party\LwIP\src\core\tcp.o
 .text.tcp_close
                0x08006d28       0x14 Middlewares\Third_Party\LwIP\src\core\tcp.o
                0x08006d28                tcp_close
 .text.tcp_recv_null
                0x08006d3c       0x24 Middlewares\Third_Party\LwIP\src\core\tcp.o
                0x08006d3c                tcp_recv_null
 .text.tcp_process_refused_data
                0x08006d60       0x66 Middlewares\Third_Party\LwIP\src\core\tcp.o
                0x08006d60                tcp_process_refused_data
 *fill*         0x08006dc6        0x2 
 .text.tcp_fasttmr
                0x08006dc8       0x80 Middlewares\Third_Party\LwIP\src\core\tcp.o
                0x08006dc8                tcp_fasttmr
 .text.tcp_tmr  0x08006e48       0x24 Middlewares\Third_Party\LwIP\src\core\tcp.o
                0x08006e48                tcp_tmr
 .text.tcp_abandon
                0x08006e6c       0xec Middlewares\Third_Party\LwIP\src\core\tcp.o
                0x08006e6c                tcp_abandon
 .text.tcp_abort
                0x08006f58        0x6 Middlewares\Third_Party\LwIP\src\core\tcp.o
                0x08006f58                tcp_abort
 .text.tcp_accept_null
                0x08006f5e        0xe Middlewares\Third_Party\LwIP\src\core\tcp.o
 .text.tcp_netif_ip_addr_changed_pcblist
                0x08006f6c       0x1c Middlewares\Third_Party\LwIP\src\core\tcp.o
 .text.tcp_kill_state
                0x08006f88       0x60 Middlewares\Third_Party\LwIP\src\core\tcp.o
 .text.tcp_alloc
                0x08006fe8      0x110 Middlewares\Third_Party\LwIP\src\core\tcp.o
                0x08006fe8                tcp_alloc
 .text.tcp_new_ip_type
                0x080070f8        0x6 Middlewares\Third_Party\LwIP\src\core\tcp.o
                0x080070f8                tcp_new_ip_type
 *fill*         0x080070fe        0x2 
 .text.tcp_next_iss
                0x08007100       0x18 Middlewares\Third_Party\LwIP\src\core\tcp.o
                0x08007100                tcp_next_iss
 .text.tcp_eff_send_mss_impl
                0x08007118       0x1e Middlewares\Third_Party\LwIP\src\core\tcp.o
                0x08007118                tcp_eff_send_mss_impl
 *fill*         0x08007136        0x2 
 .text.tcp_netif_ip_addr_changed
                0x08007138       0x4c Middlewares\Third_Party\LwIP\src\core\tcp.o
                0x08007138                tcp_netif_ip_addr_changed
 .text.tcp_oos_insert_segment
                0x08007184       0x7c Middlewares\Third_Party\LwIP\src\core\tcp_in.o
 .text.tcp_receive
                0x08007200      0x998 Middlewares\Third_Party\LwIP\src\core\tcp_in.o
 .text.tcp_getoptbyte
                0x08007b98       0x40 Middlewares\Third_Party\LwIP\src\core\tcp_in.o
 .text.tcp_parseopt.isra.1.part.2
                0x08007bd8       0x70 Middlewares\Third_Party\LwIP\src\core\tcp_in.o
 .text.tcp_input_delayed_close
                0x08007c48       0x40 Middlewares\Third_Party\LwIP\src\core\tcp_in.o
 .text.tcp_input
                0x08007c88      0x9fc Middlewares\Third_Party\LwIP\src\core\tcp_in.o
                0x08007c88                tcp_input
 .text.tcp_trigger_input_pcb_close
                0x08008684       0x10 Middlewares\Third_Party\LwIP\src\core\tcp_in.o
                0x08008684                tcp_trigger_input_pcb_close
 .text.tcp_pbuf_prealloc
                0x08008694       0x74 Middlewares\Third_Party\LwIP\src\core\tcp_out.o
 .text.tcp_create_segment
                0x08008708       0xd0 Middlewares\Third_Party\LwIP\src\core\tcp_out.o
 .text.tcp_output_alloc_header.constprop.0
                0x080087d8       0x78 Middlewares\Third_Party\LwIP\src\core\tcp_out.o
 .text.tcp_write
                0x08008850      0x52c Middlewares\Third_Party\LwIP\src\core\tcp_out.o
                0x08008850                tcp_write
 .text.tcp_enqueue_flags
                0x08008d7c      0x130 Middlewares\Third_Party\LwIP\src\core\tcp_out.o
                0x08008d7c                tcp_enqueue_flags
 .text.tcp_send_fin
                0x08008eac       0x44 Middlewares\Third_Party\LwIP\src\core\tcp_out.o
                0x08008eac                tcp_send_fin
 .text.tcp_send_empty_ack
                0x08008ef0       0x6a Middlewares\Third_Party\LwIP\src\core\tcp_out.o
                0x08008ef0                tcp_send_empty_ack
 *fill*         0x08008f5a        0x2 
 .text.tcp_output
                0x08008f5c      0x2fc Middlewares\Third_Party\LwIP\src\core\tcp_out.o
                0x08008f5c                tcp_output
 .text.tcp_rst  0x08009258       0xb4 Middlewares\Third_Party\LwIP\src\core\tcp_out.o
                0x08009258                tcp_rst
 .text.tcp_rexmit_rto
                0x0800930c       0x38 Middlewares\Third_Party\LwIP\src\core\tcp_out.o
                0x0800930c                tcp_rexmit_rto
 .text.tcp_rexmit
                0x08009344       0x52 Middlewares\Third_Party\LwIP\src\core\tcp_out.o
                0x08009344                tcp_rexmit
 .text.tcp_rexmit_fast
                0x08009396       0x4e Middlewares\Third_Party\LwIP\src\core\tcp_out.o
                0x08009396                tcp_rexmit_fast
 .text.tcp_keepalive
                0x080093e4       0x54 Middlewares\Third_Party\LwIP\src\core\tcp_out.o
                0x080093e4                tcp_keepalive
 .text.tcp_zero_window_probe
                0x08009438       0xc0 Middlewares\Third_Party\LwIP\src\core\tcp_out.o
                0x08009438                tcp_zero_window_probe
 .text.sys_timeout
                0x080094f8       0xa4 Middlewares\Third_Party\LwIP\src\core\timeouts.o
                0x080094f8                sys_timeout
 .text.tcp_timer_needed
                0x0800959c       0x34 Middlewares\Third_Party\LwIP\src\core\timeouts.o
                0x0800959c                tcp_timer_needed
 .text.tcpip_tcp_timer
                0x080095d0       0x38 Middlewares\Third_Party\LwIP\src\core\timeouts.o
 .text.sys_timeouts_init
                0x08009608       0x38 Middlewares\Third_Party\LwIP\src\core\timeouts.o
                0x08009608                sys_timeouts_init
 .text.cyclic_timer
                0x08009640       0x1c Middlewares\Third_Party\LwIP\src\core\timeouts.o
 .text.sys_check_timeouts
                0x0800965c       0x60 Middlewares\Third_Party\LwIP\src\core\timeouts.o
                0x0800965c                sys_check_timeouts
 .text.udp_init
                0x080096bc        0x2 Middlewares\Third_Party\LwIP\src\core\udp.o
                0x080096bc                udp_init
 *fill*         0x080096be        0x2 
 .text.udp_input
                0x080096c0      0x130 Middlewares\Third_Party\LwIP\src\core\udp.o
                0x080096c0                udp_input
 .text.udp_netif_ip_addr_changed
                0x080097f0       0x2c Middlewares\Third_Party\LwIP\src\core\udp.o
                0x080097f0                udp_netif_ip_addr_changed
 .text.ethernet_input
                0x0800981c       0x98 Middlewares\Third_Party\LwIP\src\netif\ethernet.o
                0x0800981c                ethernet_input
 .text.ethernet_output
                0x080098b4       0x70 Middlewares\Third_Party\LwIP\src\netif\ethernet.o
                0x080098b4                ethernet_output
 .text.low_level_output
                0x08009924       0xa0 Src\ethernetif.o
 .text.HAL_ETH_MspInit
                0x080099c4       0xec Src\ethernetif.o
                0x080099c4                HAL_ETH_MspInit
 .text.ethernetif_input
                0x08009ab0       0xe0 Src\ethernetif.o
                0x08009ab0                ethernetif_input
 .text.ethernetif_init
                0x08009b90      0x12c Src\ethernetif.o
                0x08009b90                ethernetif_init
 .text.sys_now  0x08009cbc        0x4 Src\ethernetif.o
                0x08009cbc                sys_now
 .text.MX_LWIP_Init
                0x08009cc0       0xdc Src\lwip.o
                0x08009cc0                MX_LWIP_Init
 .text.MX_LWIP_Process
                0x08009d9c       0x14 Src\lwip.o
                0x08009d9c                MX_LWIP_Process
 .text.SystemClock_Config
                0x08009db0       0xb4 Src\main.o
                0x08009db0                SystemClock_Config
 .text.startup.main
                0x08009e64      0x1f8 Src\main.o
                0x08009e64                main
 .text.Error_Handler
                0x0800a05c        0x2 Src\main.o
                0x0800a05c                Error_Handler
 *fill*         0x0800a05e        0x2 
 .text.HAL_MspInit
                0x0800a060       0x38 Src\stm32f4xx_hal_msp.o
                0x0800a060                HAL_MspInit
 .text.HAL_I2C_MspInit
                0x0800a098       0x70 Src\stm32f4xx_hal_msp.o
                0x0800a098                HAL_I2C_MspInit
 .text.HAL_I2S_MspInit
                0x0800a108       0x94 Src\stm32f4xx_hal_msp.o
                0x0800a108                HAL_I2S_MspInit
 .text.NMI_Handler
                0x0800a19c        0x2 Src\stm32f4xx_it.o
                0x0800a19c                NMI_Handler
 .text.HardFault_Handler
                0x0800a19e        0x2 Src\stm32f4xx_it.o
                0x0800a19e                HardFault_Handler
 .text.MemManage_Handler
                0x0800a1a0        0x2 Src\stm32f4xx_it.o
                0x0800a1a0                MemManage_Handler
 .text.BusFault_Handler
                0x0800a1a2        0x2 Src\stm32f4xx_it.o
                0x0800a1a2                BusFault_Handler
 .text.UsageFault_Handler
                0x0800a1a4        0x2 Src\stm32f4xx_it.o
                0x0800a1a4                UsageFault_Handler
 .text.SVC_Handler
                0x0800a1a6        0x2 Src\stm32f4xx_it.o
                0x0800a1a6                SVC_Handler
 .text.DebugMon_Handler
                0x0800a1a8        0x2 Src\stm32f4xx_it.o
                0x0800a1a8                DebugMon_Handler
 .text.PendSV_Handler
                0x0800a1aa        0x2 Src\stm32f4xx_it.o
                0x0800a1aa                PendSV_Handler
 .text.SysTick_Handler
                0x0800a1ac        0x4 Src\stm32f4xx_it.o
                0x0800a1ac                SysTick_Handler
 .text.OTG_FS_IRQHandler
                0x0800a1b0        0xc Src\stm32f4xx_it.o
                0x0800a1b0                OTG_FS_IRQHandler
 .text._read    0x0800a1bc       0x1c Src\syscalls.o
                0x0800a1bc                _read
 .text._write   0x0800a1d8       0x1c Src\syscalls.o
                0x0800a1d8                _write
 .text._sbrk    0x0800a1f4       0x34 Src\syscalls.o
                0x0800a1f4                _sbrk
 .text._close   0x0800a228        0x6 Src\syscalls.o
                0x0800a228                _close
 .text._fstat   0x0800a22e        0xa Src\syscalls.o
                0x0800a22e                _fstat
 .text._isatty  0x0800a238        0x4 Src\syscalls.o
                0x0800a238                _isatty
 .text._lseek   0x0800a23c        0x4 Src\syscalls.o
                0x0800a23c                _lseek
 .text.SystemInit
                0x0800a240       0x1c Src\system_stm32f4xx.o
                0x0800a240                SystemInit
 .text.USBH_UserProcess
                0x0800a25c       0x24 Src\usb_host.o
 .text.MX_USB_HOST_Init
                0x0800a280       0x40 Src\usb_host.o
                0x0800a280                MX_USB_HOST_Init
 .text.MX_USB_HOST_Process
                0x0800a2c0        0xc Src\usb_host.o
                0x0800a2c0                MX_USB_HOST_Process
 .text.HAL_HCD_MspInit
                0x0800a2cc       0x90 Src\usbh_conf.o
                0x0800a2cc                HAL_HCD_MspInit
 .text.HAL_HCD_SOF_Callback
                0x0800a35c        0x8 Src\usbh_conf.o
                0x0800a35c                HAL_HCD_SOF_Callback
 .text.HAL_HCD_Connect_Callback
                0x0800a364        0x8 Src\usbh_conf.o
                0x0800a364                HAL_HCD_Connect_Callback
 .text.HAL_HCD_Disconnect_Callback
                0x0800a36c        0x8 Src\usbh_conf.o
                0x0800a36c                HAL_HCD_Disconnect_Callback
 .text.HAL_HCD_HC_NotifyURBChange_Callback
                0x0800a374        0x2 Src\usbh_conf.o
                0x0800a374                HAL_HCD_HC_NotifyURBChange_Callback
 .text.HAL_HCD_PortEnabled_Callback
                0x0800a376        0x8 Src\usbh_conf.o
                0x0800a376                HAL_HCD_PortEnabled_Callback
 .text.HAL_HCD_PortDisabled_Callback
                0x0800a37e        0x8 Src\usbh_conf.o
                0x0800a37e                HAL_HCD_PortDisabled_Callback
 *fill*         0x0800a386        0x2 
 .text.USBH_LL_Init
                0x0800a388       0x4c Src\usbh_conf.o
                0x0800a388                USBH_LL_Init
 .text.USBH_LL_Start
                0x0800a3d4       0x1c Src\usbh_conf.o
                0x0800a3d4                USBH_LL_Start
 .text.USBH_LL_Stop
                0x0800a3f0       0x1c Src\usbh_conf.o
                0x0800a3f0                USBH_LL_Stop
 .text.USBH_LL_GetSpeed
                0x0800a40c       0x1c Src\usbh_conf.o
                0x0800a40c                USBH_LL_GetSpeed
 .text.USBH_LL_ResetPort
                0x0800a428       0x1c Src\usbh_conf.o
                0x0800a428                USBH_LL_ResetPort
 .text.USBH_LL_GetLastXferSize
                0x0800a444        0x8 Src\usbh_conf.o
                0x0800a444                USBH_LL_GetLastXferSize
 .text.USBH_LL_OpenPipe
                0x0800a44c       0x30 Src\usbh_conf.o
                0x0800a44c                USBH_LL_OpenPipe
 .text.USBH_LL_ClosePipe
                0x0800a47c       0x1c Src\usbh_conf.o
                0x0800a47c                USBH_LL_ClosePipe
 .text.USBH_LL_SubmitURB
                0x0800a498       0x34 Src\usbh_conf.o
                0x0800a498                USBH_LL_SubmitURB
 .text.USBH_LL_GetURBState
                0x0800a4cc        0x8 Src\usbh_conf.o
                0x0800a4cc                USBH_LL_GetURBState
 .text.USBH_LL_DriverVBUS
                0x0800a4d4       0x1a Src\usbh_conf.o
                0x0800a4d4                USBH_LL_DriverVBUS
 .text.USBH_LL_SetToggle
                0x0800a4ee       0x1e Src\usbh_conf.o
                0x0800a4ee                USBH_LL_SetToggle
 .text.USBH_Delay
                0x0800a50c        0x4 Src\usbh_conf.o
                0x0800a50c                USBH_Delay
 .text.MX_DriverVbusFS
                0x0800a510       0x14 Src\usbh_platform.o
                0x0800a510                MX_DriverVbusFS
 .text.Reset_Handler
                0x0800a524       0x50 startup\startup_stm32f407xx.o
                0x0800a524                Reset_Handler
 .text.Default_Handler
                0x0800a574        0x2 startup\startup_stm32f407xx.o
                0x0800a574                RTC_Alarm_IRQHandler
                0x0800a574                HASH_RNG_IRQHandler
                0x0800a574                EXTI2_IRQHandler
                0x0800a574                TIM8_CC_IRQHandler
                0x0800a574                TIM1_CC_IRQHandler
                0x0800a574                DMA2_Stream5_IRQHandler
                0x0800a574                DMA1_Stream5_IRQHandler
                0x0800a574                PVD_IRQHandler
                0x0800a574                SDIO_IRQHandler
                0x0800a574                TAMP_STAMP_IRQHandler
                0x0800a574                CAN2_RX1_IRQHandler
                0x0800a574                EXTI3_IRQHandler
                0x0800a574                TIM8_TRG_COM_TIM14_IRQHandler
                0x0800a574                TIM1_UP_TIM10_IRQHandler
                0x0800a574                TIM8_UP_TIM13_IRQHandler
                0x0800a574                I2C3_ER_IRQHandler
                0x0800a574                EXTI0_IRQHandler
                0x0800a574                I2C2_EV_IRQHandler
                0x0800a574                DMA1_Stream2_IRQHandler
                0x0800a574                CAN1_RX0_IRQHandler
                0x0800a574                FPU_IRQHandler
                0x0800a574                OTG_HS_WKUP_IRQHandler
                0x0800a574                CAN2_SCE_IRQHandler
                0x0800a574                DMA2_Stream2_IRQHandler
                0x0800a574                SPI1_IRQHandler
                0x0800a574                TIM6_DAC_IRQHandler
                0x0800a574                TIM1_BRK_TIM9_IRQHandler
                0x0800a574                DCMI_IRQHandler
                0x0800a574                CAN2_RX0_IRQHandler
                0x0800a574                DMA2_Stream3_IRQHandler
                0x0800a574                USART6_IRQHandler
                0x0800a574                USART3_IRQHandler
                0x0800a574                CAN1_RX1_IRQHandler
                0x0800a574                UART5_IRQHandler
                0x0800a574                DMA2_Stream0_IRQHandler
                0x0800a574                TIM4_IRQHandler
                0x0800a574                I2C1_EV_IRQHandler
                0x0800a574                DMA1_Stream6_IRQHandler
                0x0800a574                DMA1_Stream1_IRQHandler
                0x0800a574                UART4_IRQHandler
                0x0800a574                TIM3_IRQHandler
                0x0800a574                RCC_IRQHandler
                0x0800a574                TIM8_BRK_TIM12_IRQHandler
                0x0800a574                Default_Handler
                0x0800a574                EXTI15_10_IRQHandler
                0x0800a574                ADC_IRQHandler
                0x0800a574                DMA1_Stream7_IRQHandler
                0x0800a574                TIM7_IRQHandler
                0x0800a574                CAN2_TX_IRQHandler
                0x0800a574                TIM5_IRQHandler
                0x0800a574                DMA2_Stream7_IRQHandler
                0x0800a574                I2C3_EV_IRQHandler
                0x0800a574                EXTI9_5_IRQHandler
                0x0800a574                RTC_WKUP_IRQHandler
                0x0800a574                ETH_WKUP_IRQHandler
                0x0800a574                SPI2_IRQHandler
                0x0800a574                OTG_HS_EP1_IN_IRQHandler
                0x0800a574                DMA1_Stream0_IRQHandler
                0x0800a574                CAN1_TX_IRQHandler
                0x0800a574                EXTI4_IRQHandler
                0x0800a574                FSMC_IRQHandler
                0x0800a574                ETH_IRQHandler
                0x0800a574                OTG_HS_EP1_OUT_IRQHandler
                0x0800a574                WWDG_IRQHandler
                0x0800a574                TIM2_IRQHandler
                0x0800a574                OTG_FS_WKUP_IRQHandler
                0x0800a574                TIM1_TRG_COM_TIM11_IRQHandler
                0x0800a574                OTG_HS_IRQHandler
                0x0800a574                EXTI1_IRQHandler
                0x0800a574                USART2_IRQHandler
                0x0800a574                I2C2_ER_IRQHandler
                0x0800a574                DMA2_Stream1_IRQHandler
                0x0800a574                CAN1_SCE_IRQHandler
                0x0800a574                FLASH_IRQHandler
                0x0800a574                DMA2_Stream4_IRQHandler
                0x0800a574                USART1_IRQHandler
                0x0800a574                SPI3_IRQHandler
                0x0800a574                DMA1_Stream4_IRQHandler
                0x0800a574                I2C1_ER_IRQHandler
                0x0800a574                DMA2_Stream6_IRQHandler
                0x0800a574                DMA1_Stream3_IRQHandler
 *fill*         0x0800a576        0x2 
 .text.__libc_init_array
                0x0800a578       0x48 c:/program files (x86)/atollic/truestudio for stm32 9.3.0/armtools/bin/../lib/gcc/arm-atollic-eabi/6.3.1/../../../../arm-atollic-eabi/lib/armv7e-m/fpu\libc_nano.a(lib_a-init.o)
                0x0800a578                __libc_init_array
 .text.malloc   0x0800a5c0       0x10 c:/program files (x86)/atollic/truestudio for stm32 9.3.0/armtools/bin/../lib/gcc/arm-atollic-eabi/6.3.1/../../../../arm-atollic-eabi/lib/armv7e-m/fpu\libc_nano.a(lib_a-malloc.o)
                0x0800a5c0                malloc
 .text.free     0x0800a5d0       0x10 c:/program files (x86)/atollic/truestudio for stm32 9.3.0/armtools/bin/../lib/gcc/arm-atollic-eabi/6.3.1/../../../../arm-atollic-eabi/lib/armv7e-m/fpu\libc_nano.a(lib_a-malloc.o)
                0x0800a5d0                free
 .text.memcmp   0x0800a5e0       0x1e c:/program files (x86)/atollic/truestudio for stm32 9.3.0/armtools/bin/../lib/gcc/arm-atollic-eabi/6.3.1/../../../../arm-atollic-eabi/lib/armv7e-m/fpu\libc_nano.a(lib_a-memcmp.o)
                0x0800a5e0                memcmp
 .text.memcpy   0x0800a5fe       0x16 c:/program files (x86)/atollic/truestudio for stm32 9.3.0/armtools/bin/../lib/gcc/arm-atollic-eabi/6.3.1/../../../../arm-atollic-eabi/lib/armv7e-m/fpu\libc_nano.a(lib_a-memcpy-stub.o)
                0x0800a5fe                memcpy
 .text.memset   0x0800a614       0x10 c:/program files (x86)/atollic/truestudio for stm32 9.3.0/armtools/bin/../lib/gcc/arm-atollic-eabi/6.3.1/../../../../arm-atollic-eabi/lib/armv7e-m/fpu\libc_nano.a(lib_a-memset.o)
                0x0800a614                memset
 .text._free_r  0x0800a624       0x9c c:/program files (x86)/atollic/truestudio for stm32 9.3.0/armtools/bin/../lib/gcc/arm-atollic-eabi/6.3.1/../../../../arm-atollic-eabi/lib/armv7e-m/fpu\libc_nano.a(lib_a-nano-freer.o)
                0x0800a624                _free_r
 .text._malloc_r
                0x0800a6c0       0xbc c:/program files (x86)/atollic/truestudio for stm32 9.3.0/armtools/bin/../lib/gcc/arm-atollic-eabi/6.3.1/../../../../arm-atollic-eabi/lib/armv7e-m/fpu\libc_nano.a(lib_a-nano-mallocr.o)
                0x0800a6c0                _malloc_r
 .text.printf   0x0800a77c       0x30 c:/program files (x86)/atollic/truestudio for stm32 9.3.0/armtools/bin/../lib/gcc/arm-atollic-eabi/6.3.1/../../../../arm-atollic-eabi/lib/armv7e-m/fpu\libc_nano.a(lib_a-printf.o)
                0x0800a77c                iprintf
                0x0800a77c                printf
 .text._sbrk_r  0x0800a7ac       0x20 c:/program files (x86)/atollic/truestudio for stm32 9.3.0/armtools/bin/../lib/gcc/arm-atollic-eabi/6.3.1/../../../../arm-atollic-eabi/lib/armv7e-m/fpu\libc_nano.a(lib_a-sbrkr.o)
                0x0800a7ac                _sbrk_r
 .text.strchr   0x0800a7cc       0x1c c:/program files (x86)/atollic/truestudio for stm32 9.3.0/armtools/bin/../lib/gcc/arm-atollic-eabi/6.3.1/../../../../arm-atollic-eabi/lib/armv7e-m/fpu\libc_nano.a(lib_a-strchr.o)
                0x0800a7cc                strchr
 .text.strncmp  0x0800a7e8       0x24 c:/program files (x86)/atollic/truestudio for stm32 9.3.0/armtools/bin/../lib/gcc/arm-atollic-eabi/6.3.1/../../../../arm-atollic-eabi/lib/armv7e-m/fpu\libc_nano.a(lib_a-strncmp.o)
                0x0800a7e8                strncmp
 .text.strstr   0x0800a80c       0x36 c:/program files (x86)/atollic/truestudio for stm32 9.3.0/armtools/bin/../lib/gcc/arm-atollic-eabi/6.3.1/../../../../arm-atollic-eabi/lib/armv7e-m/fpu\libc_nano.a(lib_a-strstr.o)
                0x0800a80c                strstr
 *fill*         0x0800a842        0x2 
 .text._cleanup_r
                0x0800a844        0xc c:/program files (x86)/atollic/truestudio for stm32 9.3.0/armtools/bin/../lib/gcc/arm-atollic-eabi/6.3.1/../../../../arm-atollic-eabi/lib/armv7e-m/fpu\libc_nano.a(lib_a-findfp.o)
                0x0800a844                _cleanup_r
 .text.std.isra.0
                0x0800a850       0x48 c:/program files (x86)/atollic/truestudio for stm32 9.3.0/armtools/bin/../lib/gcc/arm-atollic-eabi/6.3.1/../../../../arm-atollic-eabi/lib/armv7e-m/fpu\libc_nano.a(lib_a-findfp.o)
 .text.__sfmoreglue
                0x0800a898       0x2c c:/program files (x86)/atollic/truestudio for stm32 9.3.0/armtools/bin/../lib/gcc/arm-atollic-eabi/6.3.1/../../../../arm-atollic-eabi/lib/armv7e-m/fpu\libc_nano.a(lib_a-findfp.o)
                0x0800a898                __sfmoreglue
 .text.__sinit  0x0800a8c4       0x60 c:/program files (x86)/atollic/truestudio for stm32 9.3.0/armtools/bin/../lib/gcc/arm-atollic-eabi/6.3.1/../../../../arm-atollic-eabi/lib/armv7e-m/fpu\libc_nano.a(lib_a-findfp.o)
                0x0800a8c4                __sinit
 .text.__sfp    0x0800a924       0x78 c:/program files (x86)/atollic/truestudio for stm32 9.3.0/armtools/bin/../lib/gcc/arm-atollic-eabi/6.3.1/../../../../arm-atollic-eabi/lib/armv7e-m/fpu\libc_nano.a(lib_a-findfp.o)
                0x0800a924                __sfp
 .text._fwalk_reent
                0x0800a99c       0x3c c:/program files (x86)/atollic/truestudio for stm32 9.3.0/armtools/bin/../lib/gcc/arm-atollic-eabi/6.3.1/../../../../arm-atollic-eabi/lib/armv7e-m/fpu\libc_nano.a(lib_a-fwalk.o)
                0x0800a99c                _fwalk_reent
 .text.__malloc_lock
                0x0800a9d8        0x2 c:/program files (x86)/atollic/truestudio for stm32 9.3.0/armtools/bin/../lib/gcc/arm-atollic-eabi/6.3.1/../../../../arm-atollic-eabi/lib/armv7e-m/fpu\libc_nano.a(lib_a-mlock.o)
                0x0800a9d8                __malloc_lock
 .text.__malloc_unlock
                0x0800a9da        0x2 c:/program files (x86)/atollic/truestudio for stm32 9.3.0/armtools/bin/../lib/gcc/arm-atollic-eabi/6.3.1/../../../../arm-atollic-eabi/lib/armv7e-m/fpu\libc_nano.a(lib_a-mlock.o)
                0x0800a9da                __malloc_unlock
 .text.__sfputc_r
                0x0800a9dc       0x30 c:/program files (x86)/atollic/truestudio for stm32 9.3.0/armtools/bin/../lib/gcc/arm-atollic-eabi/6.3.1/../../../../arm-atollic-eabi/lib/armv7e-m/fpu\libc_nano.a(lib_a-nano-vfprintf.o)
 .text.__sfputs_r
                0x0800aa0c       0x24 c:/program files (x86)/atollic/truestudio for stm32 9.3.0/armtools/bin/../lib/gcc/arm-atollic-eabi/6.3.1/../../../../arm-atollic-eabi/lib/armv7e-m/fpu\libc_nano.a(lib_a-nano-vfprintf.o)
                0x0800aa0c                __sfputs_r
 .text._vfprintf_r
                0x0800aa30      0x22c c:/program files (x86)/atollic/truestudio for stm32 9.3.0/armtools/bin/../lib/gcc/arm-atollic-eabi/6.3.1/../../../../arm-atollic-eabi/lib/armv7e-m/fpu\libc_nano.a(lib_a-nano-vfprintf.o)
                0x0800aa30                _vfprintf_r
                0x0800aa30                _vfiprintf_r
 .text._printf_common
                0x0800ac5c       0xec c:/program files (x86)/atollic/truestudio for stm32 9.3.0/armtools/bin/../lib/gcc/arm-atollic-eabi/6.3.1/../../../../arm-atollic-eabi/lib/armv7e-m/fpu\libc_nano.a(lib_a-nano-vfprintf_i.o)
                0x0800ac5c                _printf_common
 .text._printf_i
                0x0800ad48      0x240 c:/program files (x86)/atollic/truestudio for stm32 9.3.0/armtools/bin/../lib/gcc/arm-atollic-eabi/6.3.1/../../../../arm-atollic-eabi/lib/armv7e-m/fpu\libc_nano.a(lib_a-nano-vfprintf_i.o)
                0x0800ad48                _printf_i
 .text.__sread  0x0800af88       0x22 c:/program files (x86)/atollic/truestudio for stm32 9.3.0/armtools/bin/../lib/gcc/arm-atollic-eabi/6.3.1/../../../../arm-atollic-eabi/lib/armv7e-m/fpu\libc_nano.a(lib_a-stdio.o)
                0x0800af88                __sread
 .text.__swrite
                0x0800afaa       0x38 c:/program files (x86)/atollic/truestudio for stm32 9.3.0/armtools/bin/../lib/gcc/arm-atollic-eabi/6.3.1/../../../../arm-atollic-eabi/lib/armv7e-m/fpu\libc_nano.a(lib_a-stdio.o)
                0x0800afaa                __swrite
 .text.__sseek  0x0800afe2       0x24 c:/program files (x86)/atollic/truestudio for stm32 9.3.0/armtools/bin/../lib/gcc/arm-atollic-eabi/6.3.1/../../../../arm-atollic-eabi/lib/armv7e-m/fpu\libc_nano.a(lib_a-stdio.o)
                0x0800afe2                __sseek
 .text.__sclose
                0x0800b006        0x8 c:/program files (x86)/atollic/truestudio for stm32 9.3.0/armtools/bin/../lib/gcc/arm-atollic-eabi/6.3.1/../../../../arm-atollic-eabi/lib/armv7e-m/fpu\libc_nano.a(lib_a-stdio.o)
                0x0800b006                __sclose
 *fill*         0x0800b00e        0x2 
 .text.__swbuf_r
                0x0800b010       0xa4 c:/program files (x86)/atollic/truestudio for stm32 9.3.0/armtools/bin/../lib/gcc/arm-atollic-eabi/6.3.1/../../../../arm-atollic-eabi/lib/armv7e-m/fpu\libc_nano.a(lib_a-wbuf.o)
                0x0800b010                __swbuf_r
 .text._write_r
                0x0800b0b4       0x24 c:/program files (x86)/atollic/truestudio for stm32 9.3.0/armtools/bin/../lib/gcc/arm-atollic-eabi/6.3.1/../../../../arm-atollic-eabi/lib/armv7e-m/fpu\libc_nano.a(lib_a-writer.o)
                0x0800b0b4                _write_r
 .text.__swsetup_r
                0x0800b0d8       0xdc c:/program files (x86)/atollic/truestudio for stm32 9.3.0/armtools/bin/../lib/gcc/arm-atollic-eabi/6.3.1/../../../../arm-atollic-eabi/lib/armv7e-m/fpu\libc_nano.a(lib_a-wsetup.o)
                0x0800b0d8                __swsetup_r
 .text._close_r
                0x0800b1b4       0x20 c:/program files (x86)/atollic/truestudio for stm32 9.3.0/armtools/bin/../lib/gcc/arm-atollic-eabi/6.3.1/../../../../arm-atollic-eabi/lib/armv7e-m/fpu\libc_nano.a(lib_a-closer.o)
                0x0800b1b4                _close_r
 .text.__sflush_r
                0x0800b1d4      0x110 c:/program files (x86)/atollic/truestudio for stm32 9.3.0/armtools/bin/../lib/gcc/arm-atollic-eabi/6.3.1/../../../../arm-atollic-eabi/lib/armv7e-m/fpu\libc_nano.a(lib_a-fflush.o)
                0x0800b1d4                __sflush_r
 .text._fflush_r
                0x0800b2e4       0x54 c:/program files (x86)/atollic/truestudio for stm32 9.3.0/armtools/bin/../lib/gcc/arm-atollic-eabi/6.3.1/../../../../arm-atollic-eabi/lib/armv7e-m/fpu\libc_nano.a(lib_a-fflush.o)
                0x0800b2e4                _fflush_r
 .text._lseek_r
                0x0800b338       0x24 c:/program files (x86)/atollic/truestudio for stm32 9.3.0/armtools/bin/../lib/gcc/arm-atollic-eabi/6.3.1/../../../../arm-atollic-eabi/lib/armv7e-m/fpu\libc_nano.a(lib_a-lseekr.o)
                0x0800b338                _lseek_r
 .text.__swhatbuf_r
                0x0800b35c       0x48 c:/program files (x86)/atollic/truestudio for stm32 9.3.0/armtools/bin/../lib/gcc/arm-atollic-eabi/6.3.1/../../../../arm-atollic-eabi/lib/armv7e-m/fpu\libc_nano.a(lib_a-makebuf.o)
                0x0800b35c                __swhatbuf_r
 .text.__smakebuf_r
                0x0800b3a4       0x80 c:/program files (x86)/atollic/truestudio for stm32 9.3.0/armtools/bin/../lib/gcc/arm-atollic-eabi/6.3.1/../../../../arm-atollic-eabi/lib/armv7e-m/fpu\libc_nano.a(lib_a-makebuf.o)
                0x0800b3a4                __smakebuf_r
 .text._read_r  0x0800b424       0x24 c:/program files (x86)/atollic/truestudio for stm32 9.3.0/armtools/bin/../lib/gcc/arm-atollic-eabi/6.3.1/../../../../arm-atollic-eabi/lib/armv7e-m/fpu\libc_nano.a(lib_a-readr.o)
                0x0800b424                _read_r
 .text._fstat_r
                0x0800b448       0x24 c:/program files (x86)/atollic/truestudio for stm32 9.3.0/armtools/bin/../lib/gcc/arm-atollic-eabi/6.3.1/../../../../arm-atollic-eabi/lib/armv7e-m/fpu\libc_nano.a(lib_a-fstatr.o)
                0x0800b448                _fstat_r
 .text._isatty_r
                0x0800b46c       0x20 c:/program files (x86)/atollic/truestudio for stm32 9.3.0/armtools/bin/../lib/gcc/arm-atollic-eabi/6.3.1/../../../../arm-atollic-eabi/lib/armv7e-m/fpu\libc_nano.a(lib_a-isattyr.o)
                0x0800b46c                _isatty_r
 *(.glue_7)
 .glue_7        0x0800b48c        0x0 linker stubs
 *(.glue_7t)
 .glue_7t       0x0800b48c        0x0 linker stubs
 *(.eh_frame)
 .eh_frame      0x0800b48c        0x0 c:/program files (x86)/atollic/truestudio for stm32 9.3.0/armtools/bin/../lib/gcc/arm-atollic-eabi/6.3.1/armv7e-m/fpu/crtbegin.o
 *(.init)
 .init          0x0800b48c        0x4 c:/program files (x86)/atollic/truestudio for stm32 9.3.0/armtools/bin/../lib/gcc/arm-atollic-eabi/6.3.1/armv7e-m/fpu/crti.o
                0x0800b48c                _init
 .init          0x0800b490        0x8 c:/program files (x86)/atollic/truestudio for stm32 9.3.0/armtools/bin/../lib/gcc/arm-atollic-eabi/6.3.1/armv7e-m/fpu/crtn.o
 *(.fini)
 .fini          0x0800b498        0x4 c:/program files (x86)/atollic/truestudio for stm32 9.3.0/armtools/bin/../lib/gcc/arm-atollic-eabi/6.3.1/armv7e-m/fpu/crti.o
                0x0800b498                _fini
 .fini          0x0800b49c        0x8 c:/program files (x86)/atollic/truestudio for stm32 9.3.0/armtools/bin/../lib/gcc/arm-atollic-eabi/6.3.1/armv7e-m/fpu/crtn.o
                0x0800b4a4                . = ALIGN (0x4)
                0x0800b4a4                _etext = .

.vfp11_veneer   0x0800b4a4        0x0
 .vfp11_veneer  0x0800b4a4        0x0 linker stubs

.v4_bx          0x0800b4a4        0x0
 .v4_bx         0x0800b4a4        0x0 linker stubs

.iplt           0x0800b4a4        0x0
 .iplt          0x0800b4a4        0x0 c:/program files (x86)/atollic/truestudio for stm32 9.3.0/armtools/bin/../lib/gcc/arm-atollic-eabi/6.3.1/armv7e-m/fpu/crtbegin.o

.rodata         0x0800b4a4     0x1e74
                0x0800b4a4                . = ALIGN (0x4)
 *(.rodata)
 .rodata        0x0800b4a4        0x4 Middlewares\Third_Party\LwIP\src\apps\httpd\httpd.o
 *(.rodata*)
 .rodata.str1.1
                0x0800b4a8        0x4 Middlewares\ST\STM32_USB_Host_Library\Class\CDC\Src\usbh_cdc.o
 .rodata.fs_open_custom.str1.1
                0x0800b4ac       0x46 Middlewares\Third_Party\LwIP\src\apps\httpd\fs.o
 .rodata.ok     0x0800b4f2       0x57 Middlewares\Third_Party\LwIP\src\apps\httpd\fs.o
                0x0800b4f2                ok
 *fill*         0x0800b549        0x3 
 .rodata.g_psDefaultFilenames
                0x0800b54c       0x28 Middlewares\Third_Party\LwIP\src\apps\httpd\httpd.o
                0x0800b54c                g_psDefaultFilenames
 .rodata.g_psHTTPHeaders
                0x0800b574       0xa0 Middlewares\Third_Party\LwIP\src\apps\httpd\httpd.o
 .rodata.http_check_eof.str1.1
                0x0800b614       0x37 Middlewares\Third_Party\LwIP\src\apps\httpd\httpd.o
 .rodata.http_get_404_file.str1.1
                0x0800b64b       0x1e Middlewares\Third_Party\LwIP\src\apps\httpd\httpd.o
 .rodata.http_recv.str1.1
                0x0800b669      0x182 Middlewares\Third_Party\LwIP\src\apps\httpd\httpd.o
                                0x18c (size before relaxing)
 .rodata.http_write.str1.1
                0x0800b7eb       0x6e Middlewares\Third_Party\LwIP\src\apps\httpd\httpd.o
 .rodata.httpd_init.str1.1
                0x0800b859       0x55 Middlewares\Third_Party\LwIP\src\apps\httpd\httpd.o
 .rodata.str1.1
                0x0800b8ae      0x244 Middlewares\Third_Party\LwIP\src\apps\httpd\httpd.o
                                0x267 (size before relaxing)
 .rodata.lwip_itoa.str1.1
                0x0800baf2       0x48 Middlewares\Third_Party\LwIP\src\core\def.o
 .rodata.etharp_find_entry.isra.0.str1.1
                0x0800bb3a       0x40 Middlewares\Third_Party\LwIP\src\core\ipv4\etharp.o
 .rodata.etharp_get_entry.str1.1
                0x0800bb7a       0x1f Middlewares\Third_Party\LwIP\src\core\ipv4\etharp.o
 .rodata.etharp_input.str1.1
                0x0800bb99       0x24 Middlewares\Third_Party\LwIP\src\core\ipv4\etharp.o
 .rodata.etharp_output.str1.1
                0x0800bbbd       0x24 Middlewares\Third_Party\LwIP\src\core\ipv4\etharp.o
                                  0xa (size before relaxing)
 .rodata.etharp_output_to_arp_index.str1.1
                0x0800bbbd       0x30 Middlewares\Third_Party\LwIP\src\core\ipv4\etharp.o
 .rodata.etharp_query.str1.1
                0x0800bbed       0x42 Middlewares\Third_Party\LwIP\src\core\ipv4\etharp.o
 .rodata.etharp_raw.str1.1
                0x0800bc2f       0xb7 Middlewares\Third_Party\LwIP\src\core\ipv4\etharp.o
                                 0xdf (size before relaxing)
 .rodata.icmp_input.str1.1
                0x0800bce6       0x67 Middlewares\Third_Party\LwIP\src\core\ipv4\icmp.o
 .rodata.icmp_send_response.isra.0.str1.1
                0x0800bd4d       0x61 Middlewares\Third_Party\LwIP\src\core\ipv4\icmp.o
                                 0x89 (size before relaxing)
 .rodata.ip4_output_if_src.str1.1
                0x0800bdae       0x6d Middlewares\Third_Party\LwIP\src\core\ipv4\ip4.o
                                 0x95 (size before relaxing)
 *fill*         0x0800be1b        0x1 
 .rodata.ip_addr_any
                0x0800be1c        0x4 Middlewares\Third_Party\LwIP\src\core\ipv4\ip4_addr.o
                0x0800be1c                ip_addr_any
 .rodata.ip4_frag.str1.1
                0x0800be20       0x61 Middlewares\Third_Party\LwIP\src\core\ipv4\ip4_frag.o
 .rodata.ip4_reass.str1.1
                0x0800be81       0x84 Middlewares\Third_Party\LwIP\src\core\ipv4\ip4_frag.o
 .rodata.ip_frag_free_pbuf_custom_ref.str1.1
                0x0800bf05       0x84 Middlewares\Third_Party\LwIP\src\core\ipv4\ip4_frag.o
                                  0xa (size before relaxing)
 .rodata.ip_reass_dequeue_datagram.str1.1
                0x0800bf05       0x52 Middlewares\Third_Party\LwIP\src\core\ipv4\ip4_frag.o
                                 0x7a (size before relaxing)
 .rodata.ip_reass_free_complete_datagram.str1.1
                0x0800bf57       0x56 Middlewares\Third_Party\LwIP\src\core\ipv4\ip4_frag.o
 .rodata.ipfrag_free_pbuf_custom.str1.1
                0x0800bfad        0xc Middlewares\Third_Party\LwIP\src\core\ipv4\ip4_frag.o
 .rodata.mem_free.str1.1
                0x0800bfb9       0xf1 Middlewares\Third_Party\LwIP\src\core\mem.o
                                0x119 (size before relaxing)
 .rodata.mem_malloc.str1.1
                0x0800c0aa       0x9b Middlewares\Third_Party\LwIP\src\core\mem.o
 .rodata.mem_trim.str1.1
                0x0800c145       0x37 Middlewares\Third_Party\LwIP\src\core\mem.o
 .rodata.do_memp_free_pool.isra.1.str1.1
                0x0800c17c       0x20 Middlewares\Third_Party\LwIP\src\core\memp.o
 .rodata.do_memp_malloc_pool.isra.0.str1.1
                0x0800c19c       0x53 Middlewares\Third_Party\LwIP\src\core\memp.o
                                 0x7b (size before relaxing)
 *fill*         0x0800c1ef        0x1 
 .rodata.memp_FRAG_PBUF
                0x0800c1f0        0xc Middlewares\Third_Party\LwIP\src\core\memp.o
                0x0800c1f0                memp_FRAG_PBUF
 .rodata.memp_PBUF
                0x0800c1fc        0xc Middlewares\Third_Party\LwIP\src\core\memp.o
                0x0800c1fc                memp_PBUF
 .rodata.memp_PBUF_POOL
                0x0800c208        0xc Middlewares\Third_Party\LwIP\src\core\memp.o
                0x0800c208                memp_PBUF_POOL
 .rodata.memp_REASSDATA
                0x0800c214        0xc Middlewares\Third_Party\LwIP\src\core\memp.o
                0x0800c214                memp_REASSDATA
 .rodata.memp_SYS_TIMEOUT
                0x0800c220        0xc Middlewares\Third_Party\LwIP\src\core\memp.o
                0x0800c220                memp_SYS_TIMEOUT
 .rodata.memp_TCP_PCB
                0x0800c22c        0xc Middlewares\Third_Party\LwIP\src\core\memp.o
                0x0800c22c                memp_TCP_PCB
 .rodata.memp_TCP_PCB_LISTEN
                0x0800c238        0xc Middlewares\Third_Party\LwIP\src\core\memp.o
                0x0800c238                memp_TCP_PCB_LISTEN
 .rodata.memp_TCP_SEG
                0x0800c244        0xc Middlewares\Third_Party\LwIP\src\core\memp.o
                0x0800c244                memp_TCP_SEG
 .rodata.memp_UDP_PCB
                0x0800c250        0xc Middlewares\Third_Party\LwIP\src\core\memp.o
                0x0800c250                memp_UDP_PCB
 .rodata.memp_free.str1.1
                0x0800c25c       0x1b Middlewares\Third_Party\LwIP\src\core\memp.o
 .rodata.memp_malloc.str1.1
                0x0800c277       0x1d Middlewares\Third_Party\LwIP\src\core\memp.o
 .rodata.memp_pools
                0x0800c294       0x24 Middlewares\Third_Party\LwIP\src\core\memp.o
                0x0800c294                memp_pools
 .rodata.netif_add.str1.1
                0x0800c2b8       0x48 Middlewares\Third_Party\LwIP\src\core\netif.o
                                 0x70 (size before relaxing)
 .rodata.pbuf_alloc.str1.1
                0x0800c300       0xa8 Middlewares\Third_Party\LwIP\src\core\pbuf.o
 .rodata.pbuf_alloced_custom.str1.1
                0x0800c3a8       0x24 Middlewares\Third_Party\LwIP\src\core\pbuf.o
 .rodata.pbuf_cat.str1.1
                0x0800c3cc       0x72 Middlewares\Third_Party\LwIP\src\core\pbuf.o
 .rodata.pbuf_copy.str1.1
                0x0800c43e       0x99 Middlewares\Third_Party\LwIP\src\core\pbuf.o
 .rodata.pbuf_copy_partial.str1.1
                0x0800c4d7       0x42 Middlewares\Third_Party\LwIP\src\core\pbuf.o
 .rodata.pbuf_free.str1.1
                0x0800c519       0x4c Middlewares\Third_Party\LwIP\src\core\pbuf.o
 .rodata.pbuf_header_impl.str1.1
                0x0800c565       0x5c Middlewares\Third_Party\LwIP\src\core\pbuf.o
                                 0x8e (size before relaxing)
 .rodata.pbuf_realloc.str1.1
                0x0800c5c1       0x78 Middlewares\Third_Party\LwIP\src\core\pbuf.o
 .rodata.pbuf_ref.str1.1
                0x0800c639       0x12 Middlewares\Third_Party\LwIP\src\core\pbuf.o
 .rodata.tcp_abandon.str1.1
                0x0800c64b       0x31 Middlewares\Third_Party\LwIP\src\core\tcp.o
 .rodata.tcp_backoff
                0x0800c67c        0xd Middlewares\Third_Party\LwIP\src\core\tcp.o
 .rodata.tcp_bind.str1.1
                0x0800c689       0x28 Middlewares\Third_Party\LwIP\src\core\tcp.o
 .rodata.tcp_close_shutdown.str1.1
                0x0800c6b1       0x19 Middlewares\Third_Party\LwIP\src\core\tcp.o
 .rodata.tcp_close_shutdown_fin.str1.1
                0x0800c6ca       0x3b Middlewares\Third_Party\LwIP\src\core\tcp.o
                                 0x63 (size before relaxing)
 .rodata.tcp_err.str1.1
                0x0800c705       0x26 Middlewares\Third_Party\LwIP\src\core\tcp.o
 .rodata.tcp_kill_state.str1.1
                0x0800c72b        0xe Middlewares\Third_Party\LwIP\src\core\tcp.o
 .rodata.tcp_listen_with_backlog_and_err.str1.1
                0x0800c739       0x22 Middlewares\Third_Party\LwIP\src\core\tcp.o
 *fill*         0x0800c75b        0x1 
 .rodata.tcp_pcb_lists
                0x0800c75c       0x10 Middlewares\Third_Party\LwIP\src\core\tcp.o
                0x0800c75c                tcp_pcb_lists
 .rodata.tcp_pcb_remove.str1.1
                0x0800c76c       0x48 Middlewares\Third_Party\LwIP\src\core\tcp.o
 .rodata.tcp_persist_backoff
                0x0800c7b4        0x7 Middlewares\Third_Party\LwIP\src\core\tcp.o
 .rodata.tcp_poll.str1.1
                0x0800c7bb       0x1e Middlewares\Third_Party\LwIP\src\core\tcp.o
 .rodata.tcp_recv.str1.1
                0x0800c7d9       0x27 Middlewares\Third_Party\LwIP\src\core\tcp.o
 .rodata.tcp_recved.str1.1
                0x0800c800       0x47 Middlewares\Third_Party\LwIP\src\core\tcp.o
 .rodata.tcp_sent.str1.1
                0x0800c847       0x27 Middlewares\Third_Party\LwIP\src\core\tcp.o
 .rodata.tcp_slowtmr.str1.1
                0x0800c86e      0x152 Middlewares\Third_Party\LwIP\src\core\tcp.o
 .rodata.tcp_update_rcv_ann_wnd.str1.1
                0x0800c9c0       0x1a Middlewares\Third_Party\LwIP\src\core\tcp.o
 .rodata.tcp_input.str1.1
                0x0800c9da      0x1b6 Middlewares\Third_Party\LwIP\src\core\tcp_in.o
 .rodata.tcp_receive.str1.1
                0x0800cb90      0x18b Middlewares\Third_Party\LwIP\src\core\tcp_in.o
                                0x1b3 (size before relaxing)
 .rodata.tcp_create_segment.str1.1
                0x0800cd1b       0x15 Middlewares\Third_Party\LwIP\src\core\tcp_out.o
 .rodata.tcp_enqueue_flags.str1.1
                0x0800cd30       0xf8 Middlewares\Third_Party\LwIP\src\core\tcp_out.o
 .rodata.tcp_output.str1.1
                0x0800ce28       0x3d Middlewares\Third_Party\LwIP\src\core\tcp_out.o
 .rodata.tcp_output_alloc_header.constprop.0.str1.1
                0x0800ce65       0x2e Middlewares\Third_Party\LwIP\src\core\tcp_out.o
 .rodata.tcp_pbuf_prealloc.str1.1
                0x0800ce93       0x47 Middlewares\Third_Party\LwIP\src\core\tcp_out.o
                                 0x6f (size before relaxing)
 .rodata.tcp_write.str1.1
                0x0800ceda      0x232 Middlewares\Third_Party\LwIP\src\core\tcp_out.o
 .rodata.lwip_cyclic_timers
                0x0800d10c       0x18 Middlewares\Third_Party\LwIP\src\core\timeouts.o
                0x0800d10c                lwip_cyclic_timers
 .rodata.sys_timeout.str1.1
                0x0800d124       0x71 Middlewares\Third_Party\LwIP\src\core\timeouts.o
                                 0x99 (size before relaxing)
 .rodata.udp_input.str1.1
                0x0800d195       0x43 Middlewares\Third_Party\LwIP\src\core\udp.o
                                 0x6b (size before relaxing)
 .rodata.ethbroadcast
                0x0800d1d8        0x6 Middlewares\Third_Party\LwIP\src\netif\ethernet.o
                0x0800d1d8                ethbroadcast
 .rodata.ethernet_output.str1.1
                0x0800d1de       0x66 Middlewares\Third_Party\LwIP\src\netif\ethernet.o
                                 0x8e (size before relaxing)
 .rodata.ethzero
                0x0800d244        0x6 Middlewares\Third_Party\LwIP\src\netif\ethernet.o
                0x0800d244                ethzero
 .rodata.ethernetif_init.str1.1
                0x0800d24a       0x14 Src\ethernetif.o
                                 0x4a (size before relaxing)
 .rodata.AHBPrescTable
                0x0800d25e       0x10 Src\system_stm32f4xx.o
                0x0800d25e                AHBPrescTable
 .rodata.APBPrescTable
                0x0800d26e        0x8 Src\system_stm32f4xx.o
                0x0800d26e                APBPrescTable
 .rodata.CSWTCH.14
                0x0800d276        0x3 Src\usbh_conf.o
 .rodata.CSWTCH.22
                0x0800d279        0x4 Src\usbh_conf.o
 *fill*         0x0800d27d        0x3 
 .rodata.__sf_fake_stderr
                0x0800d280       0x20 c:/program files (x86)/atollic/truestudio for stm32 9.3.0/armtools/bin/../lib/gcc/arm-atollic-eabi/6.3.1/../../../../arm-atollic-eabi/lib/armv7e-m/fpu\libc_nano.a(lib_a-findfp.o)
                0x0800d280                __sf_fake_stderr
 .rodata.__sf_fake_stdin
                0x0800d2a0       0x20 c:/program files (x86)/atollic/truestudio for stm32 9.3.0/armtools/bin/../lib/gcc/arm-atollic-eabi/6.3.1/../../../../arm-atollic-eabi/lib/armv7e-m/fpu\libc_nano.a(lib_a-findfp.o)
                0x0800d2a0                __sf_fake_stdin
 .rodata.__sf_fake_stdout
                0x0800d2c0       0x20 c:/program files (x86)/atollic/truestudio for stm32 9.3.0/armtools/bin/../lib/gcc/arm-atollic-eabi/6.3.1/../../../../arm-atollic-eabi/lib/armv7e-m/fpu\libc_nano.a(lib_a-findfp.o)
                0x0800d2c0                __sf_fake_stdout
 .rodata._global_impure_ptr
                0x0800d2e0        0x4 c:/program files (x86)/atollic/truestudio for stm32 9.3.0/armtools/bin/../lib/gcc/arm-atollic-eabi/6.3.1/../../../../arm-atollic-eabi/lib/armv7e-m/fpu\libc_nano.a(lib_a-impure.o)
                0x0800d2e0                _global_impure_ptr
 .rodata._vfprintf_r.str1.1