Archive member included to satisfy reference by file (symbol)

c:/program files (x86)/atollic/truestudio for stm32 9.3.0/armtools/bin/../lib/gcc/arm-atollic-eabi/6.3.1/../../../../arm-atollic-eabi/lib/armv7e-m/fpu\libc_nano.a(lib_a-init.o)
                              startup\startup_stm32f407xx.o (__libc_init_array)
c:/program files (x86)/atollic/truestudio for stm32 9.3.0/armtools/bin/../lib/gcc/arm-atollic-eabi/6.3.1/../../../../arm-atollic-eabi/lib/armv7e-m/fpu\libc_nano.a(lib_a-malloc.o)
                              Middlewares\ST\STM32_USB_Host_Library\Class\CDC\Src\usbh_cdc.o (malloc)
c:/program files (x86)/atollic/truestudio for stm32 9.3.0/armtools/bin/../lib/gcc/arm-atollic-eabi/6.3.1/../../../../arm-atollic-eabi/lib/armv7e-m/fpu\libc_nano.a(lib_a-memcmp.o)
                              Middlewares\Third_Party\LwIP\src\netif\ethernet.o (memcmp)
c:/program files (x86)/atollic/truestudio for stm32 9.3.0/armtools/bin/../lib/gcc/arm-atollic-eabi/6.3.1/../../../../arm-atollic-eabi/lib/armv7e-m/fpu\libc_nano.a(lib_a-memcpy-stub.o)
                              Middlewares\Third_Party\LwIP\src\apps\httpd\httpd.o (memcpy)
c:/program files (x86)/atollic/truestudio for stm32 9.3.0/armtools/bin/../lib/gcc/arm-atollic-eabi/6.3.1/../../../../arm-atollic-eabi/lib/armv7e-m/fpu\libc_nano.a(lib_a-memset.o)
                              Middlewares\Third_Party\LwIP\src\apps\httpd\httpd.o (memset)
c:/program files (x86)/atollic/truestudio for stm32 9.3.0/armtools/bin/../lib/gcc/arm-atollic-eabi/6.3.1/../../../../arm-atollic-eabi/lib/armv7e-m/fpu\libc_nano.a(lib_a-nano-freer.o)
                              c:/program files (x86)/atollic/truestudio for stm32 9.3.0/armtools/bin/../lib/gcc/arm-atollic-eabi/6.3.1/../../../../arm-atollic-eabi/lib/armv7e-m/fpu\libc_nano.a(lib_a-malloc.o) (_free_r)
c:/program files (x86)/atollic/truestudio for stm32 9.3.0/armtools/bin/../lib/gcc/arm-atollic-eabi/6.3.1/../../../../arm-atollic-eabi/lib/armv7e-m/fpu\libc_nano.a(lib_a-nano-mallocr.o)
                              c:/program files (x86)/atollic/truestudio for stm32 9.3.0/armtools/bin/../lib/gcc/arm-atollic-eabi/6.3.1/../../../../arm-atollic-eabi/lib/armv7e-m/fpu\libc_nano.a(lib_a-malloc.o) (_malloc_r)
c:/program files (x86)/atollic/truestudio for stm32 9.3.0/armtools/bin/../lib/gcc/arm-atollic-eabi/6.3.1/../../../../arm-atollic-eabi/lib/armv7e-m/fpu\libc_nano.a(lib_a-printf.o)
                              Middlewares\Third_Party\LwIP\src\apps\httpd\httpd.o (printf)
c:/program files (x86)/atollic/truestudio for stm32 9.3.0/armtools/bin/../lib/gcc/arm-atollic-eabi/6.3.1/../../../../arm-atollic-eabi/lib/armv7e-m/fpu\libc_nano.a(lib_a-reent.o)
                              Src\syscalls.o (errno)
c:/program files (x86)/atollic/truestudio for stm32 9.3.0/armtools/bin/../lib/gcc/arm-atollic-eabi/6.3.1/../../../../arm-atollic-eabi/lib/armv7e-m/fpu\libc_nano.a(lib_a-sbrkr.o)
                              c:/program files (x86)/atollic/truestudio for stm32 9.3.0/armtools/bin/../lib/gcc/arm-atollic-eabi/6.3.1/../../../../arm-atollic-eabi/lib/armv7e-m/fpu\libc_nano.a(lib_a-nano-mallocr.o) (_sbrk_r)
c:/program files (x86)/atollic/truestudio for stm32 9.3.0/armtools/bin/../lib/gcc/arm-atollic-eabi/6.3.1/../../../../arm-atollic-eabi/lib/armv7e-m/fpu\libc_nano.a(lib_a-sprintf.o)
                              Src\main.o (sprintf)
c:/program files (x86)/atollic/truestudio for stm32 9.3.0/armtools/bin/../lib/gcc/arm-atollic-eabi/6.3.1/../../../../arm-atollic-eabi/lib/armv7e-m/fpu\libc_nano.a(lib_a-strchr.o)
                              Middlewares\Third_Party\LwIP\src\apps\httpd\httpd.o (strchr)
c:/program files (x86)/atollic/truestudio for stm32 9.3.0/armtools/bin/../lib/gcc/arm-atollic-eabi/6.3.1/../../../../arm-atollic-eabi/lib/armv7e-m/fpu\libc_nano.a(lib_a-strcmp.o)
                              Middlewares\Third_Party\LwIP\src\apps\httpd\fs.o (strcmp)
c:/program files (x86)/atollic/truestudio for stm32 9.3.0/armtools/bin/../lib/gcc/arm-atollic-eabi/6.3.1/../../../../arm-atollic-eabi/lib/armv7e-m/fpu\libc_nano.a(lib_a-strlen.o)
                              Middlewares\Third_Party\LwIP\src\apps\httpd\httpd.o (strlen)
c:/program files (x86)/atollic/truestudio for stm32 9.3.0/armtools/bin/../lib/gcc/arm-atollic-eabi/6.3.1/../../../../arm-atollic-eabi/lib/armv7e-m/fpu\libc_nano.a(lib_a-strncmp.o)
                              Middlewares\Third_Party\LwIP\src\apps\httpd\httpd.o (strncmp)
c:/program files (x86)/atollic/truestudio for stm32 9.3.0/armtools/bin/../lib/gcc/arm-atollic-eabi/6.3.1/../../../../arm-atollic-eabi/lib/armv7e-m/fpu\libc_nano.a(lib_a-strstr.o)
                              Middlewares\Third_Party\LwIP\src\apps\httpd\httpd.o (strstr)
c:/program files (x86)/atollic/truestudio for stm32 9.3.0/armtools/bin/../lib/gcc/arm-atollic-eabi/6.3.1/../../../../arm-atollic-eabi/lib/armv7e-m/fpu\libc_nano.a(lib_a-strtol.o)
                              Src\main.o (strtol)
[...]
Memory Configuration

Name             Origin             Length             Attributes
RAM              0x20000000         0x00020000         xrw
CCMRAM           0x10000000         0x00010000         rw
FLASH            0x08000000         0x00100000         xr
*default*        0x00000000         0xffffffff

Linker script and memory map

LOAD c:/program files (x86)/atollic/truestudio for stm32 9.3.0/armtools/bin/../lib/gcc/arm-atollic-eabi/6.3.1/armv7e-m/fpu/crti.o
LOAD c:/program files (x86)/atollic/truestudio for stm32 9.3.0/armtools/bin/../lib/gcc/arm-atollic-eabi/6.3.1/armv7e-m/fpu/crtbegin.o
LOAD Drivers\STM32F4xx_HAL_Driver\Src\stm32f4xx_hal.o
LOAD Drivers\STM32F4xx_HAL_Driver\Src\stm32f4xx_hal_cortex.o
LOAD Drivers\STM32F4xx_HAL_Driver\Src\stm32f4xx_hal_dma.o
LOAD Drivers\STM32F4xx_HAL_Driver\Src\stm32f4xx_hal_dma_ex.o
LOAD Drivers\STM32F4xx_HAL_Driver\Src\stm32f4xx_hal_eth.o
LOAD Drivers\STM32F4xx_HAL_Driver\Src\stm32f4xx_hal_exti.o
LOAD Drivers\STM32F4xx_HAL_Driver\Src\stm32f4xx_hal_flash.o
LOAD Drivers\STM32F4xx_HAL_Driver\Src\stm32f4xx_hal_flash_ex.o
LOAD Drivers\STM32F4xx_HAL_Driver\Src\stm32f4xx_hal_flash_ramfunc.o
LOAD Drivers\STM32F4xx_HAL_Driver\Src\stm32f4xx_hal_gpio.o
LOAD Drivers\STM32F4xx_HAL_Driver\Src\stm32f4xx_hal_hcd.o
LOAD Drivers\STM32F4xx_HAL_Driver\Src\stm32f4xx_hal_i2c.o
LOAD Drivers\STM32F4xx_HAL_Driver\Src\stm32f4xx_hal_i2c_ex.o
LOAD Drivers\STM32F4xx_HAL_Driver\Src\stm32f4xx_hal_pwr.o
LOAD Drivers\STM32F4xx_HAL_Driver\Src\stm32f4xx_hal_pwr_ex.o
LOAD Drivers\STM32F4xx_HAL_Driver\Src\stm32f4xx_hal_rcc.o
LOAD Drivers\STM32F4xx_HAL_Driver\Src\stm32f4xx_hal_rcc_ex.o
LOAD Drivers\STM32F4xx_HAL_Driver\Src\stm32f4xx_hal_spi.o
LOAD Drivers\STM32F4xx_HAL_Driver\Src\stm32f4xx_hal_tim.o
LOAD Drivers\STM32F4xx_HAL_Driver\Src\stm32f4xx_hal_tim_ex.o
LOAD Drivers\STM32F4xx_HAL_Driver\Src\stm32f4xx_hal_uart.o
LOAD Drivers\STM32F4xx_HAL_Driver\Src\stm32f4xx_ll_usb.o
LOAD Middlewares\ST\STM32_USB_Host_Library\Class\CDC\Src\usbh_cdc.o
LOAD Middlewares\ST\STM32_USB_Host_Library\Core\Src\usbh_core.o
LOAD Middlewares\ST\STM32_USB_Host_Library\Core\Src\usbh_ctlreq.o
LOAD Middlewares\ST\STM32_USB_Host_Library\Core\Src\usbh_ioreq.o
LOAD Middlewares\ST\STM32_USB_Host_Library\Core\Src\usbh_pipes.o
LOAD Middlewares\Third_Party\LwIP\src\api\api_lib.o
LOAD Middlewares\Third_Party\LwIP\src\api\api_msg.o
LOAD Middlewares\Third_Party\LwIP\src\api\err.o
LOAD Middlewares\Third_Party\LwIP\src\api\netbuf.o
LOAD Middlewares\Third_Party\LwIP\src\api\netdb.o
LOAD Middlewares\Third_Party\LwIP\src\api\netifapi.o
LOAD Middlewares\Third_Party\LwIP\src\api\sockets.o
LOAD Middlewares\Third_Party\LwIP\src\api\tcpip.o
LOAD Middlewares\Third_Party\LwIP\src\apps\httpd\fs.o
LOAD Middlewares\Third_Party\LwIP\src\apps\httpd\httpd.o
LOAD Middlewares\Third_Party\LwIP\src\apps\mqtt\mqtt.o
LOAD Middlewares\Third_Party\LwIP\src\core\def.o
LOAD Middlewares\Third_Party\LwIP\src\core\dns.o
LOAD Middlewares\Third_Party\LwIP\src\core\inet_chksum.o
LOAD Middlewares\Third_Party\LwIP\src\core\init.o
LOAD Middlewares\Third_Party\LwIP\src\core\ip.o
LOAD Middlewares\Third_Party\LwIP\src\core\ipv4\autoip.o
LOAD Middlewares\Third_Party\LwIP\src\core\ipv4\dhcp.o
LOAD Middlewares\Third_Party\LwIP\src\core\ipv4\etharp.o
LOAD Middlewares\Third_Party\LwIP\src\core\ipv4\icmp.o
LOAD Middlewares\Third_Party\LwIP\src\core\ipv4\igmp.o
LOAD Middlewares\Third_Party\LwIP\src\core\ipv4\ip4.o
LOAD Middlewares\Third_Party\LwIP\src\core\ipv4\ip4_addr.o
LOAD Middlewares\Third_Party\LwIP\src\core\ipv4\ip4_frag.o
LOAD Middlewares\Third_Party\LwIP\src\core\ipv6\dhcp6.o
LOAD Middlewares\Third_Party\LwIP\src\core\ipv6\ethip6.o
LOAD Middlewares\Third_Party\LwIP\src\core\ipv6\icmp6.o
LOAD Middlewares\Third_Party\LwIP\src\core\ipv6\inet6.o
LOAD Middlewares\Third_Party\LwIP\src\core\ipv6\ip6.o
LOAD Middlewares\Third_Party\LwIP\src\core\ipv6\ip6_addr.o
LOAD Middlewares\Third_Party\LwIP\src\core\ipv6\ip6_frag.o
LOAD Middlewares\Third_Party\LwIP\src\core\ipv6\mld6.o
LOAD Middlewares\Third_Party\LwIP\src\core\ipv6\nd6.o
LOAD Middlewares\Third_Party\LwIP\src\core\mem.o
LOAD Middlewares\Third_Party\LwIP\src\core\memp.o
LOAD Middlewares\Third_Party\LwIP\src\core\netif.o
LOAD Middlewares\Third_Party\LwIP\src\core\pbuf.o
LOAD Middlewares\Third_Party\LwIP\src\core\raw.o
LOAD Middlewares\Third_Party\LwIP\src\core\stats.o
LOAD Middlewares\Third_Party\LwIP\src\core\sys.o
LOAD Middlewares\Third_Party\LwIP\src\core\tcp.o
LOAD Middlewares\Third_Party\LwIP\src\core\tcp_in.o
LOAD Middlewares\Third_Party\LwIP\src\core\tcp_out.o
LOAD Middlewares\Third_Party\LwIP\src\core\timeouts.o
LOAD Middlewares\Third_Party\LwIP\src\core\udp.o
LOAD Middlewares\Third_Party\LwIP\src\netif\ethernet.o
LOAD Middlewares\Third_Party\LwIP\src\netif\lowpan6.o
LOAD Middlewares\Third_Party\LwIP\src\netif\ppp\auth.o
LOAD Middlewares\Third_Party\LwIP\src\netif\ppp\ccp.o
LOAD Middlewares\Third_Party\LwIP\src\netif\ppp\chap-md5.o
LOAD Middlewares\Third_Party\LwIP\src\netif\ppp\chap-new.o
LOAD Middlewares\Third_Party\LwIP\src\netif\ppp\chap_ms.o
LOAD Middlewares\Third_Party\LwIP\src\netif\ppp\demand.o
LOAD Middlewares\Third_Party\LwIP\src\netif\ppp\eap.o
LOAD Middlewares\Third_Party\LwIP\src\netif\ppp\ecp.o
LOAD Middlewares\Third_Party\LwIP\src\netif\ppp\eui64.o
LOAD Middlewares\Third_Party\LwIP\src\netif\ppp\fsm.o
LOAD Middlewares\Third_Party\LwIP\src\netif\ppp\ipcp.o
LOAD Middlewares\Third_Party\LwIP\src\netif\ppp\ipv6cp.o
LOAD Middlewares\Third_Party\LwIP\src\netif\ppp\lcp.o
LOAD Middlewares\Third_Party\LwIP\src\netif\ppp\magic.o
LOAD Middlewares\Third_Party\LwIP\src\netif\ppp\mppe.o
LOAD Middlewares\Third_Party\LwIP\src\netif\ppp\multilink.o
LOAD Middlewares\Third_Party\LwIP\src\netif\ppp\ppp.o
LOAD Middlewares\Third_Party\LwIP\src\netif\ppp\pppapi.o
LOAD Middlewares\Third_Party\LwIP\src\netif\ppp\pppcrypt.o
LOAD Middlewares\Third_Party\LwIP\src\netif\ppp\pppoe.o
LOAD Middlewares\Third_Party\LwIP\src\netif\ppp\pppol2tp.o
LOAD Middlewares\Third_Party\LwIP\src\netif\ppp\pppos.o
LOAD Middlewares\Third_Party\LwIP\src\netif\ppp\upap.o
LOAD Middlewares\Third_Party\LwIP\src\netif\ppp\utils.o
LOAD Middlewares\Third_Party\LwIP\src\netif\ppp\vj.o
LOAD Middlewares\Third_Party\LwIP\src\netif\slipif.o
LOAD Src\ethernetif.o
LOAD Src\lwip.o
LOAD Src\main.o
LOAD Src\stm32f4xx_hal_msp.o
LOAD Src\stm32f4xx_it.o
LOAD Src\syscalls.o
LOAD Src\system_stm32f4xx.o
LOAD Src\usb_host.o
LOAD Src\usbh_conf.o
LOAD Src\usbh_platform.o
LOAD startup\startup_stm32f407xx.o
                0x00000080                malloc_getpagesize_P = 0x80
START GROUP
LOAD c:/program files (x86)/atollic/truestudio for stm32 9.3.0/armtools/bin/../lib/gcc/arm-atollic-eabi/6.3.1/../../../../arm-atollic-eabi/lib/armv7e-m/fpu\libc_nano.a
LOAD c:/program files (x86)/atollic/truestudio for stm32 9.3.0/armtools/bin/../lib/gcc/arm-atollic-eabi/6.3.1/../../../../arm-atollic-eabi/lib/armv7e-m/fpu\libm.a
END GROUP
START GROUP
LOAD c:/program files (x86)/atollic/truestudio for stm32 9.3.0/armtools/bin/../lib/gcc/arm-atollic-eabi/6.3.1/armv7e-m/fpu\libgcc.a
LOAD c:/program files (x86)/atollic/truestudio for stm32 9.3.0/armtools/bin/../lib/gcc/arm-atollic-eabi/6.3.1/../../../../arm-atollic-eabi/lib/armv7e-m/fpu\libc_nano.a
END GROUP
START GROUP
LOAD c:/program files (x86)/atollic/truestudio for stm32 9.3.0/armtools/bin/../lib/gcc/arm-atollic-eabi/6.3.1/armv7e-m/fpu\libgcc.a
LOAD c:/program files (x86)/atollic/truestudio for stm32 9.3.0/armtools/bin/../lib/gcc/arm-atollic-eabi/6.3.1/../../../../arm-atollic-eabi/lib/armv7e-m/fpu\libc_nano.a
LOAD c:/program files (x86)/atollic/truestudio for stm32 9.3.0/armtools/bin/../lib/gcc/arm-atollic-eabi/6.3.1/../../../../arm-atollic-eabi/lib/armv7e-m/fpu\libnosys.a
END GROUP
START GROUP
LOAD c:/program files (x86)/atollic/truestudio for stm32 9.3.0/armtools/bin/../lib/gcc/arm-atollic-eabi/6.3.1/armv7e-m/fpu\libgcc.a
LOAD c:/program files (x86)/atollic/truestudio for stm32 9.3.0/armtools/bin/../lib/gcc/arm-atollic-eabi/6.3.1/../../../../arm-atollic-eabi/lib/armv7e-m/fpu\libc_nano.a
LOAD c:/program files (x86)/atollic/truestudio for stm32 9.3.0/armtools/bin/../lib/gcc/arm-atollic-eabi/6.3.1/../../../../arm-atollic-eabi/lib/armv7e-m/fpu\libnosys.a
END GROUP
LOAD c:/program files (x86)/atollic/truestudio for stm32 9.3.0/armtools/bin/../lib/gcc/arm-atollic-eabi/6.3.1/armv7e-m/fpu/crtend.o
LOAD c:/program files (x86)/atollic/truestudio for stm32 9.3.0/armtools/bin/../lib/gcc/arm-atollic-eabi/6.3.1/armv7e-m/fpu/crtn.o
                0x20020000                _estack = 0x20020000
                0x00000200                _Min_Heap_Size = 0x200
                0x00000400                _Min_Stack_Size = 0x400

.isr_vector     0x08000000      0x188
                0x08000000                . = ALIGN (0x4)
 *(.isr_vector)
 .isr_vector    0x08000000      0x188 startup\startup_stm32f407xx.o
                0x08000000                g_pfnVectors
                0x08000188                . = ALIGN (0x4)

.text           0x08000190     0xb6f8
                0x08000190                . = ALIGN (0x4)
 *(.text)
 .text          0x08000190       0x40 c:/program files (x86)/atollic/truestudio for stm32 9.3.0/armtools/bin/../lib/gcc/arm-atollic-eabi/6.3.1/armv7e-m/fpu/crtbegin.o
 .text          0x080001d0       0x14 c:/program files (x86)/atollic/truestudio for stm32 9.3.0/armtools/bin/../lib/gcc/arm-atollic-eabi/6.3.1/../../../../arm-atollic-eabi/lib/armv7e-m/fpu\libc_nano.a(lib_a-strcmp.o)
                0x080001d0                strcmp
 .text          0x080001e4       0x10 c:/program files (x86)/atollic/truestudio for stm32 9.3.0/armtools/bin/../lib/gcc/arm-atollic-eabi/6.3.1/../../../../arm-atollic-eabi/lib/armv7e-m/fpu\libc_nano.a(lib_a-strlen.o)
                0x080001e4                strlen
 *fill*         0x080001f4        0xc 
 .text          0x08000200       0xa0 c:/program files (x86)/atollic/truestudio for stm32 9.3.0/armtools/bin/../lib/gcc/arm-atollic-eabi/6.3.1/../../../../arm-atollic-eabi/lib/armv7e-m/fpu\libc_nano.a(lib_a-memchr.o)
                0x08000200                memchr
 .text          0x080002a0       0x30 c:/program files (x86)/atollic/truestudio for stm32 9.3.0/armtools/bin/../lib/gcc/arm-atollic-eabi/6.3.1/armv7e-m/fpu\libgcc.a(_aeabi_uldivmod.o)
                0x080002a0                __aeabi_uldivmod
 .text          0x080002d0      0x2dc c:/program files (x86)/atollic/truestudio for stm32 9.3.0/armtools/bin/../lib/gcc/arm-atollic-eabi/6.3.1/armv7e-m/fpu\libgcc.a(_udivmoddi4.o)
                0x080002d0                __udivmoddi4
 .text          0x080005ac        0x4 c:/program files (x86)/atollic/truestudio for stm32 9.3.0/armtools/bin/../lib/gcc/arm-atollic-eabi/6.3.1/armv7e-m/fpu\libgcc.a(_dvmd_tls.o)
                0x080005ac                __aeabi_idiv0
                0x080005ac                __aeabi_ldiv0
 *(.text*)
 .text.HAL_InitTick
                0x080005b0       0x48 Drivers\STM32F4xx_HAL_Driver\Src\stm32f4xx_hal.o
                0x080005b0                HAL_InitTick
 .text.HAL_Init
                0x080005f8       0x34 Drivers\STM32F4xx_HAL_Driver\Src\stm32f4xx_hal.o
                0x080005f8                HAL_Init
 .text.HAL_IncTick
                0x0800062c       0x18 Drivers\STM32F4xx_HAL_Driver\Src\stm32f4xx_hal.o
                0x0800062c                HAL_IncTick
 .text.HAL_GetTick
                0x08000644        0xc Drivers\STM32F4xx_HAL_Driver\Src\stm32f4xx_hal.o
                0x08000644                HAL_GetTick
 .text.HAL_Delay
                0x08000650       0x28 Drivers\STM32F4xx_HAL_Driver\Src\stm32f4xx_hal.o
                0x08000650                HAL_Delay
 .text.HAL_NVIC_SetPriorityGrouping
                0x08000678       0x24 Drivers\STM32F4xx_HAL_Driver\Src\stm32f4xx_hal_cortex.o
                0x08000678                HAL_NVIC_SetPriorityGrouping
 .text.HAL_NVIC_SetPriority
                0x0800069c       0x68 Drivers\STM32F4xx_HAL_Driver\Src\stm32f4xx_hal_cortex.o
                0x0800069c                HAL_NVIC_SetPriority
 .text.HAL_NVIC_EnableIRQ
                0x08000704       0x1c Drivers\STM32F4xx_HAL_Driver\Src\stm32f4xx_hal_cortex.o
                0x08000704                HAL_NVIC_EnableIRQ
 .text.HAL_SYSTICK_Config
                0x08000720       0x2c Drivers\STM32F4xx_HAL_Driver\Src\stm32f4xx_hal_cortex.o
                0x08000720                HAL_SYSTICK_Config
 .text.ETH_Delay.constprop.4
                0x0800074c       0x24 Drivers\STM32F4xx_HAL_Driver\Src\stm32f4xx_hal_eth.o
 .text.ETH_FlushTransmitFIFO
                0x08000770       0x28 Drivers\STM32F4xx_HAL_Driver\Src\stm32f4xx_hal_eth.o
 .text.ETH_MACDMAConfig
                0x08000798       0xf8 Drivers\STM32F4xx_HAL_Driver\Src\stm32f4xx_hal_eth.o
 .text.HAL_ETH_DMATxDescListInit
                0x08000890       0x7a Drivers\STM32F4xx_HAL_Driver\Src\stm32f4xx_hal_eth.o
                0x08000890                HAL_ETH_DMATxDescListInit
 .text.HAL_ETH_DMARxDescListInit
                0x0800090a       0x78 Drivers\STM32F4xx_HAL_Driver\Src\stm32f4xx_hal_eth.o
                0x0800090a                HAL_ETH_DMARxDescListInit
 *fill*         0x08000982        0x2 
 .text.HAL_ETH_TransmitFrame
                0x08000984       0xe8 Drivers\STM32F4xx_HAL_Driver\Src\stm32f4xx_hal_eth.o
                0x08000984                HAL_ETH_TransmitFrame
 .text.HAL_ETH_GetReceivedFrame
                0x08000a6c       0x7e Drivers\STM32F4xx_HAL_Driver\Src\stm32f4xx_hal_eth.o
                0x08000a6c                HAL_ETH_GetReceivedFrame
 .text.HAL_ETH_ReadPHYRegister
                0x08000aea       0x74 Drivers\STM32F4xx_HAL_Driver\Src\stm32f4xx_hal_eth.o
                0x08000aea                HAL_ETH_ReadPHYRegister
 .text.HAL_ETH_WritePHYRegister
                0x08000b5e       0x6e Drivers\STM32F4xx_HAL_Driver\Src\stm32f4xx_hal_eth.o
                0x08000b5e                HAL_ETH_WritePHYRegister
 .text.HAL_ETH_Init
                0x08000bcc      0x1f8 Drivers\STM32F4xx_HAL_Driver\Src\stm32f4xx_hal_eth.o
                0x08000bcc                HAL_ETH_Init
 .text.HAL_ETH_Start
                0x08000dc4       0x78 Drivers\STM32F4xx_HAL_Driver\Src\stm32f4xx_hal_eth.o
                0x08000dc4                HAL_ETH_Start
 .text.HAL_GPIO_Init
                0x08000e3c      0x1c0 Drivers\STM32F4xx_HAL_Driver\Src\stm32f4xx_hal_gpio.o
                0x08000e3c                HAL_GPIO_Init
 .text.HAL_GPIO_WritePin
                0x08000ffc        0xa Drivers\STM32F4xx_HAL_Driver\Src\stm32f4xx_hal_gpio.o
                0x08000ffc                HAL_GPIO_WritePin
 .text.HAL_HCD_HC_Init
                0x08001006       0x70 Drivers\STM32F4xx_HAL_Driver\Src\stm32f4xx_hal_hcd.o
                0x08001006                HAL_HCD_HC_Init
 .text.HAL_HCD_HC_Halt
                0x08001076       0x24 Drivers\STM32F4xx_HAL_Driver\Src\stm32f4xx_hal_hcd.o
                0x08001076                HAL_HCD_HC_Halt
 .text.HAL_HCD_Init
                0x0800109a       0x94 Drivers\STM32F4xx_HAL_Driver\Src\stm32f4xx_hal_hcd.o
                0x0800109a                HAL_HCD_Init
 *fill*         0x0800112e        0x2 
 .text.HAL_HCD_HC_SubmitRequest
                0x08001130       0xc4 Drivers\STM32F4xx_HAL_Driver\Src\stm32f4xx_hal_hcd.o
                0x08001130                HAL_HCD_HC_SubmitRequest
 .text.HAL_HCD_IRQHandler
                0x080011f4      0x638 Drivers\STM32F4xx_HAL_Driver\Src\stm32f4xx_hal_hcd.o
                0x080011f4                HAL_HCD_IRQHandler
 .text.HAL_HCD_Start
                0x0800182c       0x2c Drivers\STM32F4xx_HAL_Driver\Src\stm32f4xx_hal_hcd.o
                0x0800182c                HAL_HCD_Start
 .text.HAL_HCD_Stop
                0x08001858       0x24 Drivers\STM32F4xx_HAL_Driver\Src\stm32f4xx_hal_hcd.o
                0x08001858                HAL_HCD_Stop
 .text.HAL_HCD_ResetPort
                0x0800187c        0x6 Drivers\STM32F4xx_HAL_Driver\Src\stm32f4xx_hal_hcd.o
                0x0800187c                HAL_HCD_ResetPort
 .text.HAL_HCD_HC_GetURBState
                0x08001882        0xc Drivers\STM32F4xx_HAL_Driver\Src\stm32f4xx_hal_hcd.o
                0x08001882                HAL_HCD_HC_GetURBState
 .text.HAL_HCD_HC_GetXferCount
                0x0800188e        0xa Drivers\STM32F4xx_HAL_Driver\Src\stm32f4xx_hal_hcd.o
                0x0800188e                HAL_HCD_HC_GetXferCount
 .text.HAL_HCD_GetCurrentFrame
                0x08001898        0x6 Drivers\STM32F4xx_HAL_Driver\Src\stm32f4xx_hal_hcd.o
                0x08001898                HAL_HCD_GetCurrentFrame
 .text.HAL_HCD_GetCurrentSpeed
                0x0800189e        0x6 Drivers\STM32F4xx_HAL_Driver\Src\stm32f4xx_hal_hcd.o
                0x0800189e                HAL_HCD_GetCurrentSpeed
 .text.HAL_I2C_Init
                0x080018a4      0x158 Drivers\STM32F4xx_HAL_Driver\Src\stm32f4xx_hal_i2c.o
                0x080018a4                HAL_I2C_Init
 .text.HAL_RCC_OscConfig
                0x080019fc      0x34c Drivers\STM32F4xx_HAL_Driver\Src\stm32f4xx_hal_rcc.o
                0x080019fc                HAL_RCC_OscConfig
 .text.HAL_RCC_GetSysClockFreq
                0x08001d48       0x5c Drivers\STM32F4xx_HAL_Driver\Src\stm32f4xx_hal_rcc.o
                0x08001d48                HAL_RCC_GetSysClockFreq
 .text.HAL_RCC_ClockConfig
                0x08001da4      0x138 Drivers\STM32F4xx_HAL_Driver\Src\stm32f4xx_hal_rcc.o
                0x08001da4                HAL_RCC_ClockConfig
 .text.HAL_RCC_GetHCLKFreq
                0x08001edc        0xc Drivers\STM32F4xx_HAL_Driver\Src\stm32f4xx_hal_rcc.o
                0x08001edc                HAL_RCC_GetHCLKFreq
 .text.HAL_RCC_GetPCLK1Freq
                0x08001ee8       0x20 Drivers\STM32F4xx_HAL_Driver\Src\stm32f4xx_hal_rcc.o
                0x08001ee8                HAL_RCC_GetPCLK1Freq
 .text.HAL_RCC_GetPCLK2Freq
                0x08001f08       0x20 Drivers\STM32F4xx_HAL_Driver\Src\stm32f4xx_hal_rcc.o
                0x08001f08                HAL_RCC_GetPCLK2Freq
 .text.HAL_SPI_Init
                0x08001f28       0x7a Drivers\STM32F4xx_HAL_Driver\Src\stm32f4xx_hal_spi.o
                0x08001f28                HAL_SPI_Init
 *fill*         0x08001fa2        0x2 
 .text.UART_SetConfig
                0x08001fa4       0xdc Drivers\STM32F4xx_HAL_Driver\Src\stm32f4xx_hal_uart.o
 .text.UART_WaitOnFlagUntilTimeout.constprop.3
                0x08002080       0x50 Drivers\STM32F4xx_HAL_Driver\Src\stm32f4xx_hal_uart.o
 .text.HAL_UART_Init
                0x080020d0       0x5c Drivers\STM32F4xx_HAL_Driver\Src\stm32f4xx_hal_uart.o
                0x080020d0                HAL_UART_Init
 .text.HAL_UART_Transmit
                0x0800212c       0xbe Drivers\STM32F4xx_HAL_Driver\Src\stm32f4xx_hal_uart.o
                0x0800212c                HAL_UART_Transmit
 .text.HAL_UART_Receive
                0x080021ea       0xc4 Drivers\STM32F4xx_HAL_Driver\Src\stm32f4xx_hal_uart.o
                0x080021ea                HAL_UART_Receive
 *fill*         0x080022ae        0x2 
 .text.USB_CoreReset
                0x080022b0       0x30 Drivers\STM32F4xx_HAL_Driver\Src\stm32f4xx_ll_usb.o
 .text.USB_CoreInit
                0x080022e0       0x80 Drivers\STM32F4xx_HAL_Driver\Src\stm32f4xx_ll_usb.o
                0x080022e0                USB_CoreInit
 .text.USB_EnableGlobalInt
                0x08002360        0xc Drivers\STM32F4xx_HAL_Driver\Src\stm32f4xx_ll_usb.o
                0x08002360                USB_EnableGlobalInt
 .text.USB_DisableGlobalInt
                0x0800236c        0xc Drivers\STM32F4xx_HAL_Driver\Src\stm32f4xx_ll_usb.o
                0x0800236c                USB_DisableGlobalInt
 .text.USB_SetCurrentMode
                0x08002378       0x2e Drivers\STM32F4xx_HAL_Driver\Src\stm32f4xx_ll_usb.o
                0x08002378                USB_SetCurrentMode
 *fill*         0x080023a6        0x2 
 .text.USB_FlushTxFifo
                0x080023a8       0x24 Drivers\STM32F4xx_HAL_Driver\Src\stm32f4xx_ll_usb.o
                0x080023a8                USB_FlushTxFifo
 .text.USB_FlushRxFifo
                0x080023cc       0x20 Drivers\STM32F4xx_HAL_Driver\Src\stm32f4xx_ll_usb.o
                0x080023cc                USB_FlushRxFifo
 .text.USB_WritePacket
                0x080023ec       0x28 Drivers\STM32F4xx_HAL_Driver\Src\stm32f4xx_ll_usb.o
                0x080023ec                USB_WritePacket
 .text.USB_ReadPacket
                0x08002414       0x1c Drivers\STM32F4xx_HAL_Driver\Src\stm32f4xx_ll_usb.o
                0x08002414                USB_ReadPacket
 .text.USB_ReadInterrupts
                0x08002430        0x8 Drivers\STM32F4xx_HAL_Driver\Src\stm32f4xx_ll_usb.o
                0x08002430                USB_ReadInterrupts
 .text.USB_GetMode
                0x08002438        0x8 Drivers\STM32F4xx_HAL_Driver\Src\stm32f4xx_ll_usb.o
                0x08002438                USB_GetMode
 .text.USB_InitFSLSPClkSel
                0x08002440       0x38 Drivers\STM32F4xx_HAL_Driver\Src\stm32f4xx_ll_usb.o
                0x08002440                USB_InitFSLSPClkSel
 .text.USB_ResetPort
                0x08002478       0x3c Drivers\STM32F4xx_HAL_Driver\Src\stm32f4xx_ll_usb.o
                0x08002478                USB_ResetPort
 .text.USB_DriveVbus
                0x080024b4       0x40 Drivers\STM32F4xx_HAL_Driver\Src\stm32f4xx_ll_usb.o
                0x080024b4                USB_DriveVbus
 .text.USB_HostInit
                0x080024f4       0xe0 Drivers\STM32F4xx_HAL_Driver\Src\stm32f4xx_ll_usb.o
                0x080024f4                USB_HostInit
 .text.USB_GetHostSpeed
                0x080025d4       0x16 Drivers\STM32F4xx_HAL_Driver\Src\stm32f4xx_ll_usb.o
                0x080025d4                USB_GetHostSpeed
 .text.USB_GetCurrentFrame
                0x080025ea        0xa Drivers\STM32F4xx_HAL_Driver\Src\stm32f4xx_ll_usb.o
                0x080025ea                USB_GetCurrentFrame
 .text.USB_HC_Init
                0x080025f4      0x10a Drivers\STM32F4xx_HAL_Driver\Src\stm32f4xx_ll_usb.o
                0x080025f4                USB_HC_Init
 .text.USB_HC_ReadInterrupt
                0x080026fe        0xa Drivers\STM32F4xx_HAL_Driver\Src\stm32f4xx_ll_usb.o
                0x080026fe                USB_HC_ReadInterrupt
 .text.USB_HC_Halt
                0x08002708       0xa4 Drivers\STM32F4xx_HAL_Driver\Src\stm32f4xx_ll_usb.o
                0x08002708                USB_HC_Halt
 .text.USB_DoPing
                0x080027ac       0x24 Drivers\STM32F4xx_HAL_Driver\Src\stm32f4xx_ll_usb.o
                0x080027ac                USB_DoPing
 .text.USB_HC_StartXfer
                0x080027d0      0x164 Drivers\STM32F4xx_HAL_Driver\Src\stm32f4xx_ll_usb.o
                0x080027d0                USB_HC_StartXfer
 .text.USB_StopHost
                0x08002934       0x6c Drivers\STM32F4xx_HAL_Driver\Src\stm32f4xx_ll_usb.o
                0x08002934                USB_StopHost
 .text.USBH_CDC_SOFProcess
                0x080029a0        0x4 Middlewares\ST\STM32_USB_Host_Library\Class\CDC\Src\usbh_cdc.o
 .text.USBH_CDC_InterfaceDeInit
                0x080029a4       0x62 Middlewares\ST\STM32_USB_Host_Library\Class\CDC\Src\usbh_cdc.o
 .text.USBH_CDC_InterfaceInit
                0x08002a06      0x12a Middlewares\ST\STM32_USB_Host_Library\Class\CDC\Src\usbh_cdc.o
 .text.USBH_CDC_ClassRequest
                0x08002b30       0x34 Middlewares\ST\STM32_USB_Host_Library\Class\CDC\Src\usbh_cdc.o
 .text.USBH_CDC_TransmitCallback
                0x08002b64        0x2 Middlewares\ST\STM32_USB_Host_Library\Class\CDC\Src\usbh_cdc.o
                0x08002b64                USBH_CDC_TransmitCallback
 .text.USBH_CDC_ReceiveCallback
                0x08002b66        0x2 Middlewares\ST\STM32_USB_Host_Library\Class\CDC\Src\usbh_cdc.o
                0x08002b66                USBH_CDC_ReceiveCallback
 .text.USBH_CDC_LineCodingChanged
                0x08002b68        0x2 Middlewares\ST\STM32_USB_Host_Library\Class\CDC\Src\usbh_cdc.o
                0x08002b68                USBH_CDC_LineCodingChanged
 .text.USBH_CDC_Process
                0x08002b6a      0x172 Middlewares\ST\STM32_USB_Host_Library\Class\CDC\Src\usbh_cdc.o
 .text.DeInitStateMachine
                0x08002cdc       0x44 Middlewares\ST\STM32_USB_Host_Library\Core\Src\usbh_core.o
 .text.USBH_Init
                0x08002d20       0x2e Middlewares\ST\STM32_USB_Host_Library\Core\Src\usbh_core.o
                0x08002d20                USBH_Init
 .text.USBH_RegisterClass
                0x08002d4e       0x1a Middlewares\ST\STM32_USB_Host_Library\Core\Src\usbh_core.o
                0x08002d4e                USBH_RegisterClass
 .text.USBH_SelectInterface
                0x08002d68       0x12 Middlewares\ST\STM32_USB_Host_Library\Core\Src\usbh_core.o
                0x08002d68                USBH_SelectInterface
 .text.USBH_FindInterface
                0x08002d7a       0x3a Middlewares\ST\STM32_USB_Host_Library\Core\Src\usbh_core.o
                0x08002d7a                USBH_FindInterface
 .text.USBH_Start
                0x08002db4       0x14 Middlewares\ST\STM32_USB_Host_Library\Core\Src\usbh_core.o
                0x08002db4                USBH_Start
 .text.USBH_Process
                0x08002dc8      0x28a Middlewares\ST\STM32_USB_Host_Library\Core\Src\usbh_core.o
                0x08002dc8                USBH_Process
 .text.USBH_LL_SetTimer
                0x08003052        0x6 Middlewares\ST\STM32_USB_Host_Library\Core\Src\usbh_core.o
                0x08003052                USBH_LL_SetTimer
 .text.USBH_LL_IncTimer
                0x08003058       0x1c Middlewares\ST\STM32_USB_Host_Library\Core\Src\usbh_core.o
                0x08003058                USBH_LL_IncTimer
 .text.USBH_LL_PortEnabled
                0x08003074        0x8 Middlewares\ST\STM32_USB_Host_Library\Core\Src\usbh_core.o
                0x08003074                USBH_LL_PortEnabled
 .text.USBH_LL_PortDisabled
                0x0800307c        0x8 Middlewares\ST\STM32_USB_Host_Library\Core\Src\usbh_core.o
                0x0800307c                USBH_LL_PortDisabled
 .text.USBH_LL_Connect
                0x08003084       0x28 Middlewares\ST\STM32_USB_Host_Library\Core\Src\usbh_core.o
                0x08003084                USBH_LL_Connect
 .text.USBH_LL_Disconnect
                0x080030ac       0x38 Middlewares\ST\STM32_USB_Host_Library\Core\Src\usbh_core.o
                0x080030ac                USBH_LL_Disconnect
 .text.USBH_CtlReq
                0x080030e4      0x182 Middlewares\ST\STM32_USB_Host_Library\Core\Src\usbh_ctlreq.o
                0x080030e4                USBH_CtlReq
 .text.USBH_GetDescriptor
                0x08003266       0x38 Middlewares\ST\STM32_USB_Host_Library\Core\Src\usbh_ctlreq.o
                0x08003266                USBH_GetDescriptor
 .text.USBH_Get_DevDesc
                0x0800329e       0x90 Middlewares\ST\STM32_USB_Host_Library\Core\Src\usbh_ctlreq.o
                0x0800329e                USBH_Get_DevDesc
 .text.USBH_Get_CfgDesc
                0x0800332e      0x11c Middlewares\ST\STM32_USB_Host_Library\Core\Src\usbh_ctlreq.o
                0x0800332e                USBH_Get_CfgDesc
 .text.USBH_Get_StringDesc
                0x0800344a       0x4e Middlewares\ST\STM32_USB_Host_Library\Core\Src\usbh_ctlreq.o
                0x0800344a                USBH_Get_StringDesc
 .text.USBH_SetAddress
                0x08003498       0x1c Middlewares\ST\STM32_USB_Host_Library\Core\Src\usbh_ctlreq.o
                0x08003498                USBH_SetAddress
 .text.USBH_SetCfg
                0x080034b4       0x1c Middlewares\ST\STM32_USB_Host_Library\Core\Src\usbh_ctlreq.o
                0x080034b4                USBH_SetCfg
 .text.USBH_SetFeature
                0x080034d0       0x1c Middlewares\ST\STM32_USB_Host_Library\Core\Src\usbh_ctlreq.o
                0x080034d0                USBH_SetFeature
 .text.USBH_ClrFeature
                0x080034ec       0x1c Middlewares\ST\STM32_USB_Host_Library\Core\Src\usbh_ctlreq.o
                0x080034ec                USBH_ClrFeature
 .text.USBH_CtlSendSetup
                0x08003508       0x22 Middlewares\ST\STM32_USB_Host_Library\Core\Src\usbh_ioreq.o
                0x08003508                USBH_CtlSendSetup
 .text.USBH_CtlSendData
                0x0800352a       0x2e Middlewares\ST\STM32_USB_Host_Library\Core\Src\usbh_ioreq.o
                0x0800352a                USBH_CtlSendData
 .text.USBH_CtlReceiveData
                0x08003558       0x20 Middlewares\ST\STM32_USB_Host_Library\Core\Src\usbh_ioreq.o
                0x08003558                USBH_CtlReceiveData
 .text.USBH_BulkSendData
                0x08003578       0x2e Middlewares\ST\STM32_USB_Host_Library\Core\Src\usbh_ioreq.o
                0x08003578                USBH_BulkSendData
 .text.USBH_BulkReceiveData
                0x080035a6       0x20 Middlewares\ST\STM32_USB_Host_Library\Core\Src\usbh_ioreq.o
                0x080035a6                USBH_BulkReceiveData
 .text.USBH_OpenPipe
                0x080035c6       0x1e Middlewares\ST\STM32_USB_Host_Library\Core\Src\usbh_pipes.o
                0x080035c6                USBH_OpenPipe
 .text.USBH_ClosePipe
                0x080035e4        0xa Middlewares\ST\STM32_USB_Host_Library\Core\Src\usbh_pipes.o
                0x080035e4                USBH_ClosePipe
 .text.USBH_AllocPipe
                0x080035ee       0x2e Middlewares\ST\STM32_USB_Host_Library\Core\Src\usbh_pipes.o
                0x080035ee                USBH_AllocPipe
 .text.USBH_FreePipe
                0x0800361c       0x18 Middlewares\ST\STM32_USB_Host_Library\Core\Src\usbh_pipes.o
                0x0800361c                USBH_FreePipe
 .text.fs_open_custom
                0x08003634       0x60 Middlewares\Third_Party\LwIP\src\apps\httpd\fs.o
                0x08003634                fs_open_custom
 .text.fs_close_custom
                0x08003694       0x18 Middlewares\Third_Party\LwIP\src\apps\httpd\fs.o
                0x08003694                fs_close_custom
 .text.fs_open  0x080036ac       0x24 Middlewares\Third_Party\LwIP\src\apps\httpd\fs.o
                0x080036ac                fs_open
 .text.fs_close
                0x080036d0        0xa Middlewares\Third_Party\LwIP\src\apps\httpd\fs.o
                0x080036d0                fs_close
 .text.fs_bytes_left
                0x080036da        0x8 Middlewares\Third_Party\LwIP\src\apps\httpd\fs.o
                0x080036da                fs_bytes_left
 *fill*         0x080036e2        0x2 
 .text.http_write
                0x080036e4       0x7c Middlewares\Third_Party\LwIP\src\apps\httpd\httpd.o
 .text.http_state_eof
                0x08003760       0x1e Middlewares\Third_Party\LwIP\src\apps\httpd\httpd.o
 *fill*         0x0800377e        0x2 
 .text.http_get_404_file
                0x08003780       0x3c Middlewares\Third_Party\LwIP\src\apps\httpd\httpd.o
 .text.http_accept
                0x080037bc       0x78 Middlewares\Third_Party\LwIP\src\apps\httpd\httpd.o
 .text.http_close_conn
                0x08003834       0x58 Middlewares\Third_Party\LwIP\src\apps\httpd\httpd.o
 .text.http_check_eof
                0x0800388c       0x3c Middlewares\Third_Party\LwIP\src\apps\httpd\httpd.o
 .text.http_send
                0x080038c8      0x168 Middlewares\Third_Party\LwIP\src\apps\httpd\httpd.o
 .text.http_sent
                0x08003a30       0x18 Middlewares\Third_Party\LwIP\src\apps\httpd\httpd.o
 .text.http_poll
                0x08003a48       0x3a Middlewares\Third_Party\LwIP\src\apps\httpd\httpd.o
 *fill*         0x08003a82        0x2 
 .text.http_recv
                0x08003a84      0x428 Middlewares\Third_Party\LwIP\src\apps\httpd\httpd.o
 .text.http_err
                0x08003eac       0x16 Middlewares\Third_Party\LwIP\src\apps\httpd\httpd.o
 *fill*         0x08003ec2        0x2 
 .text.httpd_init
                0x08003ec4       0x80 Middlewares\Third_Party\LwIP\src\apps\httpd\httpd.o
                0x08003ec4                httpd_init
 .text.lwip_htons
                0x08003f44        0x6 Middlewares\Third_Party\LwIP\src\core\def.o
                0x08003f44                lwip_htons
 .text.lwip_htonl
                0x08003f4a        0x4 Middlewares\Third_Party\LwIP\src\core\def.o
                0x08003f4a                lwip_htonl
 .text.lwip_strnstr
                0x08003f4e       0x3c Middlewares\Third_Party\LwIP\src\core\def.o
                0x08003f4e                lwip_strnstr
 .text.lwip_stricmp
                0x08003f8a       0x2e Middlewares\Third_Party\LwIP\src\core\def.o
                0x08003f8a                lwip_stricmp
 .text.lwip_itoa
                0x08003fb8       0x54 Middlewares\Third_Party\LwIP\src\core\def.o
                0x08003fb8                lwip_itoa
 .text.lwip_init
                0x0800400c       0x1e Middlewares\Third_Party\LwIP\src\core\init.o
                0x0800400c                lwip_init
 *fill*         0x0800402a        0x2 
 .text.etharp_free_entry
                0x0800402c       0x28 Middlewares\Third_Party\LwIP\src\core\ipv4\etharp.o
 .text.etharp_raw
                0x08004054       0xd8 Middlewares\Third_Party\LwIP\src\core\ipv4\etharp.o
 .text.etharp_find_entry.isra.0
                0x0800412c      0x114 Middlewares\Third_Party\LwIP\src\core\ipv4\etharp.o
 .text.etharp_cleanup_netif
                0x08004240       0x28 Middlewares\Third_Party\LwIP\src\core\ipv4\etharp.o
                0x08004240                etharp_cleanup_netif
 .text.etharp_input
                0x08004268      0x13c Middlewares\Third_Party\LwIP\src\core\ipv4\etharp.o
                0x08004268                etharp_input
 .text.etharp_request
                0x080043a4       0x2c Middlewares\Third_Party\LwIP\src\core\ipv4\etharp.o
                0x080043a4                etharp_request
 .text.etharp_tmr
                0x080043d0       0x54 Middlewares\Third_Party\LwIP\src\core\ipv4\etharp.o
                0x080043d0                etharp_tmr
 .text.etharp_output_to_arp_index
                0x08004424       0xb8 Middlewares\Third_Party\LwIP\src\core\ipv4\etharp.o
 .text.etharp_query
                0x080044dc      0x150 Middlewares\Third_Party\LwIP\src\core\ipv4\etharp.o
                0x080044dc                etharp_query
 .text.etharp_output
                0x0800462c      0x128 Middlewares\Third_Party\LwIP\src\core\ipv4\etharp.o
                0x0800462c                etharp_output
 .text.icmp_send_response.isra.0
                0x08004754       0x94 Middlewares\Third_Party\LwIP\src\core\ipv4\icmp.o
 .text.icmp_input
                0x080047e8      0x130 Middlewares\Third_Party\LwIP\src\core\ipv4\icmp.o
                0x080047e8                icmp_input
 .text.icmp_dest_unreach
                0x08004918        0xa Middlewares\Third_Party\LwIP\src\core\ipv4\icmp.o
                0x08004918                icmp_dest_unreach
 .text.icmp_time_exceeded
                0x08004922        0xa Middlewares\Third_Party\LwIP\src\core\ipv4\icmp.o
                0x08004922                icmp_time_exceeded
 .text.ip4_route
                0x0800492c       0x58 Middlewares\Third_Party\LwIP\src\core\ipv4\ip4.o
                0x0800492c                ip4_route
 .text.ip4_input
                0x08004984      0x184 Middlewares\Third_Party\LwIP\src\core\ipv4\ip4.o
                0x08004984                ip4_input
 .text.ip4_output_if_src
                0x08004b08       0xf0 Middlewares\Third_Party\LwIP\src\core\ipv4\ip4.o
                0x08004b08                ip4_output_if_src
 .text.ip4_output_if
                0x08004bf8       0x22 Middlewares\Third_Party\LwIP\src\core\ipv4\ip4.o
                0x08004bf8                ip4_output_if
 .text.ip4_addr_isbroadcast_u32
                0x08004c1a       0x32 Middlewares\Third_Party\LwIP\src\core\ipv4\ip4_addr.o
                0x08004c1a                ip4_addr_isbroadcast_u32
 .text.ip_reass_dequeue_datagram
                0x08004c4c       0x44 Middlewares\Third_Party\LwIP\src\core\ipv4\ip4_frag.o
 .text.ip_reass_free_complete_datagram
                0x08004c90       0xe8 Middlewares\Third_Party\LwIP\src\core\ipv4\ip4_frag.o
 .text.ip_reass_remove_oldest_datagram
                0x08004d78       0x78 Middlewares\Third_Party\LwIP\src\core\ipv4\ip4_frag.o
 .text.ip_frag_free_pbuf_custom_ref
                0x08004df0       0x2c Middlewares\Third_Party\LwIP\src\core\ipv4\ip4_frag.o
 .text.ipfrag_free_pbuf_custom
                0x08004e1c       0x34 Middlewares\Third_Party\LwIP\src\core\ipv4\ip4_frag.o
 .text.ip_reass_tmr
                0x08004e50       0x28 Middlewares\Third_Party\LwIP\src\core\ipv4\ip4_frag.o
                0x08004e50                ip_reass_tmr
 .text.ip4_reass
                0x08004e78      0x354 Middlewares\Third_Party\LwIP\src\core\ipv4\ip4_frag.o
                0x08004e78                ip4_reass
 .text.ip4_frag
                0x080051cc      0x1b4 Middlewares\Third_Party\LwIP\src\core\ipv4\ip4_frag.o
                0x080051cc                ip4_frag
 .text.mem_init
                0x08005380       0x40 Middlewares\Third_Party\LwIP\src\core\mem.o
                0x08005380                mem_init
 .text.mem_free
                0x080053c0      0x150 Middlewares\Third_Party\LwIP\src\core\mem.o
                0x080053c0                mem_free
 .text.mem_trim
                0x08005510       0xf0 Middlewares\Third_Party\LwIP\src\core\mem.o
                0x08005510                mem_trim
 .text.mem_malloc
                0x08005600      0x124 Middlewares\Third_Party\LwIP\src\core\mem.o
                0x08005600                mem_malloc
 .text.do_memp_malloc_pool.isra.0
                0x08005724       0x2c Middlewares\Third_Party\LwIP\src\core\memp.o
 .text.do_memp_free_pool.isra.1
                0x08005750       0x30 Middlewares\Third_Party\LwIP\src\core\memp.o
 .text.memp_init_pool
                0x08005780       0x26 Middlewares\Third_Party\LwIP\src\core\memp.o
                0x08005780                memp_init_pool
 *fill*         0x080057a6        0x2 
 .text.memp_init
                0x080057a8       0x1c Middlewares\Third_Party\LwIP\src\core\memp.o
                0x080057a8                memp_init
 .text.memp_malloc
                0x080057c4       0x38 Middlewares\Third_Party\LwIP\src\core\memp.o
                0x080057c4                memp_malloc
 .text.memp_free
                0x080057fc       0x34 Middlewares\Third_Party\LwIP\src\core\memp.o
                0x080057fc                memp_free
 .text.netif_issue_reports.part.0
                0x08005830       0x12 Middlewares\Third_Party\LwIP\src\core\netif.o
 .text.netif_init
                0x08005842        0x2 Middlewares\Third_Party\LwIP\src\core\netif.o
                0x08005842                netif_init
 .text.netif_set_ipaddr
                0x08005844       0x44 Middlewares\Third_Party\LwIP\src\core\netif.o
                0x08005844                netif_set_ipaddr
 .text.netif_set_addr
                0x08005888       0x38 Middlewares\Third_Party\LwIP\src\core\netif.o
                0x08005888                netif_set_addr
 .text.netif_add
                0x080058c0       0x7c Middlewares\Third_Party\LwIP\src\core\netif.o
                0x080058c0                netif_add
 .text.netif_set_default
                0x0800593c        0xc Middlewares\Third_Party\LwIP\src\core\netif.o
                0x0800593c                netif_set_default
 .text.netif_set_up
                0x08005948       0x1e Middlewares\Third_Party\LwIP\src\core\netif.o
                0x08005948                netif_set_up
 .text.netif_set_down
                0x08005966       0x1a Middlewares\Third_Party\LwIP\src\core\netif.o
                0x08005966                netif_set_down
 .text.pbuf_header_impl
                0x08005980       0x9c Middlewares\Third_Party\LwIP\src\core\pbuf.o
 .text.pbuf_free_ooseq
                0x08005a1c       0x2c Middlewares\Third_Party\LwIP\src\core\pbuf.o
                0x08005a1c                pbuf_free_ooseq
 .text.pbuf_alloced_custom
                0x08005a48       0x70 Middlewares\Third_Party\LwIP\src\core\pbuf.o
                0x08005a48                pbuf_alloced_custom
 .text.pbuf_header
                0x08005ab8        0x6 Middlewares\Third_Party\LwIP\src\core\pbuf.o
                0x08005ab8                pbuf_header
 .text.pbuf_header_force
                0x08005abe        0x6 Middlewares\Third_Party\LwIP\src\core\pbuf.o
                0x08005abe                pbuf_header_force
 .text.pbuf_free
                0x08005ac4       0xc4 Middlewares\Third_Party\LwIP\src\core\pbuf.o
                0x08005ac4                pbuf_free
 .text.pbuf_alloc
                0x08005b88      0x1c0 Middlewares\Third_Party\LwIP\src\core\pbuf.o
                0x08005b88                pbuf_alloc
 .text.pbuf_realloc
                0x08005d48       0xe0 Middlewares\Third_Party\LwIP\src\core\pbuf.o
                0x08005d48                pbuf_realloc
 .text.pbuf_clen
                0x08005e28       0x10 Middlewares\Third_Party\LwIP\src\core\pbuf.o
                0x08005e28                pbuf_clen
 .text.pbuf_ref
                0x08005e38       0x28 Middlewares\Third_Party\LwIP\src\core\pbuf.o
                0x08005e38                pbuf_ref
 .text.pbuf_cat
                0x08005e60       0x74 Middlewares\Third_Party\LwIP\src\core\pbuf.o
                0x08005e60                pbuf_cat
 .text.pbuf_copy
                0x08005ed4      0x114 Middlewares\Third_Party\LwIP\src\core\pbuf.o
                0x08005ed4                pbuf_copy
 .text.pbuf_copy_partial
                0x08005fe8       0x8c Middlewares\Third_Party\LwIP\src\core\pbuf.o
                0x08005fe8                pbuf_copy_partial
 .text.tcp_new_port
                0x08006074       0x50 Middlewares\Third_Party\LwIP\src\core\tcp.o
 .text.tcp_close_shutdown_fin
                0x080060c4       0x60 Middlewares\Third_Party\LwIP\src\core\tcp.o
 .text.tcp_init
                0x08006124        0x2 Middlewares\Third_Party\LwIP\src\core\tcp.o
                0x08006124                tcp_init
 *fill*         0x08006126        0x2 
 .text.tcp_bind
                0x08006128       0x94 Middlewares\Third_Party\LwIP\src\core\tcp.o
                0x08006128                tcp_bind
 .text.tcp_listen_with_backlog_and_err
                0x080061bc       0xb0 Middlewares\Third_Party\LwIP\src\core\tcp.o
                0x080061bc                tcp_listen_with_backlog_and_err
 .text.tcp_listen_with_backlog
                0x0800626c        0x6 Middlewares\Third_Party\LwIP\src\core\tcp.o
                0x0800626c                tcp_listen_with_backlog
 *fill*         0x08006272        0x2 
 .text.tcp_update_rcv_ann_wnd
                0x08006274       0x58 Middlewares\Third_Party\LwIP\src\core\tcp.o
                0x08006274                tcp_update_rcv_ann_wnd
 .text.tcp_recved
                0x080062cc       0x7c Middlewares\Third_Party\LwIP\src\core\tcp.o
                0x080062cc                tcp_recved
 .text.tcp_seg_free
                0x08006348       0x1c Middlewares\Third_Party\LwIP\src\core\tcp.o
                0x08006348                tcp_seg_free
 .text.tcp_segs_free
                0x08006364       0x10 Middlewares\Third_Party\LwIP\src\core\tcp.o
                0x08006364                tcp_segs_free
 .text.tcp_setprio
                0x08006374        0x4 Middlewares\Third_Party\LwIP\src\core\tcp.o
                0x08006374                tcp_setprio
 .text.tcp_seg_copy
                0x08006378       0x2c Middlewares\Third_Party\LwIP\src\core\tcp.o
                0x08006378                tcp_seg_copy
 .text.tcp_arg  0x080063a4        0x6 Middlewares\Third_Party\LwIP\src\core\tcp.o
                0x080063a4                tcp_arg
 *fill*         0x080063aa        0x2 
 .text.tcp_recv
                0x080063ac       0x30 Middlewares\Third_Party\LwIP\src\core\tcp.o
                0x080063ac                tcp_recv
 .text.tcp_sent
                0x080063dc       0x2c Middlewares\Third_Party\LwIP\src\core\tcp.o
                0x080063dc                tcp_sent
 .text.tcp_err  0x08006408       0x30 Middlewares\Third_Party\LwIP\src\core\tcp.o
                0x08006408                tcp_err
 .text.tcp_accept
                0x08006438        0xc Middlewares\Third_Party\LwIP\src\core\tcp.o
                0x08006438                tcp_accept
 .text.tcp_poll
                0x08006444       0x30 Middlewares\Third_Party\LwIP\src\core\tcp.o
                0x08006444                tcp_poll
 .text.tcp_pcb_purge
                0x08006474       0x40 Middlewares\Third_Party\LwIP\src\core\tcp.o
                0x08006474                tcp_pcb_purge
 .text.tcp_slowtmr
                0x080064b4      0x3c4 Middlewares\Third_Party\LwIP\src\core\tcp.o
                0x080064b4                tcp_slowtmr
 .text.tcp_pcb_remove
                0x08006878       0xa0 Middlewares\Third_Party\LwIP\src\core\tcp.o
                0x08006878                tcp_pcb_remove
 .text.tcp_close_shutdown
                0x08006918      0x14c Middlewares\Third_Party\LwIP\src\core\tcp.o
 .text.tcp_close
                0x08006a64       0x14 Middlewares\Third_Party\LwIP\src\core\tcp.o
                0x08006a64                tcp_close
 .text.tcp_recv_null
                0x08006a78       0x24 Middlewares\Third_Party\LwIP\src\core\tcp.o
                0x08006a78                tcp_recv_null
 .text.tcp_process_refused_data
                0x08006a9c       0x66 Middlewares\Third_Party\LwIP\src\core\tcp.o
                0x08006a9c                tcp_process_refused_data
 *fill*         0x08006b02        0x2 
 .text.tcp_fasttmr
                0x08006b04       0x80 Middlewares\Third_Party\LwIP\src\core\tcp.o
                0x08006b04                tcp_fasttmr
 .text.tcp_tmr  0x08006b84       0x24 Middlewares\Third_Party\LwIP\src\core\tcp.o
                0x08006b84                tcp_tmr
 .text.tcp_abandon
                0x08006ba8       0xec Middlewares\Third_Party\LwIP\src\core\tcp.o
                0x08006ba8                tcp_abandon
 .text.tcp_abort
                0x08006c94        0x6 Middlewares\Third_Party\LwIP\src\core\tcp.o
                0x08006c94                tcp_abort
 .text.tcp_accept_null
                0x08006c9a        0xe Middlewares\Third_Party\LwIP\src\core\tcp.o
 .text.tcp_netif_ip_addr_changed_pcblist
                0x08006ca8       0x1c Middlewares\Third_Party\LwIP\src\core\tcp.o
 .text.tcp_kill_state
                0x08006cc4       0x60 Middlewares\Third_Party\LwIP\src\core\tcp.o
 .text.tcp_alloc
                0x08006d24      0x110 Middlewares\Third_Party\LwIP\src\core\tcp.o
                0x08006d24                tcp_alloc
 .text.tcp_new_ip_type
                0x08006e34        0x6 Middlewares\Third_Party\LwIP\src\core\tcp.o
                0x08006e34                tcp_new_ip_type
 *fill*         0x08006e3a        0x2 
 .text.tcp_next_iss
                0x08006e3c       0x18 Middlewares\Third_Party\LwIP\src\core\tcp.o
                0x08006e3c                tcp_next_iss
 .text.tcp_eff_send_mss_impl
                0x08006e54       0x1e Middlewares\Third_Party\LwIP\src\core\tcp.o
                0x08006e54                tcp_eff_send_mss_impl
 *fill*         0x08006e72        0x2 
 .text.tcp_netif_ip_addr_changed
                0x08006e74       0x4c Middlewares\Third_Party\LwIP\src\core\tcp.o
                0x08006e74                tcp_netif_ip_addr_changed
 .text.tcp_oos_insert_segment
                0x08006ec0       0x7c Middlewares\Third_Party\LwIP\src\core\tcp_in.o
 .text.tcp_receive
                0x08006f3c      0x998 Middlewares\Third_Party\LwIP\src\core\tcp_in.o
 .text.tcp_getoptbyte
                0x080078d4       0x40 Middlewares\Third_Party\LwIP\src\core\tcp_in.o
 .text.tcp_parseopt.isra.1.part.2
                0x08007914       0x70 Middlewares\Third_Party\LwIP\src\core\tcp_in.o
 .text.tcp_input_delayed_close
                0x08007984       0x40 Middlewares\Third_Party\LwIP\src\core\tcp_in.o
 .text.tcp_input
                0x080079c4      0x9fc Middlewares\Third_Party\LwIP\src\core\tcp_in.o
                0x080079c4                tcp_input
 .text.tcp_trigger_input_pcb_close
                0x080083c0       0x10 Middlewares\Third_Party\LwIP\src\core\tcp_in.o
                0x080083c0                tcp_trigger_input_pcb_close
 .text.tcp_pbuf_prealloc
                0x080083d0       0x74 Middlewares\Third_Party\LwIP\src\core\tcp_out.o
 .text.tcp_create_segment
                0x08008444       0xd0 Middlewares\Third_Party\LwIP\src\core\tcp_out.o
 .text.tcp_output_alloc_header.constprop.0
                0x08008514       0x78 Middlewares\Third_Party\LwIP\src\core\tcp_out.o
 .text.tcp_write
                0x0800858c      0x52c Middlewares\Third_Party\LwIP\src\core\tcp_out.o
                0x0800858c                tcp_write
 .text.tcp_enqueue_flags
                0x08008ab8      0x130 Middlewares\Third_Party\LwIP\src\core\tcp_out.o
                0x08008ab8                tcp_enqueue_flags
 .text.tcp_send_fin
                0x08008be8       0x44 Middlewares\Third_Party\LwIP\src\core\tcp_out.o
                0x08008be8                tcp_send_fin
 .text.tcp_send_empty_ack
                0x08008c2c       0x6a Middlewares\Third_Party\LwIP\src\core\tcp_out.o
                0x08008c2c                tcp_send_empty_ack
 *fill*         0x08008c96        0x2 
 .text.tcp_output
                0x08008c98      0x2fc Middlewares\Third_Party\LwIP\src\core\tcp_out.o
                0x08008c98                tcp_output
 .text.tcp_rst  0x08008f94       0xb4 Middlewares\Third_Party\LwIP\src\core\tcp_out.o
                0x08008f94                tcp_rst
 .text.tcp_rexmit_rto
                0x08009048       0x38 Middlewares\Third_Party\LwIP\src\core\tcp_out.o
                0x08009048                tcp_rexmit_rto
 .text.tcp_rexmit
                0x08009080       0x52 Middlewares\Third_Party\LwIP\src\core\tcp_out.o
                0x08009080                tcp_rexmit
 .text.tcp_rexmit_fast
                0x080090d2       0x4e Middlewares\Third_Party\LwIP\src\core\tcp_out.o
                0x080090d2                tcp_rexmit_fast
 .text.tcp_keepalive
                0x08009120       0x54 Middlewares\Third_Party\LwIP\src\core\tcp_out.o
                0x08009120                tcp_keepalive
 .text.tcp_zero_window_probe
                0x08009174       0xc0 Middlewares\Third_Party\LwIP\src\core\tcp_out.o
                0x08009174                tcp_zero_window_probe
 .text.sys_timeout
                0x08009234       0xa4 Middlewares\Third_Party\LwIP\src\core\timeouts.o
                0x08009234                sys_timeout
 .text.tcp_timer_needed
                0x080092d8       0x34 Middlewares\Third_Party\LwIP\src\core\timeouts.o
                0x080092d8                tcp_timer_needed
 .text.tcpip_tcp_timer
                0x0800930c       0x38 Middlewares\Third_Party\LwIP\src\core\timeouts.o
 .text.sys_timeouts_init
                0x08009344       0x38 Middlewares\Third_Party\LwIP\src\core\timeouts.o
                0x08009344                sys_timeouts_init
 .text.cyclic_timer
                0x0800937c       0x1c Middlewares\Third_Party\LwIP\src\core\timeouts.o
 .text.sys_check_timeouts
                0x08009398       0x60 Middlewares\Third_Party\LwIP\src\core\timeouts.o
                0x08009398                sys_check_timeouts
 .text.udp_init
                0x080093f8        0x2 Middlewares\Third_Party\LwIP\src\core\udp.o
                0x080093f8                udp_init
 *fill*         0x080093fa        0x2 
 .text.udp_input
                0x080093fc      0x130 Middlewares\Third_Party\LwIP\src\core\udp.o
                0x080093fc                udp_input
 .text.udp_netif_ip_addr_changed
                0x0800952c       0x2c Middlewares\Third_Party\LwIP\src\core\udp.o
                0x0800952c                udp_netif_ip_addr_changed
 .text.ethernet_input
                0x08009558       0x98 Middlewares\Third_Party\LwIP\src\netif\ethernet.o
                0x08009558                ethernet_input
 .text.ethernet_output
                0x080095f0       0x70 Middlewares\Third_Party\LwIP\src\netif\ethernet.o
                0x080095f0                ethernet_output
 .text.low_level_output
                0x08009660       0xa0 Src\ethernetif.o
 .text.HAL_ETH_MspInit
                0x08009700       0xec Src\ethernetif.o
                0x08009700                HAL_ETH_MspInit
 .text.ethernetif_input
                0x080097ec       0xe0 Src\ethernetif.o
                0x080097ec                ethernetif_input
 .text.ethernetif_init
                0x080098cc      0x12c Src\ethernetif.o
                0x080098cc                ethernetif_init
 .text.sys_now  0x080099f8        0x4 Src\ethernetif.o
                0x080099f8                sys_now
 .text.MX_LWIP_Init
                0x080099fc       0xdc Src\lwip.o
                0x080099fc                MX_LWIP_Init
 .text.MX_LWIP_Process
                0x08009ad8       0x14 Src\lwip.o
                0x08009ad8                MX_LWIP_Process
 .text.SystemClock_Config
                0x08009aec       0x98 Src\main.o
                0x08009aec                SystemClock_Config
 .text.startup.main
                0x08009b84      0x2c0 Src\main.o
                0x08009b84                main
 .text.Error_Handler
                0x08009e44        0x2 Src\main.o
                0x08009e44                Error_Handler
 *fill*         0x08009e46        0x2 
 .text.HAL_MspInit
                0x08009e48       0x38 Src\stm32f4xx_hal_msp.o
                0x08009e48                HAL_MspInit
 .text.HAL_I2C_MspInit
                0x08009e80       0x74 Src\stm32f4xx_hal_msp.o
                0x08009e80                HAL_I2C_MspInit
 .text.HAL_SPI_MspInit
                0x08009ef4       0x98 Src\stm32f4xx_hal_msp.o
                0x08009ef4                HAL_SPI_MspInit
 .text.HAL_UART_MspInit
                0x08009f8c      0x104 Src\stm32f4xx_hal_msp.o
                0x08009f8c                HAL_UART_MspInit
 .text.NMI_Handler
                0x0800a090        0x2 Src\stm32f4xx_it.o
                0x0800a090                NMI_Handler
 .text.HardFault_Handler
                0x0800a092        0x2 Src\stm32f4xx_it.o
                0x0800a092                HardFault_Handler
 .text.MemManage_Handler
                0x0800a094        0x2 Src\stm32f4xx_it.o
                0x0800a094                MemManage_Handler
 .text.BusFault_Handler
                0x0800a096        0x2 Src\stm32f4xx_it.o
                0x0800a096                BusFault_Handler
 .text.UsageFault_Handler
                0x0800a098        0x2 Src\stm32f4xx_it.o
                0x0800a098                UsageFault_Handler
 .text.SVC_Handler
                0x0800a09a        0x2 Src\stm32f4xx_it.o
                0x0800a09a                SVC_Handler
 .text.DebugMon_Handler
                0x0800a09c        0x2 Src\stm32f4xx_it.o
                0x0800a09c                DebugMon_Handler
 .text.PendSV_Handler
                0x0800a09e        0x2 Src\stm32f4xx_it.o
                0x0800a09e                PendSV_Handler
 .text.SysTick_Handler
                0x0800a0a0        0x4 Src\stm32f4xx_it.o
                0x0800a0a0                SysTick_Handler
 .text.OTG_FS_IRQHandler
                0x0800a0a4        0xc Src\stm32f4xx_it.o
                0x0800a0a4                OTG_FS_IRQHandler
 .text._read    0x0800a0b0       0x1c Src\syscalls.o
                0x0800a0b0                _read
 .text._write   0x0800a0cc       0x1c Src\syscalls.o
                0x0800a0cc                _write
 .text._sbrk    0x0800a0e8       0x34 Src\syscalls.o
                0x0800a0e8                _sbrk
 .text._close   0x0800a11c        0x6 Src\syscalls.o
                0x0800a11c                _close
 .text._fstat   0x0800a122        0xa Src\syscalls.o
                0x0800a122                _fstat
 .text._isatty  0x0800a12c        0x4 Src\syscalls.o
                0x0800a12c                _isatty
 .text._lseek   0x0800a130        0x4 Src\syscalls.o
                0x0800a130                _lseek
 .text.SystemInit
                0x0800a134       0x1c Src\system_stm32f4xx.o
                0x0800a134                SystemInit
 .text.USBH_UserProcess
                0x0800a150       0x24 Src\usb_host.o
 .text.MX_USB_HOST_Init
                0x0800a174       0x40 Src\usb_host.o
                0x0800a174                MX_USB_HOST_Init
 .text.MX_USB_HOST_Process
                0x0800a1b4        0xc Src\usb_host.o
                0x0800a1b4                MX_USB_HOST_Process
 .text.HAL_HCD_MspInit
                0x0800a1c0       0x94 Src\usbh_conf.o
                0x0800a1c0                HAL_HCD_MspInit
 .text.HAL_HCD_SOF_Callback
                0x0800a254        0x8 Src\usbh_conf.o
                0x0800a254                HAL_HCD_SOF_Callback
 .text.HAL_HCD_Connect_Callback
                0x0800a25c        0x8 Src\usbh_conf.o
                0x0800a25c                HAL_HCD_Connect_Callback
 .text.HAL_HCD_Disconnect_Callback
                0x0800a264        0x8 Src\usbh_conf.o
                0x0800a264                HAL_HCD_Disconnect_Callback
 .text.HAL_HCD_HC_NotifyURBChange_Callback
                0x0800a26c        0x2 Src\usbh_conf.o
                0x0800a26c                HAL_HCD_HC_NotifyURBChange_Callback
 .text.HAL_HCD_PortEnabled_Callback
                0x0800a26e        0x8 Src\usbh_conf.o
                0x0800a26e                HAL_HCD_PortEnabled_Callback
 .text.HAL_HCD_PortDisabled_Callback
                0x0800a276        0x8 Src\usbh_conf.o
                0x0800a276                HAL_HCD_PortDisabled_Callback
 *fill*         0x0800a27e        0x2 
 .text.USBH_LL_Init
                0x0800a280       0x4c Src\usbh_conf.o
                0x0800a280                USBH_LL_Init
 .text.USBH_LL_Start
                0x0800a2cc       0x1c Src\usbh_conf.o
                0x0800a2cc                USBH_LL_Start
 .text.USBH_LL_Stop
                0x0800a2e8       0x1c Src\usbh_conf.o
                0x0800a2e8                USBH_LL_Stop
 .text.USBH_LL_GetSpeed
                0x0800a304       0x1c Src\usbh_conf.o
                0x0800a304                USBH_LL_GetSpeed
 .text.USBH_LL_ResetPort
                0x0800a320       0x1c Src\usbh_conf.o
                0x0800a320                USBH_LL_ResetPort
 .text.USBH_LL_GetLastXferSize
                0x0800a33c        0x8 Src\usbh_conf.o
                0x0800a33c                USBH_LL_GetLastXferSize
 .text.USBH_LL_OpenPipe
                0x0800a344       0x30 Src\usbh_conf.o
                0x0800a344                USBH_LL_OpenPipe
 .text.USBH_LL_ClosePipe
                0x0800a374       0x1c Src\usbh_conf.o
                0x0800a374                USBH_LL_ClosePipe
 .text.USBH_LL_SubmitURB
                0x0800a390       0x34 Src\usbh_conf.o
                0x0800a390                USBH_LL_SubmitURB
 .text.USBH_LL_GetURBState
                0x0800a3c4        0x8 Src\usbh_conf.o
                0x0800a3c4                USBH_LL_GetURBState
 .text.USBH_LL_DriverVBUS
                0x0800a3cc       0x1a Src\usbh_conf.o
                0x0800a3cc                USBH_LL_DriverVBUS
 .text.USBH_LL_SetToggle
                0x0800a3e6       0x1e Src\usbh_conf.o
                0x0800a3e6                USBH_LL_SetToggle
 .text.USBH_Delay
                0x0800a404        0x4 Src\usbh_conf.o
                0x0800a404                USBH_Delay
 .text.MX_DriverVbusFS
                0x0800a408       0x14 Src\usbh_platform.o
                0x0800a408                MX_DriverVbusFS
 .text.Reset_Handler
                0x0800a41c       0x50 startup\startup_stm32f407xx.o
                0x0800a41c                Reset_Handler
 .text.Default_Handler
                0x0800a46c        0x2 startup\startup_stm32f407xx.o
                0x0800a46c                RTC_Alarm_IRQHandler
                0x0800a46c                HASH_RNG_IRQHandler
                0x0800a46c                EXTI2_IRQHandler
                0x0800a46c                TIM8_CC_IRQHandler
                0x0800a46c                TIM1_CC_IRQHandler
                0x0800a46c                DMA2_Stream5_IRQHandler
                0x0800a46c                DMA1_Stream5_IRQHandler
                0x0800a46c                PVD_IRQHandler
                0x0800a46c                SDIO_IRQHandler
                0x0800a46c                TAMP_STAMP_IRQHandler
                0x0800a46c                CAN2_RX1_IRQHandler
                0x0800a46c                EXTI3_IRQHandler
                0x0800a46c                TIM8_TRG_COM_TIM14_IRQHandler
                0x0800a46c                TIM1_UP_TIM10_IRQHandler
                0x0800a46c                TIM8_UP_TIM13_IRQHandler
                0x0800a46c                I2C3_ER_IRQHandler
                0x0800a46c                EXTI0_IRQHandler
                0x0800a46c                I2C2_EV_IRQHandler
                0x0800a46c                DMA1_Stream2_IRQHandler
                0x0800a46c                CAN1_RX0_IRQHandler
                0x0800a46c                FPU_IRQHandler
                0x0800a46c                OTG_HS_WKUP_IRQHandler
                0x0800a46c                CAN2_SCE_IRQHandler
                0x0800a46c                DMA2_Stream2_IRQHandler
                0x0800a46c                SPI1_IRQHandler
                0x0800a46c                TIM6_DAC_IRQHandler
                0x0800a46c                TIM1_BRK_TIM9_IRQHandler
                0x0800a46c                DCMI_IRQHandler
                0x0800a46c                CAN2_RX0_IRQHandler
                0x0800a46c                DMA2_Stream3_IRQHandler
                0x0800a46c                USART6_IRQHandler
                0x0800a46c                USART3_IRQHandler
                0x0800a46c                CAN1_RX1_IRQHandler
                0x0800a46c                UART5_IRQHandler
                0x0800a46c                DMA2_Stream0_IRQHandler
                0x0800a46c                TIM4_IRQHandler
                0x0800a46c                I2C1_EV_IRQHandler
                0x0800a46c                DMA1_Stream6_IRQHandler
                0x0800a46c                DMA1_Stream1_IRQHandler
                0x0800a46c                UART4_IRQHandler
                0x0800a46c                TIM3_IRQHandler
                0x0800a46c                RCC_IRQHandler
                0x0800a46c                TIM8_BRK_TIM12_IRQHandler
                0x0800a46c                Default_Handler
                0x0800a46c                EXTI15_10_IRQHandler
                0x0800a46c                ADC_IRQHandler
                0x0800a46c                DMA1_Stream7_IRQHandler
                0x0800a46c                TIM7_IRQHandler
                0x0800a46c                CAN2_TX_IRQHandler
                0x0800a46c                TIM5_IRQHandler
                0x0800a46c                DMA2_Stream7_IRQHandler
                0x0800a46c                I2C3_EV_IRQHandler
                0x0800a46c                EXTI9_5_IRQHandler
                0x0800a46c                RTC_WKUP_IRQHandler
                0x0800a46c                ETH_WKUP_IRQHandler
                0x0800a46c                SPI2_IRQHandler
                0x0800a46c                OTG_HS_EP1_IN_IRQHandler
                0x0800a46c                DMA1_Stream0_IRQHandler
                0x0800a46c                CAN1_TX_IRQHandler
                0x0800a46c                EXTI4_IRQHandler
                0x0800a46c                FSMC_IRQHandler
                0x0800a46c                ETH_IRQHandler
                0x0800a46c                OTG_HS_EP1_OUT_IRQHandler
                0x0800a46c                WWDG_IRQHandler
                0x0800a46c                TIM2_IRQHandler
                0x0800a46c                OTG_FS_WKUP_IRQHandler
                0x0800a46c                TIM1_TRG_COM_TIM11_IRQHandler
                0x0800a46c                OTG_HS_IRQHandler
                0x0800a46c                EXTI1_IRQHandler
                0x0800a46c                USART2_IRQHandler
                0x0800a46c                I2C2_ER_IRQHandler
                0x0800a46c                DMA2_Stream1_IRQHandler
                0x0800a46c                CAN1_SCE_IRQHandler
                0x0800a46c                FLASH_IRQHandler
                0x0800a46c                DMA2_Stream4_IRQHandler
                0x0800a46c                USART1_IRQHandler
                0x0800a46c                SPI3_IRQHandler
                0x0800a46c                DMA1_Stream4_IRQHandler
                0x0800a46c                I2C1_ER_IRQHandler
                0x0800a46c                DMA2_Stream6_IRQHandler
                0x0800a46c                DMA1_Stream3_IRQHandler
 *fill*         0x0800a46e        0x2 
 .text.__libc_init_array
                0x0800a470       0x48 c:/program files (x86)/atollic/truestudio for stm32 9.3.0/armtools/bin/../lib/gcc/arm-atollic-eabi/6.3.1/../../../../arm-atollic-eabi/lib/armv7e-m/fpu\libc_nano.a(lib_a-init.o)
                0x0800a470                __libc_init_array
 .text.malloc   0x0800a4b8       0x10 c:/program files (x86)/atollic/truestudio for stm32 9.3.0/armtools/bin/../lib/gcc/arm-atollic-eabi/6.3.1/../../../../arm-atollic-eabi/lib/armv7e-m/fpu\libc_nano.a(lib_a-malloc.o)
                0x0800a4b8                malloc
 .text.free     0x0800a4c8       0x10 c:/program files (x86)/atollic/truestudio for stm32 9.3.0/armtools/bin/../lib/gcc/arm-atollic-eabi/6.3.1/../../../../arm-atollic-eabi/lib/armv7e-m/fpu\libc_nano.a(lib_a-malloc.o)
                0x0800a4c8                free
 .text.memcmp   0x0800a4d8       0x1e c:/program files (x86)/atollic/truestudio for stm32 9.3.0/armtools/bin/../lib/gcc/arm-atollic-eabi/6.3.1/../../../../arm-atollic-eabi/lib/armv7e-m/fpu\libc_nano.a(lib_a-memcmp.o)
                0x0800a4d8                memcmp
 .text.memcpy   0x0800a4f6       0x16 c:/program files (x86)/atollic/truestudio for stm32 9.3.0/armtools/bin/../lib/gcc/arm-atollic-eabi/6.3.1/../../../../arm-atollic-eabi/lib/armv7e-m/fpu\libc_nano.a(lib_a-memcpy-stub.o)
                0x0800a4f6                memcpy
 .text.memset   0x0800a50c       0x10 c:/program files (x86)/atollic/truestudio for stm32 9.3.0/armtools/bin/../lib/gcc/arm-atollic-eabi/6.3.1/../../../../arm-atollic-eabi/lib/armv7e-m/fpu\libc_nano.a(lib_a-memset.o)
                0x0800a50c                memset
 .text._free_r  0x0800a51c       0x9c c:/program files (x86)/atollic/truestudio for stm32 9.3.0/armtools/bin/../lib/gcc/arm-atollic-eabi/6.3.1/../../../../arm-atollic-eabi/lib/armv7e-m/fpu\libc_nano.a(lib_a-nano-freer.o)
                0x0800a51c                _free_r
 .text._malloc_r
                0x0800a5b8       0xbc c:/program files (x86)/atollic/truestudio for stm32 9.3.0/armtools/bin/../lib/gcc/arm-atollic-eabi/6.3.1/../../../../arm-atollic-eabi/lib/armv7e-m/fpu\libc_nano.a(lib_a-nano-mallocr.o)
                0x0800a5b8                _malloc_r
 .text.printf   0x0800a674       0x30 c:/program files (x86)/atollic/truestudio for stm32 9.3.0/armtools/bin/../lib/gcc/arm-atollic-eabi/6.3.1/../../../../arm-atollic-eabi/lib/armv7e-m/fpu\libc_nano.a(lib_a-printf.o)
                0x0800a674                iprintf
                0x0800a674                printf
 .text._sbrk_r  0x0800a6a4       0x20 c:/program files (x86)/atollic/truestudio for stm32 9.3.0/armtools/bin/../lib/gcc/arm-atollic-eabi/6.3.1/../../../../arm-atollic-eabi/lib/armv7e-m/fpu\libc_nano.a(lib_a-sbrkr.o)
                0x0800a6a4                _sbrk_r
 .text.sprintf  0x0800a6c4       0x48 c:/program files (x86)/atollic/truestudio for stm32 9.3.0/armtools/bin/../lib/gcc/arm-atollic-eabi/6.3.1/../../../../arm-atollic-eabi/lib/armv7e-m/fpu\libc_nano.a(lib_a-sprintf.o)
                0x0800a6c4                siprintf
                0x0800a6c4                sprintf
 .text.strchr   0x0800a70c       0x1c c:/program files (x86)/atollic/truestudio for stm32 9.3.0/armtools/bin/../lib/gcc/arm-atollic-eabi/6.3.1/../../../../arm-atollic-eabi/lib/armv7e-m/fpu\libc_nano.a(lib_a-strchr.o)
                0x0800a70c                strchr
 .text.strncmp  0x0800a728       0x24 c:/program files (x86)/atollic/truestudio for stm32 9.3.0/armtools/bin/../lib/gcc/arm-atollic-eabi/6.3.1/../../../../arm-atollic-eabi/lib/armv7e-m/fpu\libc_nano.a(lib_a-strncmp.o)
                0x0800a728                strncmp
 .text.strstr   0x0800a74c       0x36 c:/program files (x86)/atollic/truestudio for stm32 9.3.0/armtools/bin/../lib/gcc/arm-atollic-eabi/6.3.1/../../../../arm-atollic-eabi/lib/armv7e-m/fpu\libc_nano.a(lib_a-strstr.o)
                0x0800a74c                strstr
 .text._strtol_l.isra.0
                0x0800a782      0x100 c:/program files (x86)/atollic/truestudio for stm32 9.3.0/armtools/bin/../lib/gcc/arm-atollic-eabi/6.3.1/../../../../arm-atollic-eabi/lib/armv7e-m/fpu\libc_nano.a(lib_a-strtol.o)
 *fill*         0x0800a882        0x2 
 .text.strtol   0x0800a884       0x2c c:/program files (x86)/atollic/truestudio for stm32 9.3.0/armtools/bin/../lib/gcc/arm-atollic-eabi/6.3.1/../../../../arm-atollic-eabi/lib/armv7e-m/fpu\libc_nano.a(lib_a-strtol.o)
                0x0800a884                strtol
 .text._cleanup_r
                0x0800a8b0        0xc c:/program files (x86)/atollic/truestudio for stm32 9.3.0/armtools/bin/../lib/gcc/arm-atollic-eabi/6.3.1/../../../../arm-atollic-eabi/lib/armv7e-m/fpu\libc_nano.a(lib_a-findfp.o)
                0x0800a8b0                _cleanup_r
 .text.std.isra.0
                0x0800a8bc       0x48 c:/program files (x86)/atollic/truestudio for stm32 9.3.0/armtools/bin/../lib/gcc/arm-atollic-eabi/6.3.1/../../../../arm-atollic-eabi/lib/armv7e-m/fpu\libc_nano.a(lib_a-findfp.o)
 .text.__sfmoreglue
                0x0800a904       0x2c c:/program files (x86)/atollic/truestudio for stm32 9.3.0/armtools/bin/../lib/gcc/arm-atollic-eabi/6.3.1/../../../../arm-atollic-eabi/lib/armv7e-m/fpu\libc_nano.a(lib_a-findfp.o)
                0x0800a904                __sfmoreglue
 .text.__sinit  0x0800a930       0x60 c:/program files (x86)/atollic/truestudio for stm32 9.3.0/armtools/bin/../lib/gcc/arm-atollic-eabi/6.3.1/../../../../arm-atollic-eabi/lib/armv7e-m/fpu\libc_nano.a(lib_a-findfp.o)
                0x0800a930                __sinit
 .text.__sfp    0x0800a990       0x78 c:/program files (x86)/atollic/truestudio for stm32 9.3.0/armtools/bin/../lib/gcc/arm-atollic-eabi/6.3.1/../../../../arm-atollic-eabi/lib/armv7e-m/fpu\libc_nano.a(lib_a-findfp.o)
                0x0800a990                __sfp
 .text._fwalk_reent
                0x0800aa08       0x3c c:/program files (x86)/atollic/truestudio for stm32 9.3.0/armtools/bin/../lib/gcc/arm-atollic-eabi/6.3.1/../../../../arm-atollic-eabi/lib/armv7e-m/fpu\libc_nano.a(lib_a-fwalk.o)
                0x0800aa08                _fwalk_reent
 .text.__locale_ctype_ptr_l
                0x0800aa44        0x6 c:/program files (x86)/atollic/truestudio for stm32 9.3.0/armtools/bin/../lib/gcc/arm-atollic-eabi/6.3.1/../../../../arm-atollic-eabi/lib/armv7e-m/fpu\libc_nano.a(lib_a-locale.o)
                0x0800aa44                __locale_ctype_ptr_l
 .text.__ascii_mbtowc
                0x0800aa4a       0x24 c:/program files (x86)/atollic/truestudio for stm32 9.3.0/armtools/bin/../lib/gcc/arm-atollic-eabi/6.3.1/../../../../arm-atollic-eabi/lib/armv7e-m/fpu\libc_nano.a(lib_a-mbtowc_r.o)
                0x0800aa4a                __ascii_mbtowc
 .text.__malloc_lock
                0x0800aa6e        0x2 c:/program files (x86)/atollic/truestudio for stm32 9.3.0/armtools/bin/../lib/gcc/arm-atollic-eabi/6.3.1/../../../../arm-atollic-eabi/lib/armv7e-m/fpu\libc_nano.a(lib_a-mlock.o)
                0x0800aa6e                __malloc_lock
 .text.__malloc_unlock
                0x0800aa70        0x2 c:/program files (x86)/atollic/truestudio for stm32 9.3.0/armtools/bin/../lib/gcc/arm-atollic-eabi/6.3.1/../../../../arm-atollic-eabi/lib/armv7e-m/fpu\libc_nano.a(lib_a-mlock.o)
                0x0800aa70                __malloc_unlock
 .text.__ssputs_r
                0x0800aa72       0xb6 c:/program files (x86)/atollic/truestudio for stm32 9.3.0/armtools/bin/../lib/gcc/arm-atollic-eabi/6.3.1/../../../../arm-atollic-eabi/lib/armv7e-m/fpu\libc_nano.a(lib_a-nano-svfprintf.o)
                0x0800aa72                __ssputs_r
 .text._svfprintf_r
                0x0800ab28      0x1e8 c:/program files (x86)/atollic/truestudio for stm32 9.3.0/armtools/bin/../lib/gcc/arm-atollic-eabi/6.3.1/../../../../arm-atollic-eabi/lib/armv7e-m/fpu\libc_nano.a(lib_a-nano-svfprintf.o)
                0x0800ab28                _svfiprintf_r
                0x0800ab28                _svfprintf_r
 .text.__sfputc_r
                0x0800ad10       0x30 c:/program files (x86)/atollic/truestudio for stm32 9.3.0/armtools/bin/../lib/gcc/arm-atollic-eabi/6.3.1/../../../../arm-atollic-eabi/lib/armv7e-m/fpu\libc_nano.a(lib_a-nano-vfprintf.o)
 .text.__sfputs_r
                0x0800ad40       0x24 c:/program files (x86)/atollic/truestudio for stm32 9.3.0/armtools/bin/../lib/gcc/arm-atollic-eabi/6.3.1/../../../../arm-atollic-eabi/lib/armv7e-m/fpu\libc_nano.a(lib_a-nano-vfprintf.o)
                0x0800ad40                __sfputs_r
 .text._vfprintf_r
                0x0800ad64      0x22c c:/program files (x86)/atollic/truestudio for stm32 9.3.0/armtools/bin/../lib/gcc/arm-atollic-eabi/6.3.1/../../../../arm-atollic-eabi/lib/armv7e-m/fpu\libc_nano.a(lib_a-nano-vfprintf.o)
                0x0800ad64                _vfprintf_r
                0x0800ad64                _vfiprintf_r
 .text._printf_common
                0x0800af90       0xec c:/program files (x86)/atollic/truestudio for stm32 9.3.0/armtools/bin/../lib/gcc/arm-atollic-eabi/6.3.1/../../../../arm-atollic-eabi/lib/armv7e-m/fpu\libc_nano.a(lib_a-nano-vfprintf_i.o)
                0x0800af90                _printf_common
 .text._printf_i
                0x0800b07c      0x240 c:/program files (x86)/atollic/truestudio for stm32 9.3.0/armtools/bin/../lib/gcc/arm-atollic-eabi/6.3.1/../../../../arm-atollic-eabi/lib/armv7e-m/fpu\libc_nano.a(lib_a-nano-vfprintf_i.o)
                0x0800b07c                _printf_i
 .text.__sread  0x0800b2bc       0x22 c:/program files (x86)/atollic/truestudio for stm32 9.3.0/armtools/bin/../lib/gcc/arm-atollic-eabi/6.3.1/../../../../arm-atollic-eabi/lib/armv7e-m/fpu\libc_nano.a(lib_a-stdio.o)
                0x0800b2bc                __sread
 .text.__swrite
                0x0800b2de       0x38 c:/program files (x86)/atollic/truestudio for stm32 9.3.0/armtools/bin/../lib/gcc/arm-atollic-eabi/6.3.1/../../../../arm-atollic-eabi/lib/armv7e-m/fpu\libc_nano.a(lib_a-stdio.o)
                0x0800b2de                __swrite
 .text.__sseek  0x0800b316       0x24 c:/program files (x86)/atollic/truestudio for stm32 9.3.0/armtools/bin/../lib/gcc/arm-atollic-eabi/6.3.1/../../../../arm-atollic-eabi/lib/armv7e-m/fpu\libc_nano.a(lib_a-stdio.o)
                0x0800b316                __sseek
 .text.__sclose
                0x0800b33a        0x8 c:/program files (x86)/atollic/truestudio for stm32 9.3.0/armtools/bin/../lib/gcc/arm-atollic-eabi/6.3.1/../../../../arm-atollic-eabi/lib/armv7e-m/fpu\libc_nano.a(lib_a-stdio.o)
                0x0800b33a                __sclose
 *fill*         0x0800b342        0x2 
 .text.__swbuf_r
                0x0800b344       0xa4 c:/program files (x86)/atollic/truestudio for stm32 9.3.0/armtools/bin/../lib/gcc/arm-atollic-eabi/6.3.1/../../../../arm-atollic-eabi/lib/armv7e-m/fpu\libc_nano.a(lib_a-wbuf.o)
                0x0800b344                __swbuf_r
 .text.__ascii_wctomb
                0x0800b3e8       0x1a c:/program files (x86)/atollic/truestudio for stm32 9.3.0/armtools/bin/../lib/gcc/arm-atollic-eabi/6.3.1/../../../../arm-atollic-eabi/lib/armv7e-m/fpu\libc_nano.a(lib_a-wctomb_r.o)
                0x0800b3e8                __ascii_wctomb
 *fill*         0x0800b402        0x2 
 .text._write_r
                0x0800b404       0x24 c:/program files (x86)/atollic/truestudio for stm32 9.3.0/armtools/bin/../lib/gcc/arm-atollic-eabi/6.3.1/../../../../arm-atollic-eabi/lib/armv7e-m/fpu\libc_nano.a(lib_a-writer.o)
                0x0800b404                _write_r
 .text.__swsetup_r
                0x0800b428       0xdc c:/program files (x86)/atollic/truestudio for stm32 9.3.0/armtools/bin/../lib/gcc/arm-atollic-eabi/6.3.1/../../../../arm-atollic-eabi/lib/armv7e-m/fpu\libc_nano.a(lib_a-wsetup.o)
                0x0800b428                __swsetup_r
 .text._close_r
                0x0800b504       0x20 c:/program files (x86)/atollic/truestudio for stm32 9.3.0/armtools/bin/../lib/gcc/arm-atollic-eabi/6.3.1/../../../../arm-atollic-eabi/lib/armv7e-m/fpu\libc_nano.a(lib_a-closer.o)
                0x0800b504                _close_r
 .text.__sflush_r
                0x0800b524      0x110 c:/program files (x86)/atollic/truestudio for stm32 9.3.0/armtools/bin/../lib/gcc/arm-atollic-eabi/6.3.1/../../../../arm-atollic-eabi/lib/armv7e-m/fpu\libc_nano.a(lib_a-fflush.o)
                0x0800b524                __sflush_r
 .text._fflush_r
                0x0800b634       0x54 c:/program files (x86)/atollic/truestudio for stm32 9.3.0/armtools/bin/../lib/gcc/arm-atollic-eabi/6.3.1/../../../../arm-atollic-eabi/lib/armv7e-m/fpu\libc_nano.a(lib_a-fflush.o)
                0x0800b634                _fflush_r
 .text._lseek_r
                0x0800b688       0x24 c:/program files (x86)/atollic/truestudio for stm32 9.3.0/armtools/bin/../lib/gcc/arm-atollic-eabi/6.3.1/../../../../arm-atollic-eabi/lib/armv7e-m/fpu\libc_nano.a(lib_a-lseekr.o)
                0x0800b688                _lseek_r
 .text.__swhatbuf_r
                0x0800b6ac       0x48 c:/program files (x86)/atollic/truestudio for stm32 9.3.0/armtools/bin/../lib/gcc/arm-atollic-eabi/6.3.1/../../../../arm-atollic-eabi/lib/armv7e-m/fpu\libc_nano.a(lib_a-makebuf.o)
                0x0800b6ac                __swhatbuf_r
 .text.__smakebuf_r
                0x0800b6f4       0x80 c:/program files (x86)/atollic/truestudio for stm32 9.3.0/armtools/bin/../lib/gcc/arm-atollic-eabi/6.3.1/../../../../arm-atollic-eabi/lib/armv7e-m/fpu\libc_nano.a(lib_a-makebuf.o)
                0x0800b6f4                __smakebuf_r
 .text.memmove  0x0800b774       0x34 c:/program files (x86)/atollic/truestudio for stm32 9.3.0/armtools/bin/../lib/gcc/arm-atollic-eabi/6.3.1/../../../../arm-atollic-eabi/lib/armv7e-m/fpu\libc_nano.a(lib_a-memmove.o)
                0x0800b774                memmove
 .text._realloc_r
                0x0800b7a8       0x4c c:/program files (x86)/atollic/truestudio for stm32 9.3.0/armtools/bin/../lib/gcc/arm-atollic-eabi/6.3.1/../../../../arm-atollic-eabi/lib/armv7e-m/fpu\libc_nano.a(lib_a-nano-reallocr.o)
                0x0800b7a8                _realloc_r
 .text._read_r  0x0800b7f4       0x24 c:/program files (x86)/atollic/truestudio for stm32 9.3.0/armtools/bin/../lib/gcc/arm-atollic-eabi/6.3.1/../../../../arm-atollic-eabi/lib/armv7e-m/fpu\libc_nano.a(lib_a-readr.o)
                0x0800b7f4                _read_r
 .text._fstat_r
                0x0800b818       0x24 c:/program files (x86)/atollic/truestudio for stm32 9.3.0/armtools/bin/../lib/gcc/arm-atollic-eabi/6.3.1/../../../../arm-atollic-eabi/lib/armv7e-m/fpu\libc_nano.a(lib_a-fstatr.o)
                0x0800b818                _fstat_r
 .text._isatty_r
                0x0800b83c       0x20 c:/program files (x86)/atollic/truestudio for stm32 9.3.0/armtools/bin/../lib/gcc/arm-atollic-eabi/6.3.1/../../../../arm-atollic-eabi/lib/armv7e-m/fpu\libc_nano.a(lib_a-isattyr.o)
                0x0800b83c                _isatty_r
 .text._malloc_usable_size_r
                0x0800b85c       0x12 c:/program files (x86)/atollic/truestudio for stm32 9.3.0/armtools/bin/../lib/gcc/arm-atollic-eabi/6.3.1/../../../../arm-atollic-eabi/lib/armv7e-m/fpu\libc_nano.a(lib_a-nano-msizer.o)
                0x0800b85c                _malloc_usable_size_r
 *(.glue_7)
 .glue_7        0x0800b86e        0x0 linker stubs
 *(.glue_7t)
 .glue_7t       0x0800b86e        0x0 linker stubs
 *(.eh_frame)
 *fill*         0x0800b86e        0x2 
 .eh_frame      0x0800b870        0x0 c:/program files (x86)/atollic/truestudio for stm32 9.3.0/armtools/bin/../lib/gcc/arm-atollic-eabi/6.3.1/armv7e-m/fpu/crtbegin.o
 *(.init)
 .init          0x0800b870        0x4 c:/program files (x86)/atollic/truestudio for stm32 9.3.0/armtools/bin/../lib/gcc/arm-atollic-eabi/6.3.1/armv7e-m/fpu/crti.o
                0x0800b870                _init
 .init          0x0800b874        0x8 c:/program files (x86)/atollic/truestudio for stm32 9.3.0/armtools/bin/../lib/gcc/arm-atollic-eabi/6.3.1/armv7e-m/fpu/crtn.o
 *(.fini)
 .fini          0x0800b87c        0x4 c:/program files (x86)/atollic/truestudio for stm32 9.3.0/armtools/bin/../lib/gcc/arm-atollic-eabi/6.3.1/armv7e-m/fpu/crti.o
                0x0800b87c                _fini
 .fini          0x0800b880        0x8 c:/program files (x86)/atollic/truestudio for stm32 9.3.0/armtools/bin/../lib/gcc/arm-atollic-eabi/6.3.1/armv7e-m/fpu/crtn.o
                0x0800b888                . = ALIGN (0x4)
                0x0800b888                _etext = .

.vfp11_veneer   0x0800b888        0x0
 .vfp11_veneer  0x0800b888        0x0 linker stubs

.v4_bx          0x0800b888        0x0
 .v4_bx         0x0800b888        0x0 linker stubs

.iplt           0x0800b888        0x0
 .iplt          0x0800b888        0x0 c:/program files (x86)/atollic/truestudio for stm32 9.3.0/armtools/bin/../lib/gcc/arm-atollic-eabi/6.3.1/armv7e-m/fpu/crtbegin.o

.rodata         0x0800b888     0x1f0c
                0x0800b888                . = ALIGN (0x4)
 *(.rodata)
 .rodata        0x0800b888        0x4 Middlewares\Third_Party\LwIP\src\apps\httpd\httpd.o
 *(.rodata*)
 .rodata.str1.1
                0x0800b88c        0x4 Middlewares\ST\STM32_USB_Host_Library\Class\CDC\Src\usbh_cdc.o
 .rodata.fs_open_custom.str1.1
                0x0800b890       0x18 Middlewares\Third_Party\LwIP\src\apps\httpd\fs.o
 .rodata.g_psDefaultFilenames
                0x0800b8a8       0x28 Middlewares\Third_Party\LwIP\src\apps\httpd\httpd.o
                0x0800b8a8                g_psDefaultFilenames
 .rodata.g_psHTTPHeaders
                0x0800b8d0       0xa0 Middlewares\Third_Party\LwIP\src\apps\httpd\httpd.o
 .rodata.http_check_eof.str1.1
                0x0800b970       0x37 Middlewares\Third_Party\LwIP\src\apps\httpd\httpd.o
 .rodata.http_get_404_file.str1.1
                0x0800b9a7       0x1e Middlewares\Third_Party\LwIP\src\apps\httpd\httpd.o
 .rodata.http_recv.str1.1
                0x0800b9c5      0x182 Middlewares\Third_Party\LwIP\src\apps\httpd\httpd.o
                                0x18c (size before relaxing)
 .rodata.http_write.str1.1
                0x0800bb47       0x6e Middlewares\Third_Party\LwIP\src\apps\httpd\httpd.o
 .rodata.httpd_init.str1.1
                0x0800bbb5       0x55 Middlewares\Third_Party\LwIP\src\apps\httpd\httpd.o
 .rodata.str1.1
                0x0800bc0a      0x244 Middlewares\Third_Party\LwIP\src\apps\httpd\httpd.o
                                0x267 (size before relaxing)
 .rodata.lwip_itoa.str1.1
                0x0800be4e       0x48 Middlewares\Third_Party\LwIP\src\core\def.o
 .rodata.etharp_find_entry.isra.0.str1.1
                0x0800be96       0x40 Middlewares\Third_Party\LwIP\src\core\ipv4\etharp.o
 .rodata.etharp_get_entry.str1.1
                0x0800bed6       0x1f Middlewares\Third_Party\LwIP\src\core\ipv4\etharp.o
 .rodata.etharp_input.str1.1
                0x0800bef5       0x24 Middlewares\Third_Party\LwIP\src\core\ipv4\etharp.o
 .rodata.etharp_output.str1.1
                0x0800bf19       0x24 Middlewares\Third_Party\LwIP\src\core\ipv4\etharp.o
                                  0xa (size before relaxing)
 .rodata.etharp_output_to_arp_index.str1.1
                0x0800bf19       0x30 Middlewares\Third_Party\LwIP\src\core\ipv4\etharp.o
 .rodata.etharp_query.str1.1
                0x0800bf49       0x42 Middlewares\Third_Party\LwIP\src\core\ipv4\etharp.o
 .rodata.etharp_raw.str1.1
                0x0800bf8b       0xb7 Middlewares\Third_Party\LwIP\src\core\ipv4\etharp.o
                                 0xdf (size before relaxing)
 .rodata.icmp_input.str1.1
                0x0800c042       0x67 Middlewares\Third_Party\LwIP\src\core\ipv4\icmp.o
 .rodata.icmp_send_response.isra.0.str1.1
                0x0800c0a9       0x61 Middlewares\Third_Party\LwIP\src\core\ipv4\icmp.o
                                 0x89 (size before relaxing)
 .rodata.ip4_output_if_src.str1.1
                0x0800c10a       0x6d Middlewares\Third_Party\LwIP\src\core\ipv4\ip4.o
                                 0x95 (size before relaxing)
 *fill*         0x0800c177        0x1 
 .rodata.ip_addr_any
                0x0800c178        0x4 Middlewares\Third_Party\LwIP\src\core\ipv4\ip4_addr.o
                0x0800c178                ip_addr_any
 .rodata.ip4_frag.str1.1
                0x0800c17c       0x61 Middlewares\Third_Party\LwIP\src\core\ipv4\ip4_frag.o
 .rodata.ip4_reass.str1.1
                0x0800c1dd       0x84 Middlewares\Third_Party\LwIP\src\core\ipv4\ip4_frag.o
 .rodata.ip_frag_free_pbuf_custom_ref.str1.1
                0x0800c261       0x84 Middlewares\Third_Party\LwIP\src\core\ipv4\ip4_frag.o
                                  0xa (size before relaxing)
 .rodata.ip_reass_dequeue_datagram.str1.1
                0x0800c261       0x52 Middlewares\Third_Party\LwIP\src\core\ipv4\ip4_frag.o
                                 0x7a (size before relaxing)
 .rodata.ip_reass_free_complete_datagram.str1.1
                0x0800c2b3       0x56 Middlewares\Third_Party\LwIP\src\core\ipv4\ip4_frag.o
 .rodata.ipfrag_free_pbuf_custom.str1.1
                0x0800c309        0xc Middlewares\Third_Party\LwIP\src\core\ipv4\ip4_frag.o
 .rodata.mem_free.str1.1
                0x0800c315       0xf1 Middlewares\Third_Party\LwIP\src\core\mem.o
                                0x119 (size before relaxing)
 .rodata.mem_malloc.str1.1
                0x0800c406       0x9b Middlewares\Third_Party\LwIP\src\core\mem.o
 .rodata.mem_trim.str1.1
                0x0800c4a1       0x37 Middlewares\Third_Party\LwIP\src\core\mem.o
 .rodata.do_memp_free_pool.isra.1.str1.1
                0x0800c4d8       0x20 Middlewares\Third_Party\LwIP\src\core\memp.o
 .rodata.do_memp_malloc_pool.isra.0.str1.1
                0x0800c4f8       0x53 Middlewares\Third_Party\LwIP\src\core\memp.o
                                 0x7b (size before relaxing)
 *fill*         0x0800c54b        0x1 
 .rodata.memp_FRAG_PBUF
                0x0800c54c        0xc Middlewares\Third_Party\LwIP\src\core\memp.o
                0x0800c54c                memp_FRAG_PBUF
 .rodata.memp_PBUF
                0x0800c558        0xc Middlewares\Third_Party\LwIP\src\core\memp.o
                0x0800c558                memp_PBUF
 .rodata.memp_PBUF_POOL
                0x0800c564        0xc Middlewares\Third_Party\LwIP\src\core\memp.o
                0x0800c564                memp_PBUF_POOL
 .rodata.memp_REASSDATA
                0x0800c570        0xc Middlewares\Third_Party\LwIP\src\core\memp.o
                0x0800c570                memp_REASSDATA
 .rodata.memp_SYS_TIMEOUT
                0x0800c57c        0xc Middlewares\Third_Party\LwIP\src\core\memp.o
                0x0800c57c                memp_SYS_TIMEOUT
 .rodata.memp_TCP_PCB
                0x0800c588        0xc Middlewares\Third_Party\LwIP\src\core\memp.o
                0x0800c588                memp_TCP_PCB
 .rodata.memp_TCP_PCB_LISTEN
                0x0800c594        0xc Middlewares\Third_Party\LwIP\src\core\memp.o
                0x0800c594                memp_TCP_PCB_LISTEN
 .rodata.memp_TCP_SEG
                0x0800c5a0        0xc Middlewares\Third_Party\LwIP\src\core\memp.o
                0x0800c5a0                memp_TCP_SEG
 .rodata.memp_UDP_PCB
                0x0800c5ac        0xc Middlewares\Third_Party\LwIP\src\core\memp.o
                0x0800c5ac                memp_UDP_PCB
 .rodata.memp_free.str1.1
                0x0800c5b8       0x1b Middlewares\Third_Party\LwIP\src\core\memp.o
 .rodata.memp_malloc.str1.1
                0x0800c5d3       0x1d Middlewares\Third_Party\LwIP\src\core\memp.o
 .rodata.memp_pools
                0x0800c5f0       0x24 Middlewares\Third_Party\LwIP\src\core\memp.o
                0x0800c5f0                memp_pools
 .rodata.netif_add.str1.1
                0x0800c614       0x48 Middlewares\Third_Party\LwIP\src\core\netif.o
                                 0x70 (size before relaxing)
 .rodata.pbuf_alloc.str1.1
                0x0800c65c       0xa8 Middlewares\Third_Party\LwIP\src\core\pbuf.o
 .rodata.pbuf_alloced_custom.str1.1
                0x0800c704       0x24 Middlewares\Third_Party\LwIP\src\core\pbuf.o
 .rodata.pbuf_cat.str1.1
                0x0800c728       0x72 Middlewares\Third_Party\LwIP\src\core\pbuf.o
 .rodata.pbuf_copy.str1.1
                0x0800c79a       0x99 Middlewares\Third_Party\LwIP\src\core\pbuf.o
 .rodata.pbuf_copy_partial.str1.1
                0x0800c833       0x42 Middlewares\Third_Party\LwIP\src\core\pbuf.o
 .rodata.pbuf_free.str1.1
                0x0800c875       0x4c Middlewares\Third_Party\LwIP\src\core\pbuf.o
 .rodata.pbuf_header_impl.str1.1
                0x0800c8c1       0x5c Middlewares\Third_Party\LwIP\src\core\pbuf.o
                                 0x8e (size before relaxing)
 .rodata.pbuf_realloc.str1.1
                0x0800c91d       0x78 Middlewares\Third_Party\LwIP\src\core\pbuf.o
 .rodata.pbuf_ref.str1.1
                0x0800c995       0x12 Middlewares\Third_Party\LwIP\src\core\pbuf.o
 .rodata.tcp_abandon.str1.1
                0x0800c9a7       0x31 Middlewares\Third_Party\LwIP\src\core\tcp.o
 .rodata.tcp_backoff
                0x0800c9d8        0xd Middlewares\Third_Party\LwIP\src\core\tcp.o
 .rodata.tcp_bind.str1.1
                0x0800c9e5       0x28 Middlewares\Third_Party\LwIP\src\core\tcp.o
 .rodata.tcp_close_shutdown.str1.1
                0x0800ca0d       0x19 Middlewares\Third_Party\LwIP\src\core\tcp.o
 .rodata.tcp_close_shutdown_fin.str1.1
                0x0800ca26       0x3b Middlewares\Third_Party\LwIP\src\core\tcp.o
                                 0x63 (size before relaxing)
 .rodata.tcp_err.str1.1
                0x0800ca61       0x26 Middlewares\Third_Party\LwIP\src\core\tcp.o
 .rodata.tcp_kill_state.str1.1
                0x0800ca87        0xe Middlewares\Third_Party\LwIP\src\core\tcp.o
 .rodata.tcp_listen_with_backlog_and_err.str1.1
                0x0800ca95       0x22 Middlewares\Third_Party\LwIP\src\core\tcp.o
 *fill*         0x0800cab7        0x1 
 .rodata.tcp_pcb_lists
                0x0800cab8       0x10 Middlewares\Third_Party\LwIP\src\core\tcp.o
                0x0800cab8                tcp_pcb_lists
 .rodata.tcp_pcb_remove.str1.1
                0x0800cac8       0x48 Middlewares\Third_Party\LwIP\src\core\tcp.o
 .rodata.tcp_persist_backoff
                0x0800cb10        0x7 Middlewares\Third_Party\LwIP\src\core\tcp.o
 .rodata.tcp_poll.str1.1
                0x0800cb17       0x1e Middlewares\Third_Party\LwIP\src\core\tcp.o
 .rodata.tcp_recv.str1.1
                0x0800cb35       0x27 Middlewares\Third_Party\LwIP\src\core\tcp.o
 .rodata.tcp_recved.str1.1
                0x0800cb5c       0x47 Middlewares\Third_Party\LwIP\src\core\tcp.o
 .rodata.tcp_sent.str1.1
                0x0800cba3       0x27 Middlewares\Third_Party\LwIP\src\core\tcp.o
 .rodata.tcp_slowtmr.str1.1
                0x0800cbca      0x152 Middlewares\Third_Party\LwIP\src\core\tcp.o
 .rodata.tcp_update_rcv_ann_wnd.str1.1
                0x0800cd1c       0x1a Middlewares\Third_Party\LwIP\src\core\tcp.o
 .rodata.tcp_input.str1.1
                0x0800cd36      0x1b6 Middlewares\Third_Party\LwIP\src\core\tcp_in.o
 .rodata.tcp_receive.str1.1
                0x0800ceec      0x18b Middlewares\Third_Party\LwIP\src\core\tcp_in.o
                                0x1b3 (size before relaxing)
 .rodata.tcp_create_segment.str1.1
                0x0800d077       0x15 Middlewares\Third_Party\LwIP\src\core\tcp_out.o
 .rodata.tcp_enqueue_flags.str1.1
                0x0800d08c       0xf8 Middlewares\Third_Party\LwIP\src\core\tcp_out.o
 .rodata.tcp_output.str1.1
                0x0800d184       0x3d Middlewares\Third_Party\LwIP\src\core\tcp_out.o
 .rodata.tcp_output_alloc_header.constprop.0.str1.1
                0x0800d1c1       0x2e Middlewares\Third_Party\LwIP\src\core\tcp_out.o
 .rodata.tcp_pbuf_prealloc.str1.1
                0x0800d1ef       0x47 Middlewares\Third_Party\LwIP\src\core\tcp_out.o
                                 0x6f (size before relaxing)
 .rodata.tcp_write.str1.1
                0x0800d236      0x232 Middlewares\Third_Party\LwIP\src\core\tcp_out.o
 .rodata.lwip_cyclic_timers
                0x0800d468       0x18 Middlewares\Third_Party\LwIP\src\core\timeouts.o
                0x0800d468                lwip_cyclic_timers
 .rodata.sys_timeout.str1.1
                0x0800d480       0x71 Middlewares\Third_Party\LwIP\src\core\timeouts.o